Archive member included because of file (symbol)

contiki-z1.a(contiki-z1-plat)
                              obj_z1/contiki-z1-main.o (init_platform)
contiki-z1.a(msp430.o)        obj_z1/contiki-z1-main.o (splhigh_)
contiki-z1.a(leds.o)          obj_z1/contiki-z1-main.o (leds_init)
contiki-z1.a(watchdog.o)      obj_z1/contiki-z1-main.o (watchdog_start)
contiki-z1.a(xmem.o)          obj_z1/contiki-z1-main.o (xmem_init)
contiki-z1.a(spi.o)           contiki-z1.a(xmem.o) (spi_init)
contiki-z1.a(cc2420.o)        obj_z1/contiki-z1-main.o (cc2420_set_pan_addr)
contiki-z1.a(cc2420-arch.o)   contiki-z1.a(cc2420.o) (cc2420_arch_init)
contiki-z1.a(node-id.o)       obj_z1/contiki-z1-main.o (node_id_restore)
contiki-z1.a(sensors.o)       contiki-z1.a(contiki-z1-plat) (sensors_process)
contiki-z1.a(button-sensor.o)
                              cooja_client.co (button_sensor)
contiki-z1.a(uart0.o)         obj_z1/contiki-z1-main.o (uart0_active)
contiki-z1.a(uart0-putchar.o)
                              cooja_client.co (putchar)
contiki-z1.a(z1-sensors.o)    contiki-z1.a(sensors.o) (sensors_flags)
contiki-z1.a(adxl345.o)       cooja_client.co (adxl345)
contiki-z1.a(battery-sensor.)
                              cooja_client.co (battery_sensor)
contiki-z1.a(sky-sensors.o)   contiki-z1.a(battery-sensor.) (sky_sensors_status)
contiki-z1.a(tmp102.o)        cooja_client.co (tmp102)
contiki-z1.a(clock.o)         obj_z1/contiki-z1-main.o (clock_init)
contiki-z1.a(leds-arch.o)     contiki-z1.a(leds.o) (leds_arch_init)
contiki-z1.a(rtimer-arch.o)   obj_z1/contiki-z1-main.o (rtimer_arch_now)
contiki-z1.a(autostart.o)     obj_z1/contiki-z1-main.o (autostart_start)
contiki-z1.a(ctimer.o)        obj_z1/contiki-z1-main.o (ctimer_init)
contiki-z1.a(energest.o)      obj_z1/contiki-z1-main.o (energest_init)
contiki-z1.a(etimer.o)        contiki-z1.a(clock.o) (etimer_request_poll)
contiki-z1.a(process.o)       cooja_client.co (process_current)
contiki-z1.a(rtimer.o)        obj_z1/contiki-z1-main.o (rtimer_init)
contiki-z1.a(timer.o)         contiki-z1.a(button-sensor.o) (timer_set)
contiki-z1.a(list.o)          contiki-z1.a(ctimer.o) (list_init)
contiki-z1.a(random.o)        obj_z1/contiki-z1-main.o (random_init)
contiki-z1.a(sicslowpan.o)    obj_z1/contiki-z1-main.o (sicslowpan_driver)
contiki-z1.a(uip6.o)          contiki-z1.a(sicslowpan.o) (uip_aligned_buf)
contiki-z1.a(uip-ds6.o)       contiki-z1.a(uip6.o) (uip_ds6_is_addr_onlink)
contiki-z1.a(uip-ds6-nbr.o)   contiki-z1.a(uip-ds6.o) (uip_ds6_neighbors_init)
contiki-z1.a(uip-ds6-route.o)
                              contiki-z1.a(uip-ds6.o) (uip_ds6_route_init)
contiki-z1.a(uip-icmp6.o)     contiki-z1.a(uip6.o) (uip_icmp6_input)
contiki-z1.a(uip-nd6.o)       contiki-z1.a(uip6.o) (uip_nd6_init)
contiki-z1.a(tcpip.o)         contiki-z1.a(sicslowpan.o) (tcpip_set_outputfunc)
contiki-z1.a(uip-debug.o)     cooja_client.co (uip_debug_ipaddr_print)
contiki-z1.a(uip-udp-packet.)
                              cooja_client.co (uip_udp_packet_sendto)
contiki-z1.a(rpl.o)           contiki-z1.a(uip-ds6-nbr.o) (rpl_link_neighbor_callback)
contiki-z1.a(rpl-dag.o)       contiki-z1.a(rpl.o) (rpl_dag_init)
contiki-z1.a(rpl-ext-header.)
                              contiki-z1.a(uip6.o) (rpl_verify_hbh_header)
contiki-z1.a(rpl-icmp6.o)     contiki-z1.a(rpl-dag.o) (rpl_icmp6_update_nbr_table)
contiki-z1.a(rpl-mrhof.o)     contiki-z1.a(rpl-dag.o) (rpl_mrhof)
contiki-z1.a(rpl-timers.o)    contiki-z1.a(rpl.o) (rpl_reset_periodic_timer)
contiki-z1.a(linkaddr.o)      obj_z1/contiki-z1-main.o (linkaddr_copy)
contiki-z1.a(link-stats.o)    contiki-z1.a(rpl-dag.o) (link_stats_from_lladdr)
contiki-z1.a(nbr-table.o)     contiki-z1.a(uip-ds6-nbr.o) (nbr_table_register)
contiki-z1.a(packetbuf.o)     contiki-z1.a(cc2420.o) (packetbuf_set_datalen)
contiki-z1.a(queuebuf.o)      obj_z1/contiki-z1-main.o (queuebuf_init)
contiki-z1.a(csma.o)          obj_z1/contiki-z1-main.o (csma_driver)
contiki-z1.a(framer-802154.o)
                              contiki-z1.a(sicslowpan.o) (framer_802154)
contiki-z1.a(mac.o)           contiki-z1.a(csma.o) (mac_call_sent_callback)
contiki-z1.a(contikimac.o)    obj_z1/contiki-z1-main.o (contikimac_driver)
contiki-z1.a(nullsec.o)       contiki-z1.a(sicslowpan.o) (nullsec_driver)
contiki-z1.a(i2cmaster.o)     contiki-z1.a(adxl345.o) (i2c_receiveinit)
contiki-z1.a(stimer.o)        contiki-z1.a(uip-ds6.o) (stimer_set)
contiki-z1.a(memb.o)          contiki-z1.a(uip-ds6-route.o) (memb_init)
contiki-z1.a(rpl-nbr-policy.)
                              contiki-z1.a(nbr-table.o) (rpl_nbr_policy_find_removable)
contiki-z1.a(frame802154.o)   contiki-z1.a(framer-802154.o) (frame802154_get_pan_id)
contiki-z1.a(mac-sequence.o)  contiki-z1.a(contikimac.o) (mac_sequence_is_duplicate)
/usr/lib/gcc/msp430/4.6.3/mcpu-430x/mmpy-16/libgcc.a(_mulsi3.o)
                              contiki-z1.a(rpl.o) (__mulsi3)
/usr/lib/gcc/msp430/4.6.3/mcpu-430x/mmpy-16/libgcc.a(_udivmod16.o)
[...]
Memory Configuration

Name             Origin             Length             Attributes
sfr              0x00000000         0x00000010
peripheral_8bit  0x00000010         0x000000f0
peripheral_16bit 0x00000100         0x00000100
ram_mirror       0x00000200         0x00000800         xw
infomem          0x00001000         0x00000100
infod            0x00001000         0x00000040
infoc            0x00001040         0x00000040
infob            0x00001080         0x00000040
infoa            0x000010c0         0x00000040
ram              0x00001100         0x00002000         xw
rom              0x00003100         0x0000cebe         xr
vectors          0x0000ffc0         0x00000040
far_rom          0x00010000         0x0000a000
bsl              0x00000000         0x00000000
ram2             0x00000000         0x00000000         xw
usbram           0x00000000         0x00000000         xw
*default*        0x00000000         0xffffffff

Linker script and memory map

LOAD /usr/lib/gcc/msp430/4.6.3/mcpu-430x/mmpy-16/crt0ivtbl32.o
                0x00000041                __P1SEL2 = 0x41
                0x00000045                __P5SEL2 = 0x45
LOAD cooja_client.co
LOAD obj_z1/contiki-z1-main.o
LOAD contiki-z1.a
LOAD /usr/lib/gcc/msp430/4.6.3/mcpu-430x/mmpy-16/libgcc.a
LOAD /usr/lib/gcc/msp430/4.6.3/../../../../msp430/lib/mcpu-430x/mmpy-16/libc.a
LOAD /usr/lib/gcc/msp430/4.6.3/mcpu-430x/mmpy-16/libgcc.a
LOAD /usr/lib/gcc/msp430/4.6.3/mcpu-430x/mmpy-16/libcrt0.a
                0x00000040                PROVIDE (__info_segment_size, 0x40)
                0x00001000                PROVIDE (__infod, 0x1000)
                0x00001040                PROVIDE (__infoc, 0x1040)
                0x00001080                PROVIDE (__infob, 0x1080)
                0x000010c0                PROVIDE (__infoa, 0x10c0)
                0x00000000                __IE1 = 0x0
                0x00000002                __IFG1 = 0x2
                0x00000001                __IE2 = 0x1
                0x00000003                __IFG2 = 0x3
                0x00000006                __UC1IE = 0x6
                0x00000007                __UC1IFG = 0x7
                0x000001a0                __ADC12CTL0 = 0x1a0
                0x000001a2                __ADC12CTL1 = 0x1a2
                0x000001a4                __ADC12IFG = 0x1a4
                0x000001a6                __ADC12IE = 0x1a6
                0x000001a8                __ADC12IV = 0x1a8
                0x00000140                __ADC12MEM0 = 0x140
                0x00000142                __ADC12MEM1 = 0x142
                0x00000144                __ADC12MEM2 = 0x144
                0x00000146                __ADC12MEM3 = 0x146
                0x00000148                __ADC12MEM4 = 0x148
                0x0000014a                __ADC12MEM5 = 0x14a
                0x0000014c                __ADC12MEM6 = 0x14c
                0x0000014e                __ADC12MEM7 = 0x14e
                0x00000150                __ADC12MEM8 = 0x150
                0x00000152                __ADC12MEM9 = 0x152
                0x00000154                __ADC12MEM10 = 0x154
                0x00000156                __ADC12MEM11 = 0x156
                0x00000158                __ADC12MEM12 = 0x158
                0x0000015a                __ADC12MEM13 = 0x15a
                0x0000015c                __ADC12MEM14 = 0x15c
                0x0000015e                __ADC12MEM15 = 0x15e
                0x00000080                __ADC12MCTL0 = 0x80
                0x00000081                __ADC12MCTL1 = 0x81
                0x00000082                __ADC12MCTL2 = 0x82
                0x00000083                __ADC12MCTL3 = 0x83
                0x00000084                __ADC12MCTL4 = 0x84
                0x00000085                __ADC12MCTL5 = 0x85
                0x00000086                __ADC12MCTL6 = 0x86
                0x00000087                __ADC12MCTL7 = 0x87
                0x00000088                __ADC12MCTL8 = 0x88
                0x00000089                __ADC12MCTL9 = 0x89
                0x0000008a                __ADC12MCTL10 = 0x8a
                0x0000008b                __ADC12MCTL11 = 0x8b
                0x0000008c                __ADC12MCTL12 = 0x8c
                0x0000008d                __ADC12MCTL13 = 0x8d
                0x0000008e                __ADC12MCTL14 = 0x8e
                0x0000008f                __ADC12MCTL15 = 0x8f
                0x00000056                __DCOCTL = 0x56
                0x00000057                __BCSCTL1 = 0x57
                0x00000058                __BCSCTL2 = 0x58
                0x00000053                __BCSCTL3 = 0x53
                0x00000059                __CACTL1 = 0x59
                0x0000005a                __CACTL2 = 0x5a
                0x0000005b                __CAPD = 0x5b
                0x000001c0                __DAC12_0CTL = 0x1c0
                0x000001c2                __DAC12_1CTL = 0x1c2
                0x000001c8                __DAC12_0DAT = 0x1c8
                0x000001ca                __DAC12_1DAT = 0x1ca
                0x00000122                __DMACTL0 = 0x122
                0x00000124                __DMACTL1 = 0x124
                0x00000126                __DMAIV = 0x126
                0x000001d0                __DMA0CTL = 0x1d0
                0x000001dc                __DMA1CTL = 0x1dc
                0x000001e8                __DMA2CTL = 0x1e8
                0x000001d2                __DMA0SA = 0x1d2
                0x000001d2                __DMA0SAL = 0x1d2
                0x000001d6                __DMA0DA = 0x1d6
                0x000001d6                __DMA0DAL = 0x1d6
                0x000001da                __DMA0SZ = 0x1da
                0x000001de                __DMA1SA = 0x1de
                0x000001de                __DMA1SAL = 0x1de
                0x000001e2                __DMA1DA = 0x1e2
                0x000001e2                __DMA1DAL = 0x1e2
                0x000001e6                __DMA1SZ = 0x1e6
                0x000001ea                __DMA2SA = 0x1ea
                0x000001ea                __DMA2SAL = 0x1ea
                0x000001ee                __DMA2DA = 0x1ee
                0x000001ee                __DMA2DAL = 0x1ee
                0x000001f2                __DMA2SZ = 0x1f2
                0x00000128                __FCTL1 = 0x128
                0x0000012a                __FCTL2 = 0x12a
                0x0000012c                __FCTL3 = 0x12c
                0x000001be                __FCTL4 = 0x1be
                0x00000130                __MPY = 0x130
                0x00000132                __MPYS = 0x132
                0x00000134                __MAC = 0x134
                0x00000136                __MACS = 0x136
                0x00000138                __OP2 = 0x138
                0x0000013a                __RESLO = 0x13a
                0x0000013c                __RESHI = 0x13c
                0x0000013e                __SUMEXT = 0x13e
                0x00000020                __P1IN = 0x20
                0x00000021                __P1OUT = 0x21
                0x00000022                __P1DIR = 0x22
                0x00000023                __P1IFG = 0x23
                0x00000024                __P1IES = 0x24
                0x00000025                __P1IE = 0x25
                0x00000026                __P1SEL = 0x26
                0x00000027                __P1REN = 0x27
                0x00000028                __P2IN = 0x28
                0x00000029                __P2OUT = 0x29
                0x0000002a                __P2DIR = 0x2a
                0x0000002b                __P2IFG = 0x2b
                0x0000002c                __P2IES = 0x2c
                0x0000002d                __P2IE = 0x2d
                0x0000002e                __P2SEL = 0x2e
                0x0000002f                __P2REN = 0x2f
                0x00000018                __P3IN = 0x18
                0x00000019                __P3OUT = 0x19
                0x0000001a                __P3DIR = 0x1a
                0x0000001b                __P3SEL = 0x1b
                0x00000010                __P3REN = 0x10
                0x0000001c                __P4IN = 0x1c
                0x0000001d                __P4OUT = 0x1d
                0x0000001e                __P4DIR = 0x1e
                0x0000001f                __P4SEL = 0x1f
                0x00000011                __P4REN = 0x11
                0x00000030                __P5IN = 0x30
                0x00000031                __P5OUT = 0x31
                0x00000032                __P5DIR = 0x32
                0x00000033                __P5SEL = 0x33
                0x00000012                __P5REN = 0x12
                0x00000034                __P6IN = 0x34
                0x00000035                __P6OUT = 0x35
                0x00000036                __P6DIR = 0x36
                0x00000037                __P6SEL = 0x37
                0x00000013                __P6REN = 0x13
                0x00000038                __P7IN = 0x38
                0x0000003a                __P7OUT = 0x3a
                0x0000003c                __P7DIR = 0x3c
                0x0000003e                __P7SEL = 0x3e
                0x00000014                __P7REN = 0x14
                0x00000039                __P8IN = 0x39
                0x0000003b                __P8OUT = 0x3b
                0x0000003d                __P8DIR = 0x3d
                0x0000003f                __P8SEL = 0x3f
                0x00000015                __P8REN = 0x15
                0x00000038                __PAIN = 0x38
                0x0000003a                __PAOUT = 0x3a
                0x0000003c                __PADIR = 0x3c
                0x0000003e                __PASEL = 0x3e
                0x00000014                __PAREN = 0x14
                0x00000055                __SVSCTL = 0x55
                0x0000012e                __TAIV = 0x12e
                0x00000160                __TACTL = 0x160
                0x00000162                __TACCTL0 = 0x162
                0x00000164                __TACCTL1 = 0x164
                0x00000166                __TACCTL2 = 0x166
                0x00000170                __TAR = 0x170
                0x00000172                __TACCR0 = 0x172
                0x00000174                __TACCR1 = 0x174
                0x00000176                __TACCR2 = 0x176
                0x0000011e                __TBIV = 0x11e
                0x00000180                __TBCTL = 0x180
                0x00000182                __TBCCTL0 = 0x182
                0x00000184                __TBCCTL1 = 0x184
                0x00000186                __TBCCTL2 = 0x186
                0x00000188                __TBCCTL3 = 0x188
                0x0000018a                __TBCCTL4 = 0x18a
                0x0000018c                __TBCCTL5 = 0x18c
                0x0000018e                __TBCCTL6 = 0x18e
                0x00000190                __TBR = 0x190
                0x00000192                __TBCCR0 = 0x192
                0x00000194                __TBCCR1 = 0x194
                0x00000196                __TBCCR2 = 0x196
                0x00000198                __TBCCR3 = 0x198
                0x0000019a                __TBCCR4 = 0x19a
                0x0000019c                __TBCCR5 = 0x19c
                0x0000019e                __TBCCR6 = 0x19e
                0x00000060                __UCA0CTL0 = 0x60
                0x00000061                __UCA0CTL1 = 0x61
                0x00000062                __UCA0BR0 = 0x62
                0x00000063                __UCA0BR1 = 0x63
                0x00000064                __UCA0MCTL = 0x64
                0x00000065                __UCA0STAT = 0x65
                0x00000066                __UCA0RXBUF = 0x66
                0x00000067                __UCA0TXBUF = 0x67
                0x0000005d                __UCA0ABCTL = 0x5d
                0x0000005e                __UCA0IRTCTL = 0x5e
                0x0000005f                __UCA0IRRCTL = 0x5f
                0x00000068                __UCB0CTL0 = 0x68
                0x00000069                __UCB0CTL1 = 0x69
                0x0000006a                __UCB0BR0 = 0x6a
                0x0000006b                __UCB0BR1 = 0x6b
                0x0000006c                __UCB0I2CIE = 0x6c
                0x0000006d                __UCB0STAT = 0x6d
                0x0000006e                __UCB0RXBUF = 0x6e
                0x0000006f                __UCB0TXBUF = 0x6f
                0x00000118                __UCB0I2COA = 0x118
                0x0000011a                __UCB0I2CSA = 0x11a
                0x000000d0                __UCA1CTL0 = 0xd0
                0x000000d1                __UCA1CTL1 = 0xd1
                0x000000d2                __UCA1BR0 = 0xd2
                0x000000d3                __UCA1BR1 = 0xd3
                0x000000d4                __UCA1MCTL = 0xd4
                0x000000d5                __UCA1STAT = 0xd5
                0x000000d6                __UCA1RXBUF = 0xd6
                0x000000d7                __UCA1TXBUF = 0xd7
                0x000000cd                __UCA1ABCTL = 0xcd
                0x000000ce                __UCA1IRTCTL = 0xce
                0x000000cf                __UCA1IRRCTL = 0xcf
                0x000000d8                __UCB1CTL0 = 0xd8
                0x000000d9                __UCB1CTL1 = 0xd9
                0x000000da                __UCB1BR0 = 0xda
                0x000000db                __UCB1BR1 = 0xdb
                0x000000dc                __UCB1I2CIE = 0xdc
                0x000000dd                __UCB1STAT = 0xdd
                0x000000de                __UCB1RXBUF = 0xde
                0x000000df                __UCB1TXBUF = 0xdf
                0x0000017c                __UCB1I2COA = 0x17c
                0x0000017e                __UCB1I2CSA = 0x17e
                0x00000120                __WDTCTL = 0x120
                0x000010c0                __TLV_CHECKSUM = 0x10c0
                0x000010f6                __TLV_DCO_30_TAG = 0x10f6
                0x000010f7                __TLV_DCO_30_LEN = 0x10f7
                0x000010da                __TLV_ADC12_1_TAG = 0x10da
                0x000010db                __TLV_ADC12_1_LEN = 0x10db
                0x000010f8                __CALDCO_16MHZ = 0x10f8
                0x000010f9                __CALBC1_16MHZ = 0x10f9
                0x000010fa                __CALDCO_12MHZ = 0x10fa
                0x000010fb                __CALBC1_12MHZ = 0x10fb
                0x000010fc                __CALDCO_8MHZ = 0x10fc
                0x000010fd                __CALBC1_8MHZ = 0x10fd
                0x000010fe                __CALDCO_1MHZ = 0x10fe
                0x000010ff                __CALBC1_1MHZ = 0x10ff

.hash
 *(.hash)

.dynsym
 *(.dynsym)

.dynstr
 *(.dynstr)

.gnu.version
 *(.gnu.version)

.gnu.version_d
 *(.gnu.version_d)

.gnu.version_r
 *(.gnu.version_r)

.rel.init
 *(.rel.init)

.rela.init
 *(.rela.init)

.rel.fini
 *(.rel.fini)

.rela.fini
 *(.rela.fini)

.rel.text
 *(.rel.text .rel.text.* .rel.gnu.linkonce.t.*)

.rela.text
 *(.rela.text .rela.text.* .rela.gnu.linkonce.t.*)

.rel.rodata
 *(.rel.rodata .rel.rodata.* .rel.gnu.linkonce.r.*)

.rela.rodata
 *(.rela.rodata .rela.rodata.* .rela.gnu.linkonce.r.*)

.rel.data
 *(.rel.data .rel.data.* .rel.gnu.linkonce.d.*)

.rela.data
 *(.rela.data .rela.data.* .rela.gnu.linkonce.d.*)

.rel.bss
 *(.rel.bss .rel.bss.* .rel.gnu.linkonce.b.*)

.rela.bss
 *(.rela.bss .rela.bss.* .rela.gnu.linkonce.b.*)

.rel.ctors
 *(.rel.ctors)

.rela.ctors
 *(.rela.ctors)

.rel.dtors
 *(.rel.dtors)

.rela.dtors
 *(.rela.dtors)

.rel.got
 *(.rel.got)

.rela.got
 *(.rela.got)

.rel.plt
 *(.rel.plt)

.rela.plt
 *(.rela.plt)

.text           0x00003100     0xad92
                0x00003100                . = ALIGN (0x2)
 *(.init .init.*)
 *(.init0)
 .init0         0x00003100        0x0 /usr/lib/gcc/msp430/4.6.3/mcpu-430x/mmpy-16/libcrt0.a(_reset_vector__.o)
                0x00003100                _reset_vector__
 *(.init1)
 .init1         0x00003100        0xc /usr/lib/gcc/msp430/4.6.3/mcpu-430x/mmpy-16/libcrt0.a(__watchdog_support.o)
                0x00003100                __watchdog_support
 *(.init2)
 .init2         0x0000310c        0x4 /usr/lib/gcc/msp430/4.6.3/mcpu-430x/mmpy-16/libcrt0.a(__init_stack.o)
                0x0000310c                __init_stack
 *(.init3)
 .init3         0x00003110        0x0 /usr/lib/gcc/msp430/4.6.3/mcpu-430x/mmpy-16/libcrt0.a(__low_level_init.o)
                0x00003110                __low_level_init
 *(.init4)
 .init4         0x00003110       0x18 /usr/lib/gcc/msp430/4.6.3/mcpu-430x/mmpy-16/libcrt0.a(_copy_data.o)
                0x00003110                __do_copy_data
 .init4         0x00003128       0x16 /usr/lib/gcc/msp430/4.6.3/mcpu-430x/mmpy-16/libcrt0.a(_clear_bss.o)
                0x00003128                __do_clear_bss
 *(.init5)
 *(.init6)
 *(.init7)
 *(.init8)
 *(.init9)
 .init9         0x0000313e      0x348 obj_z1/contiki-z1-main.o
                0x0000313e                main
 *(.fini9)
 .fini9         0x00003486        0x0 /usr/lib/gcc/msp430/4.6.3/mcpu-430x/mmpy-16/libcrt0.a(__stop_progExec__.o)
                0x00003486                __stop_progExec__
 *(.fini8)
 *(.fini7)
 *(.fini6)
 *(.fini5)
 *(.fini4)
 *(.fini3)
 *(.fini2)
 *(.fini1)
 *(.fini0)
 .fini0         0x00003486        0x6 /usr/lib/gcc/msp430/4.6.3/mcpu-430x/mmpy-16/libcrt0.a(_endless_loop__.o)
                0x00003486                _endless_loop__
 *(.fini .fini.*)
                0x0000348c                . = ALIGN (0x2)
                0x0000348c                __ctors_start = .
 *(.ctors)
                0x0000348c                __ctors_end = .
                0x0000348c                __dtors_start = .
 *(.dtors)
                0x0000348c                __dtors_end = .
                0x0000348c                . = ALIGN (0x2)
 *(.text .text.* .gnu.linkonce.t.*)
 .text          0x0000348c        0x4 /usr/lib/gcc/msp430/4.6.3/mcpu-430x/mmpy-16/crt0ivtbl32.o
                0x0000348c                __isr_14
                0x0000348c                __isr_4
                0x0000348c                __isr_29
                0x0000348c                __isr_11
                0x0000348c                __isr_5
                0x0000348c                __isr_2
                0x0000348c                __isr_10
                0x0000348c                __isr_7
                0x0000348c                __isr_0
                0x0000348c                __isr_28
                0x0000348c                __isr_8
                0x0000348c                __isr_20
                0x0000348c                __isr_3
                0x0000348c                __isr_12
                0x0000348c                __isr_13
                0x0000348c                __isr_27
                0x0000348c                __isr_9
                0x0000348c                __isr_30
                0x0000348c                __isr_6
                0x0000348c                __isr_22
                0x0000348c                __isr_1
                0x0000348c                __isr_15
                0x0000348c                __isr_21
 .text.process_thread_udp_client_process
                0x00003490      0x1b0 cooja_client.co
 .text.send_packet_info
                0x00003640       0xf2 cooja_client.co
 .text.init_platform
                0x00003732        0xc contiki-z1.a(contiki-z1-plat)
                0x00003732                init_platform
 .text.msp430_init_dco
                0x0000373e       0x28 contiki-z1.a(msp430.o)
                0x0000373e                msp430_init_dco
 .text.splhigh_
                0x00003766        0x8 contiki-z1.a(msp430.o)
                0x00003766                splhigh_
 .text.msp430_sync_dco
                0x0000376e       0x72 contiki-z1.a(msp430.o)
                0x0000376e                msp430_sync_dco
 .text.msp430_cpu_init
                0x000037e0       0x2e contiki-z1.a(msp430.o)
                0x000037e0                msp430_cpu_init
 .text.show_leds
                0x0000380e       0xee contiki-z1.a(leds.o)
 .text.leds_init
                0x000038fc        0xa contiki-z1.a(leds.o)
                0x000038fc                leds_init
 .text.leds_on  0x00003906        0xa contiki-z1.a(leds.o)
                0x00003906                leds_on
 .text.leds_off
                0x00003910        0xe contiki-z1.a(leds.o)
                0x00003910                leds_off
 .text.watchdog_interrupt
                0x0000391e        0x6 contiki-z1.a(watchdog.o)
                0x0000391e                __isr_26
                0x0000391e                watchdog_interrupt
 .text.watchdog_start
                0x00003924       0x14 contiki-z1.a(watchdog.o)
                0x00003924                watchdog_start
 .text.watchdog_periodic
                0x00003938       0x12 contiki-z1.a(watchdog.o)
                0x00003938                watchdog_periodic
 .text.watchdog_stop
                0x0000394a       0x16 contiki-z1.a(watchdog.o)
                0x0000394a                watchdog_stop
 .text.watchdog_init
                0x00003960       0x14 contiki-z1.a(watchdog.o)
                0x00003960                watchdog_init
 .text.wait_ready
                0x00003974       0x4e contiki-z1.a(xmem.o)
 .text.xmem_init
                0x000039c2       0x1e contiki-z1.a(xmem.o)
                0x000039c2                xmem_init
 .text.xmem_pread
                0x000039e0       0xd0 contiki-z1.a(xmem.o)
                0x000039e0                xmem_pread
 .text.spi_init
                0x00003ab0       0x38 contiki-z1.a(spi.o)
                0x00003ab0                spi_init
 .text.get_object
                0x00003ae8        0x4 contiki-z1.a(cc2420.o)
 .text.set_object
                0x00003aec        0x4 contiki-z1.a(cc2420.o)
 .text.strobe   0x00003af0       0x20 contiki-z1.a(cc2420.o)
 .text.getreg   0x00003b10       0x50 contiki-z1.a(cc2420.o)
 .text.setreg   0x00003b60       0x52 contiki-z1.a(cc2420.o)
 .text.write_ram
                0x00003bb2       0x7e contiki-z1.a(cc2420.o)
 .text.write_fifo_buf
                0x00003c30       0x40 contiki-z1.a(cc2420.o)
 .text.get_status
                0x00003c70       0x24 contiki-z1.a(cc2420.o)
 .text.set_txpower
                0x00003c94       0x26 contiki-z1.a(cc2420.o)
 .text.cc2420_receiving_packet
                0x00003cba        0xe contiki-z1.a(cc2420.o)
 .text.pending_packet
                0x00003cc8        0xe contiki-z1.a(cc2420.o)
 .text.on       0x00003cd6       0x26 contiki-z1.a(cc2420.o)
 .text.wait_for_transmission
                0x00003cfc       0x22 contiki-z1.a(cc2420.o)
 .text.wait_for_status
                0x00003d1e       0x26 contiki-z1.a(cc2420.o)
 .text.getrxdata
                0x00003d44       0x54 contiki-z1.a(cc2420.o)
 .text.flushrx  0x00003d98       0x1a contiki-z1.a(cc2420.o)
 .text.off      0x00003db2       0x5e contiki-z1.a(cc2420.o)
 .text.RELEASE_LOCK
                0x00003e10       0x28 contiki-z1.a(cc2420.o)
 .text.set_key  0x00003e38       0x18 contiki-z1.a(cc2420.o)
 .text.set_frame_filtering
                0x00003e50       0x30 contiki-z1.a(cc2420.o)
 .text.set_auto_ack
                0x00003e80       0x30 contiki-z1.a(cc2420.o)
 .text.set_poll_mode
                0x00003eb0       0x36 contiki-z1.a(cc2420.o)
 .text.cc2420_prepare
                0x00003ee6       0x38 contiki-z1.a(cc2420.o)
 .text.cc2420_on
                0x00003f1e       0x22 contiki-z1.a(cc2420.o)
                0x00003f1e                cc2420_on
 .text.cc2420_off
                0x00003f40       0x30 contiki-z1.a(cc2420.o)
                0x00003f40                cc2420_off
 .text.cc2420_cca
                0x00003f70       0x5a contiki-z1.a(cc2420.o)
 .text.cc2420_read
                0x00003fca       0xbc contiki-z1.a(cc2420.o)
 .text.process_thread_cc2420_process
                0x00004086       0x58 contiki-z1.a(cc2420.o)
 .text.encrypt  0x000040de       0x8c contiki-z1.a(cc2420.o)
 .text.cc2420_set_channel
                0x0000416a       0x3a contiki-z1.a(cc2420.o)
                0x0000416a                cc2420_set_channel
 .text.cc2420_set_pan_addr
                0x000041a4       0x4c contiki-z1.a(cc2420.o)
                0x000041a4                cc2420_set_pan_addr
 .text.cc2420_interrupt
                0x000041f0       0x18 contiki-z1.a(cc2420.o)
                0x000041f0                cc2420_interrupt
 .text.cc2420_set_txpower
                0x00004208        0xe contiki-z1.a(cc2420.o)
                0x00004208                cc2420_set_txpower
 .text.cc2420_get_txpower
                0x00004216       0x1e contiki-z1.a(cc2420.o)
                0x00004216                cc2420_get_txpower
 .text.cc2420_transmit
                0x00004234      0x10c contiki-z1.a(cc2420.o)
 .text.cc2420_send
                0x00004340       0x12 contiki-z1.a(cc2420.o)
 .text.cc2420_rssi
                0x00004352       0x48 contiki-z1.a(cc2420.o)
                0x00004352                cc2420_rssi
 .text.get_value
                0x0000439a      0x102 contiki-z1.a(cc2420.o)
 .text.cc2420_set_cca_threshold
                0x0000449c       0x16 contiki-z1.a(cc2420.o)
                0x0000449c                cc2420_set_cca_threshold
 .text.set_value
                0x000044b2       0xb4 contiki-z1.a(cc2420.o)
 .text.cc2420_init
                0x00004566       0xf0 contiki-z1.a(cc2420.o)
                0x00004566                cc2420_init
 .text.cc2420_arch_init
                0x00004656       0x1a contiki-z1.a(cc2420-arch.o)
                0x00004656                cc2420_arch_init
 .text.node_id_restore
                0x00004670       0x4c contiki-z1.a(node-id.o)
                0x00004670                node_id_restore
 .text.process_thread_sensors_process
                0x000046bc       0xbe contiki-z1.a(sensors.o)
 .text.sensors_changed
                0x0000477a       0x2a contiki-z1.a(sensors.o)
                0x0000477a                sensors_changed
 .text.status   0x000047a4       0x16 contiki-z1.a(button-sensor.o)
 .text.configure
                0x000047ba       0x52 contiki-z1.a(button-sensor.o)
 .text.value    0x0000480c       0x22 contiki-z1.a(button-sensor.o)
 .text.irq_p2   0x0000482e       0x76 contiki-z1.a(button-sensor.o)
                0x0000482e                irq_p2
                0x0000482e                __isr_19
 .text.uart0_active
                0x000048a4        0xe contiki-z1.a(uart0.o)
                0x000048a4                uart0_active
 .text.uart0_writeb
                0x000048b2       0x18 contiki-z1.a(uart0.o)
                0x000048b2                uart0_writeb
 .text.uart0_init
                0x000048ca       0x54 contiki-z1.a(uart0.o)
                0x000048ca                uart0_init
 .text.uart0_rx_interrupt
                0x0000491e       0x66 contiki-z1.a(uart0.o)
                0x0000491e                __isr_23
                0x0000491e                uart0_rx_interrupt
 .text.putchar  0x00004984       0x10 contiki-z1.a(uart0-putchar.o)
                0x00004984                putchar
 .text.status   0x00004994       0x12 contiki-z1.a(adxl345.o)
 .text.accm_write_reg
                0x000049a6       0x2e contiki-z1.a(adxl345.o)
 .text.accm_write_stream
                0x000049d4       0x2a contiki-z1.a(adxl345.o)
 .text.accm_read_reg
                0x000049fe       0x54 contiki-z1.a(adxl345.o)
 .text.process_thread_accmeter_process
                0x00004a52       0x56 contiki-z1.a(adxl345.o)
 .text.accm_read_axis
                0x00004aa8       0x66 contiki-z1.a(adxl345.o)
                0x00004aa8                accm_read_axis
 .text.value    0x00004b0e       0x20 contiki-z1.a(adxl345.o)
 .text.accm_init
                0x00004b2e       0x76 contiki-z1.a(adxl345.o)
                0x00004b2e                accm_init
 .text.accm_stop
                0x00004ba4       0x32 contiki-z1.a(adxl345.o)
                0x00004ba4                accm_stop
 .text.configure
                0x00004bd6       0x26 contiki-z1.a(adxl345.o)
 .text.port1_isr
                0x00004bfc       0xc4 contiki-z1.a(adxl345.o)
                0x00004bfc                port1_isr
                0x00004bfc                __isr_18
 .text.value    0x00004cc0        0x6 contiki-z1.a(battery-sensor.)
 .text.status   0x00004cc6        0xc contiki-z1.a(battery-sensor.)
 .text.configure
                0x00004cd2       0x12 contiki-z1.a(battery-sensor.)
 .text.sky_sensors_status
                0x00004ce4       0x42 contiki-z1.a(sky-sensors.o)
                0x00004ce4                sky_sensors_status
 .text.sky_sensors_configure
                0x00004d26       0xf4 contiki-z1.a(sky-sensors.o)
                0x00004d26                sky_sensors_configure
 .text.status   0x00004e1a       0x12 contiki-z1.a(tmp102.o)
 .text.tmp102_init
                0x00004e2c       0x24 contiki-z1.a(tmp102.o)
                0x00004e2c                tmp102_init
 .text.tmp102_stop
                0x00004e50        0xc contiki-z1.a(tmp102.o)
                0x00004e50                tmp102_stop
 .text.configure
                0x00004e5c       0x26 contiki-z1.a(tmp102.o)
 .text.tmp102_read_reg
                0x00004e82       0x60 contiki-z1.a(tmp102.o)
                0x00004e82                tmp102_read_reg
 .text.tmp102_read_temp_x100
                0x00004ee2       0x56 contiki-z1.a(tmp102.o)
                0x00004ee2                tmp102_read_temp_x100
 .text.value    0x00004f38        0x6 contiki-z1.a(tmp102.o)
 .text.timera1  0x00004f3e      0x10a contiki-z1.a(clock.o)
                0x00004f3e                __isr_24
                0x00004f3e                timera1
 .text.clock_time
                0x00005048       0x1a contiki-z1.a(clock.o)
                0x00005048                clock_time
 .text.clock_init
                0x00005062       0x28 contiki-z1.a(clock.o)
                0x00005062                clock_init
 .text.clock_delay
                0x0000508a        0xc contiki-z1.a(clock.o)
                0x0000508a                clock_delay
 .text.clock_wait
                0x00005096       0x28 contiki-z1.a(clock.o)
                0x00005096                clock_wait
 .text.clock_seconds
                0x000050be       0x1a contiki-z1.a(clock.o)
                0x000050be                clock_seconds
 .text.leds_arch_init
                0x000050d8        0xe contiki-z1.a(leds-arch.o)
                0x000050d8                leds_arch_init
 .text.leds_arch_set
                0x000050e6       0x3a contiki-z1.a(leds-arch.o)
                0x000050e6                leds_arch_set
 .text.rtimer_arch_init
                0x00005120        0xe contiki-z1.a(rtimer-arch.o)
                0x00005120                rtimer_arch_init
 .text.rtimer_arch_now
                0x0000512e        0xe contiki-z1.a(rtimer-arch.o)
                0x0000512e                rtimer_arch_now
 .text.timera0  0x0000513c       0x5c contiki-z1.a(rtimer-arch.o)
                0x0000513c                __isr_25
                0x0000513c                timera0
 .text.rtimer_arch_schedule
                0x00005198        0x6 contiki-z1.a(rtimer-arch.o)
                0x00005198                rtimer_arch_schedule
 .text.autostart_start
                0x0000519e       0x16 contiki-z1.a(autostart.o)
                0x0000519e                autostart_start
 .text.process_thread_ctimer_process
                0x000051b4       0x9c contiki-z1.a(ctimer.o)
 .text.ctimer_init
                0x00005250       0x18 contiki-z1.a(ctimer.o)
                0x00005250                ctimer_init
 .text.ctimer_set_with_process
                0x00005268       0x4e contiki-z1.a(ctimer.o)
                0x00005268                ctimer_set_with_process
 .text.ctimer_set
                0x000052b6       0x10 contiki-z1.a(ctimer.o)
                0x000052b6                ctimer_set
 .text.ctimer_reset
                0x000052c6       0x2c contiki-z1.a(ctimer.o)
                0x000052c6                ctimer_reset
 .text.ctimer_restart
                0x000052f2       0x2c contiki-z1.a(ctimer.o)
                0x000052f2                ctimer_restart
 .text.ctimer_stop
                0x0000531e       0x28 contiki-z1.a(ctimer.o)
                0x0000531e                ctimer_stop
 .text.energest_init
                0x00005346       0x28 contiki-z1.a(energest.o)
                0x00005346                energest_init
 .text.energest_type_time
                0x0000536e       0x3c contiki-z1.a(energest.o)
                0x0000536e                energest_type_time
 .text.energest_type_set
                0x000053aa        0xc contiki-z1.a(energest.o)
                0x000053aa                energest_type_set
 .text.energest_flush
                0x000053b6       0x38 contiki-z1.a(energest.o)
                0x000053b6                energest_flush
 .text.update_time
                0x000053ee       0x70 contiki-z1.a(etimer.o)
 .text.etimer_request_poll
                0x0000545e        0xa contiki-z1.a(etimer.o)
                0x0000545e                etimer_request_poll
 .text.process_thread_etimer_process
                0x00005468       0xc0 contiki-z1.a(etimer.o)
 .text.add_timer
                0x00005528       0x40 contiki-z1.a(etimer.o)
 .text.etimer_set
                0x00005568       0x12 contiki-z1.a(etimer.o)
                0x00005568                etimer_set
 .text.etimer_reset
                0x0000557a       0x12 contiki-z1.a(etimer.o)
                0x0000557a                etimer_reset
 .text.etimer_restart
                0x0000558c       0x12 contiki-z1.a(etimer.o)
                0x0000558c                etimer_restart
 .text.etimer_expired
                0x0000559e        0xe contiki-z1.a(etimer.o)
                0x0000559e                etimer_expired
 .text.etimer_expiration_time
                0x000055ac       0x14 contiki-z1.a(etimer.o)
                0x000055ac                etimer_expiration_time
 .text.etimer_pending
                0x000055c0        0xc contiki-z1.a(etimer.o)
                0x000055c0                etimer_pending
 .text.etimer_next_expiration_time
                0x000055cc       0x16 contiki-z1.a(etimer.o)
                0x000055cc                etimer_next_expiration_time
 .text.etimer_stop
                0x000055e2       0x3c contiki-z1.a(etimer.o)
                0x000055e2                etimer_stop
 .text.call_process
                0x0000561e       0x46 contiki-z1.a(process.o)
 .text.exit_process
                0x00005664       0x8a contiki-z1.a(process.o)
 .text.do_poll  0x000056ee       0x30 contiki-z1.a(process.o)
 .text.process_alloc_event
                0x0000571e        0xe contiki-z1.a(process.o)
                0x0000571e                process_alloc_event
 .text.process_init
                0x0000572c       0x1c contiki-z1.a(process.o)
                0x0000572c                process_init
 .text.process_run
                0x00005748       0x8c contiki-z1.a(process.o)
                0x00005748                process_run
 .text.process_nevents
                0x000057d4        0xe contiki-z1.a(process.o)
                0x000057d4                process_nevents
 .text.process_post
                0x000057e2       0x4a contiki-z1.a(process.o)
                0x000057e2                process_post
 .text.process_post_synch
                0x0000582c       0x12 contiki-z1.a(process.o)
                0x0000582c                process_post_synch
 .text.process_start
                0x0000583e       0x32 contiki-z1.a(process.o)
                0x0000583e                process_start
 .text.process_poll
                0x00005870       0x18 contiki-z1.a(process.o)
                0x00005870                process_poll
 .text.rtimer_init
                0x00005888        0x6 contiki-z1.a(rtimer.o)
                0x00005888                rtimer_init
 .text.rtimer_set
                0x0000588e       0x24 contiki-z1.a(rtimer.o)
                0x0000588e                rtimer_set
 .text.rtimer_run_next
                0x000058b2       0x26 contiki-z1.a(rtimer.o)
                0x000058b2                rtimer_run_next
 .text.timer_set
                0x000058d8       0x1c contiki-z1.a(timer.o)
                0x000058d8                timer_set
 .text.timer_reset
                0x000058f4        0xe contiki-z1.a(timer.o)
                0x000058f4                timer_reset
 .text.timer_restart
                0x00005902       0x14 contiki-z1.a(timer.o)
                0x00005902                timer_restart
 .text.timer_expired
                0x00005916       0x2a contiki-z1.a(timer.o)
                0x00005916                timer_expired
 .text.random_init
                0x00005940        0x6 contiki-z1.a(random.o)
                0x00005940                random_init
 .text.random_rand
                0x00005946        0x6 contiki-z1.a(random.o)
                0x00005946                random_rand
 .text.clear_fragments
                0x0000594c       0x3a contiki-z1.a(sicslowpan.o)
 .text.set_packet_attrs
                0x00005986       0x44 contiki-z1.a(sicslowpan.o)
 .text.addr_context_lookup_by_number
                0x000059ca       0x34 contiki-z1.a(sicslowpan.o)
 .text.compress_addr_64
                0x000059fe       0xaa contiki-z1.a(sicslowpan.o)
 .text.store_fragment
                0x00005aa8       0x6e contiki-z1.a(sicslowpan.o)
 .text.add_fragment
                0x00005b16      0x162 contiki-z1.a(sicslowpan.o)
 .text.uncompress_addr
                0x00005c78       0x96 contiki-z1.a(sicslowpan.o)
 .text.input    0x00005d0e      0x61a contiki-z1.a(sicslowpan.o)
 .text.sicslowpan_init
                0x00006328       0x24 contiki-z1.a(sicslowpan.o)
                0x00006328                sicslowpan_init
 .text.addr_context_lookup_by_prefix
                0x0000634c       0x4a contiki-z1.a(sicslowpan.o)
 .text.send_packet
                0x00006396       0x1a contiki-z1.a(sicslowpan.o)
 .text.output   0x000063b0      0x68e contiki-z1.a(sicslowpan.o)
 .text.packet_sent
                0x00006a3e       0x22 contiki-z1.a(sicslowpan.o)
 .text.chksum   0x00006a60       0x32 contiki-z1.a(uip6.o)
 .text.upper_layer_chksum
                0x00006a92       0x56 contiki-z1.a(uip6.o)
 .text.ext_hdr_options_process
                0x00006ae8       0xcc contiki-z1.a(uip6.o)
 .text.uip_add32
                0x00006bb4       0x64 contiki-z1.a(uip6.o)
                0x00006bb4                uip_add32
 .text.unlikely.uip_add_rcv_nxt
                0x00006c18       0x2e contiki-z1.a(uip6.o)
 .text.uip_icmp6chksum
                0x00006c46        0xa contiki-z1.a(uip6.o)
                0x00006c46                uip_icmp6chksum
 .text.uip_tcpchksum
                0x00006c50        0xa contiki-z1.a(uip6.o)
                0x00006c50                uip_tcpchksum
 .text.uip_udpchksum
                0x00006c5a        0xa contiki-z1.a(uip6.o)
                0x00006c5a                uip_udpchksum
 .text.uip_init
                0x00006c64       0x56 contiki-z1.a(uip6.o)
                0x00006c64                uip_init
 .text.remove_ext_hdr
                0x00006cba       0x52 contiki-z1.a(uip6.o)
                0x00006cba                remove_ext_hdr
 .text.uip_udp_new
                0x00006d0c       0xa0 contiki-z1.a(uip6.o)
                0x00006d0c                uip_udp_new
 .text.uip_unlisten
                0x00006dac       0x1c contiki-z1.a(uip6.o)
                0x00006dac                uip_unlisten
 .text.uip_process
                0x00006dc8      0xda0 contiki-z1.a(uip6.o)
                0x00006dc8                uip_process
 .text.uip_htonl
                0x00007b68       0x2a contiki-z1.a(uip6.o)
                0x00007b68                uip_htonl
 .text.uip_ds6_list_loop
                0x00007b92       0x66 contiki-z1.a(uip-ds6.o)
                0x00007b92                uip_ds6_list_loop
 .text.uip_ds6_prefix_add
                0x00007bf8       0x70 contiki-z1.a(uip-ds6.o)
                0x00007bf8                uip_ds6_prefix_add
 .text.uip_ds6_is_addr_onlink
                0x00007c68       0x42 contiki-z1.a(uip-ds6.o)
                0x00007c68                uip_ds6_is_addr_onlink
 .text.uip_ds6_addr_lookup
                0x00007caa       0x2a contiki-z1.a(uip-ds6.o)
                0x00007caa                uip_ds6_addr_lookup
 .text.uip_ds6_get_link_local
                0x00007cd4       0x3e contiki-z1.a(uip-ds6.o)
                0x00007cd4                uip_ds6_get_link_local
 .text.uip_ds6_maddr_add
                0x00007d12       0x48 contiki-z1.a(uip-ds6.o)
                0x00007d12                uip_ds6_maddr_add
 .text.uip_ds6_addr_add
                0x00007d5a       0xb4 contiki-z1.a(uip-ds6.o)
                0x00007d5a                uip_ds6_addr_add
 .text.uip_ds6_maddr_lookup
                0x00007e0e       0x2a contiki-z1.a(uip-ds6.o)
                0x00007e0e                uip_ds6_maddr_lookup
 .text.uip_ds6_addr_rm
                0x00007e38       0x54 contiki-z1.a(uip-ds6.o)
                0x00007e38                uip_ds6_addr_rm
 .text.uip_ds6_periodic
                0x00007e8c       0x46 contiki-z1.a(uip-ds6.o)
                0x00007e8c                uip_ds6_periodic
 .text.uip_ds6_set_addr_iid
                0x00007ed2       0x14 contiki-z1.a(uip-ds6.o)
                0x00007ed2                uip_ds6_set_addr_iid
 .text.get_match_length
                0x00007ee6       0x3a contiki-z1.a(uip-ds6.o)
                0x00007ee6                get_match_length
 .text.uip_ds6_select_src
                0x00007f20       0x9a contiki-z1.a(uip-ds6.o)
                0x00007f20                uip_ds6_select_src
 .text.uip_ds6_compute_reachable_time
                0x00007fba       0x36 contiki-z1.a(uip-ds6.o)
                0x00007fba                uip_ds6_compute_reachable_time
 .text.uip_ds6_init
                0x00007ff0      0x138 contiki-z1.a(uip-ds6.o)
                0x00007ff0                uip_ds6_init
 .text.uip_ds6_nbr_rm
                0x00008128       0x1e contiki-z1.a(uip-ds6-nbr.o)
                0x00008128                uip_ds6_nbr_rm
 .text.uip_ds6_neighbors_init
                0x00008146       0x12 contiki-z1.a(uip-ds6-nbr.o)
                0x00008146                uip_ds6_neighbors_init
 .text.uip_ds6_nbr_add
                0x00008158       0x36 contiki-z1.a(uip-ds6-nbr.o)
                0x00008158                uip_ds6_nbr_add
 .text.uip_ds6_nbr_get_ll
                0x0000818e        0xc contiki-z1.a(uip-ds6-nbr.o)
                0x0000818e                uip_ds6_nbr_get_ll
 .text.uip_ds6_nbr_lookup
                0x0000819a       0x3e contiki-z1.a(uip-ds6-nbr.o)
                0x0000819a                uip_ds6_nbr_lookup
 .text.uip_ds6_nbr_ll_lookup
                0x000081d8        0xc contiki-z1.a(uip-ds6-nbr.o)
                0x000081d8                uip_ds6_nbr_ll_lookup
 .text.uip_ds6_nbr_ipaddr_from_lladdr
                0x000081e4        0x6 contiki-z1.a(uip-ds6-nbr.o)
                0x000081e4                uip_ds6_nbr_ipaddr_from_lladdr
 .text.uip_ds6_nbr_lladdr_from_ipaddr
                0x000081ea       0x12 contiki-z1.a(uip-ds6-nbr.o)
                0x000081ea                uip_ds6_nbr_lladdr_from_ipaddr
 .text.uip_ds6_link_neighbor_callback
                0x000081fc       0x32 contiki-z1.a(uip-ds6-nbr.o)
                0x000081fc                uip_ds6_link_neighbor_callback
 .text.call_route_callback
                0x0000822e       0x40 contiki-z1.a(uip-ds6-route.o)
 .text.uip_ds6_route_init
                0x0000826e       0x36 contiki-z1.a(uip-ds6-route.o)
                0x0000826e                uip_ds6_route_init
 .text.uip_ds6_route_nexthop
                0x000082a4       0x1a contiki-z1.a(uip-ds6-route.o)
                0x000082a4                uip_ds6_route_nexthop
 .text.uip_ds6_route_head
                0x000082be        0xa contiki-z1.a(uip-ds6-route.o)
                0x000082be                uip_ds6_route_head
 .text.uip_ds6_route_next
                0x000082c8        0xe contiki-z1.a(uip-ds6-route.o)
                0x000082c8                uip_ds6_route_next
 .text.uip_ds6_route_is_nexthop
                0x000082d6       0x1e contiki-z1.a(uip-ds6-route.o)
                0x000082d6                uip_ds6_route_is_nexthop
 .text.uip_ds6_route_lookup
                0x000082f4       0x6e contiki-z1.a(uip-ds6-route.o)
                0x000082f4                uip_ds6_route_lookup
 .text.uip_ds6_route_rm
                0x00008362       0xa0 contiki-z1.a(uip-ds6-route.o)
                0x00008362                uip_ds6_route_rm
 .text.rm_routelist
                0x00008402       0x34 contiki-z1.a(uip-ds6-route.o)
 .text.rm_routelist_callback
                0x00008436        0x6 contiki-z1.a(uip-ds6-route.o)
 .text.uip_ds6_route_add
                0x0000843c       0xfc contiki-z1.a(uip-ds6-route.o)
                0x0000843c                uip_ds6_route_add
 .text.uip_ds6_defrt_rm
                0x00008538       0x44 contiki-z1.a(uip-ds6-route.o)
                0x00008538                uip_ds6_defrt_rm
 .text.uip_ds6_defrt_lookup
                0x0000857c       0x32 contiki-z1.a(uip-ds6-route.o)
                0x0000857c                uip_ds6_defrt_lookup
 .text.uip_ds6_defrt_add
                0x000085ae       0x68 contiki-z1.a(uip-ds6-route.o)
                0x000085ae                uip_ds6_defrt_add
 .text.uip_ds6_defrt_choose
                0x00008616       0x36 contiki-z1.a(uip-ds6-route.o)
                0x00008616                uip_ds6_defrt_choose
 .text.uip_ds6_defrt_periodic
                0x0000864c       0x38 contiki-z1.a(uip-ds6-route.o)
                0x0000864c                uip_ds6_defrt_periodic
 .text.echo_reply_input
                0x00008684       0xaa contiki-z1.a(uip-icmp6.o)
 .text.echo_request_input
                0x0000872e       0xca contiki-z1.a(uip-icmp6.o)
 .text.uip_icmp6_input
                0x000087f8       0x40 contiki-z1.a(uip-icmp6.o)
                0x000087f8                uip_icmp6_input
 .text.uip_icmp6_register_input_handler
                0x00008838        0xc contiki-z1.a(uip-icmp6.o)
                0x00008838                uip_icmp6_register_input_handler
 .text.uip_icmp6_error_output
                0x00008844      0x168 contiki-z1.a(uip-icmp6.o)
                0x00008844                uip_icmp6_error_output
 .text.uip_icmp6_send
                0x000089ac       0x86 contiki-z1.a(uip-icmp6.o)
                0x000089ac                uip_icmp6_send
 .text.uip_icmp6_init
                0x00008a32       0x12 contiki-z1.a(uip-icmp6.o)
                0x00008a32                uip_icmp6_init
 .text.uip_nd6_init
                0x00008a44        0x2 contiki-z1.a(uip-nd6.o)
                0x00008a44                uip_nd6_init
 .text.start_periodic_tcp_timer
                0x00008a46       0x16 contiki-z1.a(tcpip.o)
 .text.tcpip_output
                0x00008a5c       0x10 contiki-z1.a(tcpip.o)
                0x00008a5c                tcpip_output
 .text.tcpip_set_outputfunc
                0x00008a6c        0x6 contiki-z1.a(tcpip.o)
                0x00008a6c                tcpip_set_outputfunc
 .text.udp_new  0x00008a72       0x1a contiki-z1.a(tcpip.o)
                0x00008a72                udp_new
 .text.tcpip_input
                0x00008a8c       0x16 contiki-z1.a(tcpip.o)
                0x00008a8c                tcpip_input
 .text.tcpip_ipv6_output
                0x00008aa2       0xc0 contiki-z1.a(tcpip.o)
                0x00008aa2                tcpip_ipv6_output
 .text.process_thread_tcpip_process
                0x00008b62      0x1a2 contiki-z1.a(tcpip.o)
 .text.tcpip_uipcall
                0x00008d04       0x64 contiki-z1.a(tcpip.o)
                0x00008d04                tcpip_uipcall
 .text.uip_debug_ipaddr_print
                0x00008d68       0xba contiki-z1.a(uip-debug.o)
                0x00008d68                uip_debug_ipaddr_print
 .text.uip_udp_packet_send
                0x00008e22       0x2a contiki-z1.a(uip-udp-packet.)
                0x00008e22                uip_udp_packet_send
 .text.uip_udp_packet_sendto
                0x00008e4c       0x56 contiki-z1.a(uip-udp-packet.)
                0x00008e4c                uip_udp_packet_sendto
 .text.rpl_get_mode
                0x00008ea2        0x6 contiki-z1.a(rpl.o)
                0x00008ea2                rpl_get_mode
 .text.rpl_purge_routes
                0x00008ea8       0x96 contiki-z1.a(rpl.o)
                0x00008ea8                rpl_purge_routes
 .text.rpl_remove_routes
                0x00008f3e       0x22 contiki-z1.a(rpl.o)
                0x00008f3e                rpl_remove_routes
 .text.rpl_remove_routes_by_nexthop
                0x00008f60       0x3e contiki-z1.a(rpl.o)
                0x00008f60                rpl_remove_routes_by_nexthop
 .text.rpl_add_route
                0x00008f9e       0x42 contiki-z1.a(rpl.o)
                0x00008f9e                rpl_add_route
 .text.rpl_link_neighbor_callback
                0x00008fe0       0x4c contiki-z1.a(rpl.o)
                0x00008fe0                rpl_link_neighbor_callback
 .text.rpl_ipv6_neighbor_callback
                0x0000902c       0x1e contiki-z1.a(rpl.o)
                0x0000902c                rpl_ipv6_neighbor_callback
 .text.rpl_purge_dags
                0x0000904a       0x5e contiki-z1.a(rpl.o)
                0x0000904a                rpl_purge_dags
 .text.rpl_init
                0x000090a8       0x44 contiki-z1.a(rpl.o)
                0x000090a8                rpl_init
 .text.lollipop_greater_than
                0x000090ec       0x44 contiki-z1.a(rpl-dag.o)
 .text.acceptable_rank
                0x00009130       0x44 contiki-z1.a(rpl-dag.o)
 .text.find_parent_any_dag_any_instance
                0x00009174       0x14 contiki-z1.a(rpl-dag.o)
 .text.rpl_set_preferred_parent
                0x00009188       0x2c contiki-z1.a(rpl-dag.o)
 .text.set_ip_from_prefix
                0x000091b4       0x30 contiki-z1.a(rpl-dag.o)
 .text.check_prefix
                0x000091e4       0x70 contiki-z1.a(rpl-dag.o)
 .text.rpl_dag_init
                0x00009254        0xe contiki-z1.a(rpl-dag.o)
                0x00009254                rpl_dag_init
 .text.rpl_get_parent
                0x00009262        0xc contiki-z1.a(rpl-dag.o)
                0x00009262                rpl_get_parent
 .text.rpl_rank_via_parent
                0x0000926e       0x2e contiki-z1.a(rpl-dag.o)
                0x0000926e                rpl_rank_via_parent
 .text.rpl_get_parent_lladdr
                0x0000929c        0xc contiki-z1.a(rpl-dag.o)
                0x0000929c                rpl_get_parent_lladdr
 .text.rpl_get_parent_ipaddr
                0x000092a8        0xa contiki-z1.a(rpl-dag.o)
                0x000092a8                rpl_get_parent_ipaddr
 .text.rpl_get_parent_link_stats
                0x000092b2        0xa contiki-z1.a(rpl-dag.o)
                0x000092b2                rpl_get_parent_link_stats
 .text.rpl_parent_is_fresh
                0x000092bc        0xa contiki-z1.a(rpl-dag.o)
                0x000092bc                rpl_parent_is_fresh
 .text.best_parent
                0x000092c6       0x64 contiki-z1.a(rpl-dag.o)
 .text.rpl_parent_is_reachable
                0x0000932a       0x46 contiki-z1.a(rpl-dag.o)
                0x0000932a                rpl_parent_is_reachable
 .text.rpl_set_prefix
                0x00009370       0x74 contiki-z1.a(rpl-dag.o)
                0x00009370                rpl_set_prefix
 .text.rpl_set_default_route
                0x000093e4       0x3a contiki-z1.a(rpl-dag.o)
                0x000093e4                rpl_set_default_route
 .text.rpl_alloc_instance
                0x0000941e       0x34 contiki-z1.a(rpl-dag.o)
                0x0000941e                rpl_alloc_instance
 .text.rpl_add_parent
                0x00009452       0x3a contiki-z1.a(rpl-dag.o)
                0x00009452                rpl_add_parent
 .text.rpl_find_parent
                0x0000948c       0x18 contiki-z1.a(rpl-dag.o)
                0x0000948c                rpl_find_parent
 .text.rpl_find_parent_any_dag
                0x000094a4       0x20 contiki-z1.a(rpl-dag.o)
                0x000094a4                rpl_find_parent_any_dag
 .text.rpl_select_parent
                0x000094c4       0x62 contiki-z1.a(rpl-dag.o)
                0x000094c4                rpl_select_parent
 .text.rpl_select_dag
                0x00009526      0x16e contiki-z1.a(rpl-dag.o)
                0x00009526                rpl_select_dag
 .text.rpl_nullify_parent
                0x00009694       0x5c contiki-z1.a(rpl-dag.o)
                0x00009694                rpl_nullify_parent
 .text.rpl_remove_parent
                0x000096f0       0x16 contiki-z1.a(rpl-dag.o)
                0x000096f0                rpl_remove_parent
 .text.nbr_callback
                0x00009706        0x6 contiki-z1.a(rpl-dag.o)
 .text.remove_parents.constprop.3
                0x0000970c       0x2c contiki-z1.a(rpl-dag.o)
 .text.rpl_free_dag
                0x00009738       0x44 contiki-z1.a(rpl-dag.o)
                0x00009738                rpl_free_dag
 .text.rpl_move_parent
                0x0000977c       0x60 contiki-z1.a(rpl-dag.o)
                0x0000977c                rpl_move_parent
 .text.rpl_get_any_dag
                0x000097dc       0x18 contiki-z1.a(rpl-dag.o)
                0x000097dc                rpl_get_any_dag
 .text.rpl_get_instance
                0x000097f4       0x1a contiki-z1.a(rpl-dag.o)
                0x000097f4                rpl_get_instance
 .text.rpl_alloc_dag
                0x0000980e       0x5c contiki-z1.a(rpl-dag.o)
                0x0000980e                rpl_alloc_dag
 .text.rpl_repair_root
                0x0000986a       0x50 contiki-z1.a(rpl-dag.o)
                0x0000986a                rpl_repair_root
 .text.rpl_find_of
                0x000098ba       0x10 contiki-z1.a(rpl-dag.o)
                0x000098ba                rpl_find_of
 .text.rpl_join_instance
                0x000098ca      0x144 contiki-z1.a(rpl-dag.o)
                0x000098ca                rpl_join_instance
 .text.rpl_local_repair
                0x00009a0e       0x78 contiki-z1.a(rpl-dag.o)
                0x00009a0e                rpl_local_repair
 .text.rpl_process_parent_event
                0x00009a86       0x82 contiki-z1.a(rpl-dag.o)
                0x00009a86                rpl_process_parent_event
 .text.rpl_recalculate_ranks
                0x00009b08       0x46 contiki-z1.a(rpl-dag.o)
                0x00009b08                rpl_recalculate_ranks
 .text.rpl_add_dag
                0x00009b4e      0x104 contiki-z1.a(rpl-dag.o)
                0x00009b4e                rpl_add_dag
 .text.rpl_process_dio
                0x00009c52      0x318 contiki-z1.a(rpl-dag.o)
                0x00009c52                rpl_process_dio
 .text.update_hbh_header
                0x00009f6a       0xcc contiki-z1.a(rpl-ext-header.)
 .text.insert_hbh_header
                0x0000a036       0x94 contiki-z1.a(rpl-ext-header.)
 .text.rpl_verify_hbh_header
                0x0000a0ca       0xf8 contiki-z1.a(rpl-ext-header.)
                0x0000a0ca                rpl_verify_hbh_header
 .text.rpl_remove_header
                0x0000a1c2       0x76 contiki-z1.a(rpl-ext-header.)
                0x0000a1c2                rpl_remove_header
 .text.rpl_update_header
                0x0000a238       0x58 contiki-z1.a(rpl-ext-header.)
                0x0000a238                rpl_update_header
 .text.prepare_for_dao_fwd
                0x0000a290       0x28 contiki-z1.a(rpl-icmp6.o)
 .text.get32    0x0000a2b8       0x3e contiki-z1.a(rpl-icmp6.o)
 .text.set32    0x0000a2f6       0x2a contiki-z1.a(rpl-icmp6.o)
 .text.get16    0x0000a320        0xe contiki-z1.a(rpl-icmp6.o)
 .text.set16    0x0000a32e       0x10 contiki-z1.a(rpl-icmp6.o)
 .text.dao_ack_input
                0x0000a33e        0xa contiki-z1.a(rpl-icmp6.o)
 .text.dio_input
                0x0000a348      0x282 contiki-z1.a(rpl-icmp6.o)
 .text.rpl_icmp6_update_nbr_table
                0x0000a5ca       0x28 contiki-z1.a(rpl-icmp6.o)
                0x0000a5ca                rpl_icmp6_update_nbr_table
 .text.dao_input
                0x0000a5f2      0x262 contiki-z1.a(rpl-icmp6.o)
 .text.dis_output
                0x0000a854       0x50 contiki-z1.a(rpl-icmp6.o)
                0x0000a854                dis_output
 .text.dio_output
                0x0000a8a4      0x24c contiki-z1.a(rpl-icmp6.o)
                0x0000a8a4                dio_output
 .text.dis_input
                0x0000aaf0       0x3e contiki-z1.a(rpl-icmp6.o)
 .text.dao_output_target
                0x0000ab2e       0xf8 contiki-z1.a(rpl-icmp6.o)
                0x0000ab2e                dao_output_target
 .text.dao_output
                0x0000ac26       0xa0 contiki-z1.a(rpl-icmp6.o)
                0x0000ac26                dao_output
 .text.rpl_icmp6_register_handlers
                0x0000acc6       0x22 contiki-z1.a(rpl-icmp6.o)
                0x0000acc6                rpl_icmp6_register_handlers
 .text.reset    0x0000ace8        0x2 contiki-z1.a(rpl-mrhof.o)
 .text.update_metric_container
                0x0000acea        0x6 contiki-z1.a(rpl-mrhof.o)
 .text.parent_link_metric
                0x0000acf0       0x10 contiki-z1.a(rpl-mrhof.o)
 .text.parent_has_usable_link
                0x0000ad00       0x14 contiki-z1.a(rpl-mrhof.o)
 .text.best_dag
                0x0000ad14       0x34 contiki-z1.a(rpl-mrhof.o)
 .text.parent_path_cost
                0x0000ad48       0x40 contiki-z1.a(rpl-mrhof.o)
 .text.parent_is_acceptable
                0x0000ad88       0x26 contiki-z1.a(rpl-mrhof.o)
 .text.best_parent
                0x0000adae       0x7c contiki-z1.a(rpl-mrhof.o)
 .text.rank_via_parent
                0x0000ae2a       0x4e contiki-z1.a(rpl-mrhof.o)
 .text.handle_unicast_dio_timer
                0x0000ae78       0x1c contiki-z1.a(rpl-timers.o)
 .text.new_dio_interval
                0x0000ae94       0x8a contiki-z1.a(rpl-timers.o)
 .text.handle_periodic_timer
                0x0000af1e       0x50 contiki-z1.a(rpl-timers.o)
 .text.set_dao_lifetime_timer
                0x0000af6e       0x70 contiki-z1.a(rpl-timers.o)
 .text.schedule_dao
                0x0000afde       0x72 contiki-z1.a(rpl-timers.o)
 .text.handle_dio_timer
                0x0000b050       0x88 contiki-z1.a(rpl-timers.o)
 .text.handle_dao_timer
                0x0000b0d8       0x64 contiki-z1.a(rpl-timers.o)
 .text.rpl_reset_periodic_timer
                0x0000b13c       0x5c contiki-z1.a(rpl-timers.o)
                0x0000b13c                rpl_reset_periodic_timer
 .text.rpl_reset_dio_timer
                0x0000b198       0x18 contiki-z1.a(rpl-timers.o)
                0x0000b198                rpl_reset_dio_timer
 .text.rpl_schedule_dao
                0x0000b1b0        0xc contiki-z1.a(rpl-timers.o)
                0x0000b1b0                rpl_schedule_dao
 .text.rpl_schedule_unicast_dio_immediately
                0x0000b1bc       0x16 contiki-z1.a(rpl-timers.o)
                0x0000b1bc                rpl_schedule_unicast_dio_immediately
 .text.get_probing_delay
                0x0000b1d2       0x40 contiki-z1.a(rpl-timers.o)
                0x0000b1d2                get_probing_delay
 .text.get_probing_target
                0x0000b212       0xe2 contiki-z1.a(rpl-timers.o)
                0x0000b212                get_probing_target
 .text.rpl_schedule_probing
                0x0000b2f4       0x26 contiki-z1.a(rpl-timers.o)
                0x0000b2f4                rpl_schedule_probing
 .text.handle_probing_timer
                0x0000b31a       0x34 contiki-z1.a(rpl-timers.o)
 .text.linkaddr_copy
                0x0000b34e        0x8 contiki-z1.a(linkaddr.o)
                0x0000b34e                linkaddr_copy
 .text.linkaddr_cmp
                0x0000b356       0x12 contiki-z1.a(linkaddr.o)
                0x0000b356                linkaddr_cmp
 .text.linkaddr_set_node_addr
                0x0000b368        0xc contiki-z1.a(linkaddr.o)
                0x0000b368                linkaddr_set_node_addr
 .text.periodic
                0x0000b374       0x2c contiki-z1.a(link-stats.o)
 .text.link_stats_from_lladdr
                0x0000b3a0        0xc contiki-z1.a(link-stats.o)
                0x0000b3a0                link_stats_from_lladdr
 .text.link_stats_is_fresh
                0x0000b3ac       0x30 contiki-z1.a(link-stats.o)
                0x0000b3ac                link_stats_is_fresh
 .text.link_stats_packet_sent
                0x0000b3dc       0xc0 contiki-z1.a(link-stats.o)
                0x0000b3dc                link_stats_packet_sent
 .text.link_stats_input_callback
                0x0000b49c       0xac contiki-z1.a(link-stats.o)
                0x0000b49c                link_stats_input_callback
 .text.link_stats_init
                0x0000b548       0x22 contiki-z1.a(link-stats.o)
                0x0000b548                link_stats_init
 .text.index_from_key
                0x0000b56a       0x44 contiki-z1.a(nbr-table.o)
 .text.item_from_key
                0x0000b5ae       0x34 contiki-z1.a(nbr-table.o)
 .text.nbr_set_bit
                0x0000b5e2       0x76 contiki-z1.a(nbr-table.o)
 .text.index_from_lladdr
                0x0000b658       0x3e contiki-z1.a(nbr-table.o)
 .text.nbr_get_bit.constprop.0
                0x0000b696       0x5a contiki-z1.a(nbr-table.o)
 .text.remove_key
                0x0000b6f0       0x50 contiki-z1.a(nbr-table.o)
 .text.nbr_table_register
                0x0000b740       0x26 contiki-z1.a(nbr-table.o)
                0x0000b740                nbr_table_register
 .text.nbr_table_next
                0x0000b766       0x78 contiki-z1.a(nbr-table.o)
                0x0000b766                nbr_table_next
 .text.nbr_table_head
                0x0000b7de       0x32 contiki-z1.a(nbr-table.o)
                0x0000b7de                nbr_table_head
 .text.nbr_table_add_lladdr
                0x0000b810      0x120 contiki-z1.a(nbr-table.o)
                0x0000b810                nbr_table_add_lladdr
 .text.nbr_table_get_from_lladdr
                0x0000b930       0x44 contiki-z1.a(nbr-table.o)
                0x0000b930                nbr_table_get_from_lladdr
 .text.nbr_table_remove
                0x0000b974       0x2a contiki-z1.a(nbr-table.o)
                0x0000b974                nbr_table_remove
 .text.nbr_table_lock
                0x0000b99e       0x10 contiki-z1.a(nbr-table.o)
                0x0000b99e                nbr_table_lock
 .text.nbr_table_unlock
                0x0000b9ae       0x10 contiki-z1.a(nbr-table.o)
                0x0000b9ae                nbr_table_unlock
 .text.nbr_table_get_lladdr
                0x0000b9be       0x54 contiki-z1.a(nbr-table.o)
                0x0000b9be                nbr_table_get_lladdr
 .text.packetbuf_hdrreduce
                0x0000ba12       0x1a contiki-z1.a(packetbuf.o)
                0x0000ba12                packetbuf_hdrreduce
 .text.packetbuf_set_datalen
                0x0000ba2c        0x6 contiki-z1.a(packetbuf.o)
                0x0000ba2c                packetbuf_set_datalen
 .text.packetbuf_hdrptr
                0x0000ba32        0x6 contiki-z1.a(packetbuf.o)
                0x0000ba32                packetbuf_hdrptr
 .text.packetbuf_datalen
                0x0000ba38        0x6 contiki-z1.a(packetbuf.o)
                0x0000ba38                packetbuf_datalen
 .text.packetbuf_hdrlen
                0x0000ba3e        0xa contiki-z1.a(packetbuf.o)
                0x0000ba3e                packetbuf_hdrlen
 .text.packetbuf_dataptr
                0x0000ba48        0xc contiki-z1.a(packetbuf.o)
                0x0000ba48                packetbuf_dataptr
 .text.packetbuf_copyto
                0x0000ba54       0x3a contiki-z1.a(packetbuf.o)
                0x0000ba54                packetbuf_copyto
 .text.packetbuf_totlen
                0x0000ba8e        0xc contiki-z1.a(packetbuf.o)
                0x0000ba8e                packetbuf_totlen
 .text.packetbuf_hdralloc
                0x0000ba9a       0x3a contiki-z1.a(packetbuf.o)
                0x0000ba9a                packetbuf_hdralloc
 .text.packetbuf_attr_clear
                0x0000bad4       0x28 contiki-z1.a(packetbuf.o)
                0x0000bad4                packetbuf_attr_clear
 .text.packetbuf_clear
                0x0000bafc       0x12 contiki-z1.a(packetbuf.o)
                0x0000bafc                packetbuf_clear
 .text.packetbuf_copyfrom
                0x0000bb0e       0x2a contiki-z1.a(packetbuf.o)
                0x0000bb0e                packetbuf_copyfrom
 .text.packetbuf_attr_copyto
                0x0000bb38       0x22 contiki-z1.a(packetbuf.o)
                0x0000bb38                packetbuf_attr_copyto
 .text.packetbuf_attr_copyfrom
                0x0000bb5a       0x24 contiki-z1.a(packetbuf.o)
                0x0000bb5a                packetbuf_attr_copyfrom
 .text.packetbuf_holds_broadcast
                0x0000bb7e        0xe contiki-z1.a(packetbuf.o)
                0x0000bb7e                packetbuf_holds_broadcast
 .text.queuebuf_init
                0x0000bb8c       0x12 contiki-z1.a(queuebuf.o)
                0x0000bb8c                queuebuf_init
 .text.queuebuf_numfree
                0x0000bb9e        0xa contiki-z1.a(queuebuf.o)
                0x0000bb9e                queuebuf_numfree
 .text.queuebuf_new_from_packetbuf
                0x0000bba8       0x4e contiki-z1.a(queuebuf.o)
                0x0000bba8                queuebuf_new_from_packetbuf
 .text.queuebuf_update_attr_from_packetbuf
                0x0000bbf6       0x12 contiki-z1.a(queuebuf.o)
                0x0000bbf6                queuebuf_update_attr_from_packetbuf
 .text.queuebuf_update_from_packetbuf
                0x0000bc08       0x22 contiki-z1.a(queuebuf.o)
                0x0000bc08                queuebuf_update_from_packetbuf
 .text.queuebuf_free
                0x0000bc2a       0x2a contiki-z1.a(queuebuf.o)
                0x0000bc2a                queuebuf_free
 .text.queuebuf_to_packetbuf
                0x0000bc54       0x32 contiki-z1.a(queuebuf.o)
                0x0000bc54                queuebuf_to_packetbuf
 .text.queuebuf_attr
                0x0000bc86        0xe contiki-z1.a(queuebuf.o)
                0x0000bc86                queuebuf_attr
 .text.input_packet
                0x0000bc94        0x6 contiki-z1.a(csma.o)
 .text.on       0x0000bc9a        0x6 contiki-z1.a(csma.o)
 .text.off      0x0000bca0        0x6 contiki-z1.a(csma.o)
 .text.channel_check_interval
                0x0000bca6       0x10 contiki-z1.a(csma.o)
 .text.transmit_packet_list
                0x0000bcb6       0x24 contiki-z1.a(csma.o)
 .text.schedule_transmission
                0x0000bcda       0x86 contiki-z1.a(csma.o)
 .text.send_packet
                0x0000bd60      0x158 contiki-z1.a(csma.o)
 .text.init     0x0000beb8       0x1a contiki-z1.a(csma.o)
 .text.tx_done  0x0000bed2       0x84 contiki-z1.a(csma.o)
 .text.packet_sent
                0x0000bf56       0xc6 contiki-z1.a(csma.o)
 .text.parse    0x0000c01c       0xa2 contiki-z1.a(framer-802154.o)
 .text.create_frame.isra.0
                0x0000c0be      0x114 contiki-z1.a(framer-802154.o)
 .text.create   0x0000c1d2        0x8 contiki-z1.a(framer-802154.o)
 .text.hdr_length
                0x0000c1da        0x8 contiki-z1.a(framer-802154.o)
 .text.mac_call_sent_callback
                0x0000c1e2       0x14 contiki-z1.a(mac.o)
                0x0000c1e2                mac_call_sent_callback
 .text.duty_cycle
                0x0000c1f6        0x6 contiki-z1.a(contikimac.o)
 .text.init     0x0000c1fc       0x2a contiki-z1.a(contikimac.o)
 .text.on       0x0000c226       0x1a contiki-z1.a(contikimac.o)
 .text.off      0x0000c240       0x22 contiki-z1.a(contikimac.o)
 .text.recv_burst_off
                0x0000c262        0xa contiki-z1.a(contikimac.o)
 .text.powercycle_turn_radio_off
                0x0000c26c       0x14 contiki-z1.a(contikimac.o)
 .text.turn_off
                0x0000c280       0x20 contiki-z1.a(contikimac.o)
 .text.turn_on  0x0000c2a0       0x30 contiki-z1.a(contikimac.o)
 .text.schedule_powercycle_fixed.part.5
                0x0000c2d0       0x32 contiki-z1.a(contikimac.o)
 .text.powercycle_wrapper
                0x0000c302      0x1ba contiki-z1.a(contikimac.o)
 .text.input_packet
                0x0000c4bc       0x90 contiki-z1.a(contikimac.o)
 .text.send_packet.isra.8
                0x0000c54c      0x1b8 contiki-z1.a(contikimac.o)
 .text.qsend_list
                0x0000c704       0xb6 contiki-z1.a(contikimac.o)
 .text.qsend_packet
                0x0000c7ba       0x28 contiki-z1.a(contikimac.o)
 .text.init     0x0000c7e2        0x2 contiki-z1.a(nullsec.o)
 .text.send     0x0000c7e4        0xa contiki-z1.a(nullsec.o)
 .text.input    0x0000c7ee        0x6 contiki-z1.a(nullsec.o)
 .text.i2c_receiveinit
                0x0000c7f4       0x38 contiki-z1.a(i2cmaster.o)
                0x0000c7f4                i2c_receiveinit
 .text.i2c_transmitinit
                0x0000c82c       0x32 contiki-z1.a(i2cmaster.o)
                0x0000c82c                i2c_transmitinit
 .text.i2c_receive_n
                0x0000c85e       0x44 contiki-z1.a(i2cmaster.o)
                0x0000c85e                i2c_receive_n
 .text.i2c_busy
                0x0000c8a2        0xa contiki-z1.a(i2cmaster.o)
                0x0000c8a2                i2c_busy
 .text.i2c_enable
                0x0000c8ac       0x24 contiki-z1.a(i2cmaster.o)
                0x0000c8ac                i2c_enable
 .text.i2c_transmit_n
                0x0000c8d0       0x14 contiki-z1.a(i2cmaster.o)
                0x0000c8d0                i2c_transmit_n
 .text.i2c_tx_interrupt
                0x0000c8e4       0x8a contiki-z1.a(i2cmaster.o)
                0x0000c8e4                __isr_16
                0x0000c8e4                i2c_tx_interrupt
 .text.i2c_rx_interrupt
                0x0000c96e       0x18 contiki-z1.a(i2cmaster.o)
                0x0000c96e                i2c_rx_interrupt
                0x0000c96e                __isr_17
 .text.stimer_set
                0x0000c986       0x1c contiki-z1.a(stimer.o)
                0x0000c986                stimer_set
 .text.stimer_expired
                0x0000c9a2       0x30 contiki-z1.a(stimer.o)
                0x0000c9a2                stimer_expired
 .text.memb_init
                0x0000c9d2       0x36 contiki-z1.a(memb.o)
                0x0000c9d2                memb_init
 .text.memb_alloc
                0x0000ca08       0x3e contiki-z1.a(memb.o)
                0x0000ca08                memb_alloc
 .text.memb_free
                0x0000ca46       0x3a contiki-z1.a(memb.o)
                0x0000ca46                memb_free
 .text.memb_inmemb
                0x0000ca80       0x2e contiki-z1.a(memb.o)
                0x0000ca80                memb_inmemb
 .text.memb_numfree
                0x0000caae       0x26 contiki-z1.a(memb.o)
                0x0000caae                memb_numfree
 .text.update_nbr
                0x0000cad4       0xde contiki-z1.a(rpl-nbr-policy.)
 .text.handle_periodic_timer
                0x0000cbb2        0xe contiki-z1.a(rpl-nbr-policy.)
 .text.find_removable_dis
                0x0000cbc0       0x14 contiki-z1.a(rpl-nbr-policy.)
                0x0000cbc0                find_removable_dis
 .text.find_removable_dio
                0x0000cbd4       0x3c contiki-z1.a(rpl-nbr-policy.)
                0x0000cbd4                find_removable_dio
 .text.find_removable_dao
                0x0000cc10       0x32 contiki-z1.a(rpl-nbr-policy.)
                0x0000cc10                find_removable_dao
 .text.rpl_nbr_policy_find_removable
                0x0000cc42       0x30 contiki-z1.a(rpl-nbr-policy.)
                0x0000cc42                rpl_nbr_policy_find_removable
 .text.frame802154_get_pan_id
                0x0000cc72        0x6 contiki-z1.a(frame802154.o)
                0x0000cc72                frame802154_get_pan_id
 .text.frame802154_has_panid
                0x0000cc78       0x7a contiki-z1.a(frame802154.o)
                0x0000cc78                frame802154_has_panid
 .text.field_len
                0x0000ccf2       0xae contiki-z1.a(frame802154.o)
 .text.frame802154_is_broadcast_addr
                0x0000cda0       0x24 contiki-z1.a(frame802154.o)
                0x0000cda0                frame802154_is_broadcast_addr
 .text.frame802154_hdrlen
                0x0000cdc4       0x32 contiki-z1.a(frame802154.o)
                0x0000cdc4                frame802154_hdrlen
 .text.frame802154_create
                0x0000cdf6      0x136 contiki-z1.a(frame802154.o)
                0x0000cdf6                frame802154_create
 .text.frame802154_parse
                0x0000cf2c      0x1d4 contiki-z1.a(frame802154.o)
                0x0000cf2c                frame802154_parse
 .text.mac_sequence_is_duplicate
                0x0000d100       0x58 contiki-z1.a(mac-sequence.o)
                0x0000d100                mac_sequence_is_duplicate
 .text.mac_sequence_register_seqno
                0x0000d158       0x78 contiki-z1.a(mac-sequence.o)
                0x0000d158                mac_sequence_register_seqno
 .text.libgcc   0x0000d1d0       0x2a /usr/lib/gcc/msp430/4.6.3/mcpu-430x/mmpy-16/libgcc.a(_mulsi3.o)
                0x0000d1d0                __mulsi3
 .text.libgcc   0x0000d1fa       0x22 /usr/lib/gcc/msp430/4.6.3/mcpu-430x/mmpy-16/libgcc.a(_udivmod16.o)
                0x0000d1fa                __udivhi3
                0x0000d1fa                __ext_udivmod16
                0x0000d214                __umodhi3
 .text.libgcc   0x0000d21c       0x3a /usr/lib/gcc/msp430/4.6.3/mcpu-430x/mmpy-16/libgcc.a(_divmod16.o)
                0x0000d21c                __ext_divmod16
                0x0000d21c                __divhi3
                0x0000d24e                __modhi3
 .text.libgcc   0x0000d256       0x38 /usr/lib/gcc/msp430/4.6.3/mcpu-430x/mmpy-16/libgcc.a(_udivmod32.o)
                0x0000d256                __udivsi3
                0x0000d256                __ext_udivmod32
                0x0000d284                __umodsi3
 .text.libgcc   0x0000d28e       0x4c /usr/lib/gcc/msp430/4.6.3/mcpu-430x/mmpy-16/libgcc.a(_divmod32.o)
                0x0000d28e                __ext_divmod32
                0x0000d28e                __divsi3
                0x0000d2d0                __modsi3
 .text          0x0000d2da       0x20 /usr/lib/gcc/msp430/4.6.3/../../../../msp430/lib/mcpu-430x/mmpy-16/libc.a(memcmp.o)
                0x0000d2da                memcmp
 .text          0x0000d2fa       0xe4 /usr/lib/gcc/msp430/4.6.3/../../../../msp430/lib/mcpu-430x/mmpy-16/libc.a(memcpy.o)
                0x0000d2fa                memcpy
 .text          0x0000d3de       0xe4 /usr/lib/gcc/msp430/4.6.3/../../../../msp430/lib/mcpu-430x/mmpy-16/libc.a(memmove.o)
                0x0000d3de                memmove
 .text          0x0000d4c2       0x5c /usr/lib/gcc/msp430/4.6.3/../../../../msp430/lib/mcpu-430x/mmpy-16/libc.a(memset.o)
                0x0000d4c2                memset
 .text          0x0000d51e       0x1e /usr/lib/gcc/msp430/4.6.3/../../../../msp430/lib/mcpu-430x/mmpy-16/libc.a(printf.o)
                0x0000d51e                printf
                0x0000d52e                vprintf
 .text          0x0000d53c      0x818 /usr/lib/gcc/msp430/4.6.3/../../../../msp430/lib/mcpu-430x/mmpy-16/libc.a(vuprintf.o)
                0x0000d6b8                vuprintf
 .text          0x0000dd54       0x2c /usr/lib/gcc/msp430/4.6.3/../../../../msp430/lib/mcpu-430x/mmpy-16/libc.a(puts.o)
                0x0000dd54                puts
 .text          0x0000dd80       0x54 /usr/lib/gcc/msp430/4.6.3/../../../../msp430/lib/mcpu-430x/mmpy-16/libc.a(rand.o)
                0x0000dd80                rand_r
                0x0000dda4                rand
                0x0000ddca                srand
 .text.libgcc   0x0000ddd4       0xbc /usr/lib/gcc/msp430/4.6.3/mcpu-430x/mmpy-16/libgcc.a(_udivmod64.o)
                0x0000ddd4                __xabi_udivmod64
                0x0000de26                __udivdi3
                0x0000de40                __umoddi3
                0x0000de62                __udivmoddi4
 .text.crt0     0x0000de90        0x2 /usr/lib/gcc/msp430/4.6.3/mcpu-430x/mmpy-16/libcrt0.a(_unexpected_.o)
                0x0000de90                _unexpected_
                0x0000de92                . = ALIGN (0x2)

.rodata         0x0000de92      0x44a
                0x0000de92                . = ALIGN (0x2)
 *(.rodata .rodata.* .gnu.linkonce.r.*)
 .rodata        0x0000de92      0x16a cooja_client.co
                0x0000dfd0                autostart_processes
 .rodata        0x0000dffc      0x115 obj_z1/contiki-z1-main.o
 *fill*         0x0000e111        0x1 00
 .rodata        0x0000e112       0x70 contiki-z1.a(cc2420.o)
                0x0000e144                cc2420_aes_128_driver
                0x0000e148                cc2420_driver
 .rodata        0x0000e182        0x8 contiki-z1.a(sensors.o)
 .rodata        0x0000e18a       0x10 contiki-z1.a(button-sensor.o)
                0x0000e192                button_sensor
 .rodata        0x0000e19a       0x2e contiki-z1.a(adxl345.o)
                0x0000e1aa                adxl345
 .rodata        0x0000e1c8       0x10 contiki-z1.a(battery-sensor.)
                0x0000e1d0                battery_sensor
 .rodata        0x0000e1d8       0x16 contiki-z1.a(tmp102.o)
                0x0000e1e6                tmp102
 .rodata        0x0000e1ee        0xf contiki-z1.a(ctimer.o)
 .rodata        0x0000e1fd        0xc contiki-z1.a(etimer.o)
 *fill*         0x0000e209        0x1 00
 .rodata        0x0000e20a       0x24 contiki-z1.a(sicslowpan.o)
                0x0000e216                sicslowpan_driver
                0x0000e21c                llprefix
                0x0000e21e                unc_mxconf
                0x0000e222                unc_ctxconf
                0x0000e226                unc_llconf
 .rodata        0x0000e22e       0x20 contiki-z1.a(uip6.o)
 .rodata        0x0000e24e        0xd contiki-z1.a(tcpip.o)
 .rodata        0x0000e25b       0x28 contiki-z1.a(uip-debug.o)
 *fill*         0x0000e283        0x1 00
 .rodata        0x0000e284        0x8 contiki-z1.a(linkaddr.o)
                0x0000e284                linkaddr_null
 .rodata        0x0000e28c       0x14 contiki-z1.a(csma.o)
                0x0000e292                csma_driver
 .rodata        0x0000e2a0        0x6 contiki-z1.a(framer-802154.o)
                0x0000e2a0                framer_802154
 .rodata        0x0000e2a6       0x1c contiki-z1.a(contikimac.o)
                0x0000e2b2                contikimac_driver
 .rodata        0x0000e2c2       0x10 contiki-z1.a(nullsec.o)
                0x0000e2ca                nullsec_driver
 .rodata        0x0000e2d2        0x2 contiki-z1.a(frame802154.o)
 .rodata        0x0000e2d4        0x7 /usr/lib/gcc/msp430/4.6.3/../../../../msp430/lib/mcpu-430x/mmpy-16/libc.a(vuprintf.o)
                0x0000e2dc                . = ALIGN (0x2)
 *fill*         0x0000e2db        0x1 00
                0x0000e2dc                _etext = .

.data           0x00001100      0x116 load address 0x0000e2dc
                0x00001100                . = ALIGN (0x2)
                0x00001100                PROVIDE (__data_start, .)
 *(.data .data.* .gnu.linkonce.d.*)
 .data          0x00001100        0xa cooja_client.co
                0x00001100                udp_client_process
 .data          0x0000110a        0x2 contiki-z1.a(msp430.o)
 .data          0x0000110c        0xc contiki-z1.a(cc2420.o)
                0x0000110c                cc2420_process
 .data          0x00001118        0xa contiki-z1.a(sensors.o)
                0x00001118                sensors_process
 .data          0x00001122        0x8 contiki-z1.a(z1-sensors.o)
                0x00001122                sensors
 .data          0x0000112a       0x20 contiki-z1.a(adxl345.o)
                0x0000112a                accmeter_process
 .data          0x0000114a        0xa contiki-z1.a(ctimer.o)
                0x0000114a                ctimer_process
 .data          0x00001154        0xa contiki-z1.a(etimer.o)
                0x00001154                etimer_process
 .data          0x0000115e        0xa contiki-z1.a(uip-ds6-nbr.o)
                0x0000115e                ds6_neighbors
 .data          0x00001168       0x22 contiki-z1.a(uip-ds6-route.o)
                0x00001168                nbr_routes
 .data          0x0000118a        0xc contiki-z1.a(uip-icmp6.o)
 .data          0x00001196        0xa contiki-z1.a(tcpip.o)
                0x00001196                tcpip_process
 .data          0x000011a0        0xa contiki-z1.a(rpl-dag.o)
                0x000011a0                rpl_parents
 .data          0x000011aa       0x1a contiki-z1.a(rpl-icmp6.o)
 .data          0x000011c4       0x12 contiki-z1.a(rpl-mrhof.o)
                0x000011c4                rpl_mrhof
 .data          0x000011d6        0x8 contiki-z1.a(link-stats.o)
 .data          0x000011de        0x8 contiki-z1.a(nbr-table.o)
 .data          0x000011e6       0x10 contiki-z1.a(queuebuf.o)
 .data          0x000011f6       0x18 contiki-z1.a(csma.o)
 .data          0x0000120e        0x1 contiki-z1.a(i2cmaster.o)
                0x0000120e                prescale_lsb
 *fill*         0x0000120f        0x1 00
 .data          0x00001210        0x2 contiki-z1.a(frame802154.o)
 .data          0x00001212        0x4 /usr/lib/gcc/msp430/4.6.3/../../../../msp430/lib/mcpu-430x/mmpy-16/libc.a(rand.o)
                0x00001216                . = ALIGN (0x2)
                0x00001216                _edata = .
                0x0000e2dc                PROVIDE (__data_load_start, LOADADDR (.data))
                0x00000116                PROVIDE (__data_size, SIZEOF (.data))

.bss            0x00001216     0x1756 load address 0x0000e3f2
                0x00001216                PROVIDE (__bss_start, .)
 *(.bss .bss.*)
 .bss           0x00001216       0x38 cooja_client.co
 .bss           0x0000124e        0x4 obj_z1/contiki-z1-main.o
 .bss           0x00001252        0x1 contiki-z1.a(leds.o)
 *fill*         0x00001253        0x1 00
 .bss           0x00001254        0x2 contiki-z1.a(watchdog.o)
 .bss           0x00001256        0xa contiki-z1.a(cc2420.o)
 .bss           0x00001260        0x2 contiki-z1.a(node-id.o)
                0x00001260                node_id
 .bss           0x00001262        0x6 contiki-z1.a(sensors.o)
 .bss           0x00001268        0x8 contiki-z1.a(button-sensor.o)
 .bss           0x00001270        0x4 contiki-z1.a(uart0.o)
 .bss           0x00001274       0x16 contiki-z1.a(adxl345.o)
 .bss           0x0000128a        0x4 contiki-z1.a(sky-sensors.o)
 .bss           0x0000128e        0x1 contiki-z1.a(tmp102.o)
 *fill*         0x0000128f        0x1 00
 .bss           0x00001290        0xa contiki-z1.a(clock.o)
 .bss           0x0000129a        0x4 contiki-z1.a(ctimer.o)
 .bss           0x0000129e        0x6 contiki-z1.a(etimer.o)
 .bss           0x000012a4       0x38 contiki-z1.a(process.o)
                0x000012a4                process_current
                0x000012a6                process_list
 .bss           0x000012dc        0x2 contiki-z1.a(rtimer.o)
 .bss           0x000012de      0x6e6 contiki-z1.a(sicslowpan.o)
 .bss           0x000019c4        0xc contiki-z1.a(uip6.o)
                0x000019c4                uip_ext_opt_offset
                0x000019c6                uip_ext_len
                0x000019c8                uip_ext_bitmap
 .bss           0x000019d0       0x18 contiki-z1.a(uip-ds6.o)
 .bss           0x000019e8       0xb4 contiki-z1.a(uip-ds6-nbr.o)
 .bss           0x00001a9c      0x1e6 contiki-z1.a(uip-ds6-route.o)
 .bss           0x00001c82       0x14 contiki-z1.a(uip-icmp6.o)
 .bss           0x00001c96       0x30 contiki-z1.a(tcpip.o)
 .bss           0x00001cc6        0x2 contiki-z1.a(rpl.o)
 .bss           0x00001cc8       0x3c contiki-z1.a(rpl-dag.o)
 .bss           0x00001d04       0x18 contiki-z1.a(rpl-timers.o)
 .bss           0x00001d1c       0x64 contiki-z1.a(link-stats.o)
 .bss           0x00001d80       0x96 contiki-z1.a(nbr-table.o)
 .bss           0x00001e16       0x86 contiki-z1.a(packetbuf.o)
 .bss           0x00001e9c      0x2d0 contiki-z1.a(queuebuf.o)
 .bss           0x0000216c       0x88 contiki-z1.a(csma.o)
 .bss           0x000021f4        0x2 contiki-z1.a(framer-802154.o)
 .bss           0x000021f6       0x2a contiki-z1.a(contikimac.o)
 .bss           0x00002220        0x4 contiki-z1.a(i2cmaster.o)
                0x00002220                prescale_msb
 .bss           0x00002224       0x20 contiki-z1.a(rpl-nbr-policy.)
 .bss           0x00002244       0xe0 contiki-z1.a(mac-sequence.o)
 *(COMMON)
 COMMON         0x00002324        0x2 contiki-z1.a(msp430.o)
                0x00002324                msp430_dco_required
 COMMON         0x00002326       0x10 contiki-z1.a(cc2420.o)
                0x00002326                cc2420_last_rssi
                0x00002328                cc2420_sfd_start_time
                0x0000232a                cc2420_time_of_departure
                0x0000232c                cc2420_time_of_arrival
                0x0000232e                cc2420_last_correlation
                0x00002330                cc2420_authority_level_of_sender
                0x00002332                cc2420_sfd_counter
                0x00002334                cc2420_sfd_end_time
 COMMON         0x00002336        0x8 contiki-z1.a(node-id.o)
                0x00002336                node_mac
 COMMON         0x0000233e        0x1 contiki-z1.a(sensors.o)
                0x0000233e                sensors_event
 *fill*         0x0000233f        0x1 00
 COMMON         0x00002340        0x4 contiki-z1.a(z1-sensors.o)
                0x00002340                sensors_flags
 COMMON         0x00002344        0x4 contiki-z1.a(adxl345.o)
                0x00002344                accm_int2_cb
                0x00002346                accm_int1_cb
 COMMON         0x00002348       0x56 contiki-z1.a(energest.o)
                0x00002348                energest_total_time
                0x00002378                energest_total_count
                0x0000237a                energest_current_mode
                0x00002386                energest_current_time
 COMMON         0x0000239e        0x1 contiki-z1.a(process.o)
                0x0000239e                process_maxevents
 *fill*         0x0000239f        0x1 00
 COMMON         0x000023a0      0x314 contiki-z1.a(uip6.o)
                0x000023a0                uip_len
                0x000023a2                uip_sappdata
                0x000023a4                uip_acc32
                0x000023a8                uip_lladdr
                0x000023b0                uip_aligned_buf
                0x000024b0                uip_flags
                0x000024b2                uip_next_hdr
                0x000024b4                uip_udp_conn
                0x000024b6                uip_appdata
                0x000024b8                uip_conn
                0x000024ba                uip_conns
                0x0000256a                uip_listenports
                0x0000257a                uip_slen
                0x0000257c                uip_udp_conns
 COMMON         0x000026b4      0x15c contiki-z1.a(uip-ds6.o)
                0x000026b4                uip_ds6_timer_ra
                0x000026bc                uip_ds6_if
                0x000027a8                uip_ds6_netif_addr_list_offset
                0x000027a9                uip_ds6_addr_size
                0x000027aa                uip_ds6_prefix_list
                0x00002804                uip_ds6_timer_periodic
 COMMON         0x00002810        0x1 contiki-z1.a(tcpip.o)
                0x00002810                tcpip_event
 *fill*         0x00002811        0x1 00
 COMMON         0x00002812      0x100 contiki-z1.a(rpl-dag.o)
                0x00002812                default_instance
                0x00002814                instance_table
 COMMON         0x00002912        0x8 contiki-z1.a(linkaddr.o)
                0x00002912                linkaddr_node_addr
 COMMON         0x0000291a       0x14 contiki-z1.a(link-stats.o)
                0x0000291a                periodic_timer
 COMMON         0x0000292e       0x2e contiki-z1.a(packetbuf.o)
                0x0000292e                packetbuf_addrs
                0x0000293e                packetbuf_attrs
 COMMON         0x0000295c       0x10 contiki-z1.a(i2cmaster.o)
                0x0000295c                transmit_data1
                0x0000295d                rx_byte_ctr
                0x0000295e                tx_buf_ptr
                0x00002960                tx_byte_ctr
                0x00002962                i
                0x00002964                receive_data
                0x00002966                rx_buf
                0x00002968                transmit_data2
                0x0000296a                rx_buf_ptr
                0x0000296c                . = ALIGN (0x2)
                0x0000296c                PROVIDE (__bss_end, .)
                0x00001756                PROVIDE (__bss_size, SIZEOF (.bss))

.noinit         0x0000296c        0x2 load address 0x0000e3f2
                0x0000296c                PROVIDE (__noinit_start, .)
 *(.noinit .noinit.*)
 .noinit.crt0   0x0000296c        0x2 /usr/lib/gcc/msp430/4.6.3/mcpu-430x/mmpy-16/libcrt0.a(__watchdog_support.o)
                0x0000296c                __wdt_clear_value
                0x0000296e                . = ALIGN (0x2)
                0x0000296e                PROVIDE (__noinit_end, .)
                0x0000296e                . = ALIGN (0x2)
                0x0000296e                _end = .

.infomem        0x00001000        0x0
 *(.infomem)
                0x00001000                . = ALIGN (0x2)
 *(.infomem.*)

.infomemnobits  0x00001000        0x0
 *(.infomemnobits)
                0x00001000                . = ALIGN (0x2)
 *(.infomemnobits.*)

.infoa
 *(.infoa .infoa.*)

.infob
 *(.infob .infob.*)

.infoc
 *(.infoc .infoc.*)

.infod
 *(.infod .infod.*)

.vectors        0x0000ffc0       0x40
                0x0000ffc0                PROVIDE (__vectors_start, .)
 *(.vectors*)
 .vectors       0x0000ffc0       0x40 /usr/lib/gcc/msp430/4.6.3/mcpu-430x/mmpy-16/crt0ivtbl32.o
                0x0000ffc0                __ivtbl_32
                0x00010000                _vectors_end = .

.fartext        0x00010000        0x0
                0x00010000                . = ALIGN (0x2)
 *(.fartext)
                0x00010000                . = ALIGN (0x2)
 *(.fartext.*)
                0x00010000                _efartext = .

.profiler
 *(.profiler)

.stab           0x00000000    0x2c5b0
 *(.stab)
 .stab          0x00000000     0x1308 cooja_client.co
 .stab          0x00001308     0x1710 obj_z1/contiki-z1-main.o
                               0x1b6c (size before relaxing)
 .stab          0x00002a18      0x24c contiki-z1.a(contiki-z1-plat)
                                0x5a0 (size before relaxing)
 .stab          0x00002c64      0x588 contiki-z1.a(msp430.o)
                                0x8dc (size before relaxing)
 .stab          0x000031ec      0x5dc contiki-z1.a(leds.o)
                                0x828 (size before relaxing)
 .stab          0x000037c8      0x3fc contiki-z1.a(watchdog.o)
                                0x750 (size before relaxing)
 .stab          0x00003bc4      0x9fc contiki-z1.a(xmem.o)
                                0xf3c (size before relaxing)
 .stab          0x000045c0      0x288 contiki-z1.a(spi.o)
                                0x5dc (size before relaxing)
 .stab          0x00004848     0x28bc contiki-z1.a(cc2420.o)
                               0x2fe8 (size before relaxing)
 .stab          0x00007104      0x6e4 contiki-z1.a(cc2420-arch.o)
                               0x16b0 (size before relaxing)
 .stab          0x000077e8      0x300 contiki-z1.a(node-id.o)
                                0x6d8 (size before relaxing)
 .stab          0x00007ae8      0x654 contiki-z1.a(sensors.o)
                                0xb70 (size before relaxing)
 .stab          0x0000813c      0x468 contiki-z1.a(button-sensor.o)
                                0x7d4 (size before relaxing)
 .stab          0x000085a4      0x528 contiki-z1.a(uart0.o)
                                0xa38 (size before relaxing)
 .stab          0x00008acc      0x234 contiki-z1.a(uart0-putchar.o)
                                0x588 (size before relaxing)
 .stab          0x00008d00      0x3a8 contiki-z1.a(z1-sensors.o)
                                0x78c (size before relaxing)
 .stab          0x000090a8      0xd2c contiki-z1.a(adxl345.o)
                               0x135c (size before relaxing)
 .stab          0x00009dd4      0x318 contiki-z1.a(battery-sensor.)
                                0x684 (size before relaxing)
 .stab          0x0000a0ec      0x4f8 contiki-z1.a(sky-sensors.o)
                                0x864 (size before relaxing)
 .stab          0x0000a5e4      0x81c contiki-z1.a(tmp102.o)
                                0xd74 (size before relaxing)
 .stab          0x0000ae00      0x948 contiki-z1.a(clock.o)
                                0xc9c (size before relaxing)
 .stab          0x0000b748      0x3a8 contiki-z1.a(leds-arch.o)
                                0x6fc (size before relaxing)
 .stab          0x0000baf0      0x3cc contiki-z1.a(rtimer-arch.o)
                                0x720 (size before relaxing)
 .stab          0x0000bebc      0x294 contiki-z1.a(autostart.o)
                                0x534 (size before relaxing)
 .stab          0x0000c150      0x858 contiki-z1.a(ctimer.o)
                                0xbc4 (size before relaxing)
 .stab          0x0000c9a8      0x474 contiki-z1.a(energest.o)
                                0x6fc (size before relaxing)
 .stab          0x0000ce1c      0xabc contiki-z1.a(etimer.o)
                                0xd8c (size before relaxing)
 .stab          0x0000d8d8      0xba0 contiki-z1.a(process.o)