Archive member included because of file (symbol)

contiki-z1.a(contiki-z1-plat)
                              obj_z1/contiki-z1-main.o (init_platform)
contiki-z1.a(msp430.o)        obj_z1/contiki-z1-main.o (splhigh_)
contiki-z1.a(leds.o)          obj_z1/contiki-z1-main.o (leds_init)
contiki-z1.a(watchdog.o)      obj_z1/contiki-z1-main.o (watchdog_start)
contiki-z1.a(xmem.o)          obj_z1/contiki-z1-main.o (xmem_init)
contiki-z1.a(spi.o)           contiki-z1.a(xmem.o) (spi_init)
contiki-z1.a(cc2420.o)        obj_z1/contiki-z1-main.o (cc2420_set_pan_addr)
contiki-z1.a(cc2420-arch.o)   contiki-z1.a(cc2420.o) (cc2420_arch_init)
contiki-z1.a(node-id.o)       obj_z1/contiki-z1-main.o (node_id_restore)
contiki-z1.a(sensors.o)       udp-server-test.co (sensors_event)
contiki-z1.a(button-sensor.o)
                              udp-server-test.co (button_sensor)
contiki-z1.a(uart0.o)         obj_z1/contiki-z1-main.o (uart0_active)
contiki-z1.a(uart0-putchar.o)
                              udp-server-test.co (putchar)
contiki-z1.a(z1-sensors.o)    contiki-z1.a(sensors.o) (sensors_flags)
contiki-z1.a(adxl345.o)       obj_z1/contiki-z1-main.o (adxl345)
contiki-z1.a(tmp102.o)        contiki-z1.a(z1-sensors.o) (tmp102)
contiki-z1.a(clock.o)         obj_z1/contiki-z1-main.o (clock_init)
contiki-z1.a(leds-arch.o)     contiki-z1.a(leds.o) (leds_arch_init)
contiki-z1.a(rtimer-arch.o)   obj_z1/contiki-z1-main.o (rtimer_arch_now)
contiki-z1.a(autostart.o)     obj_z1/contiki-z1-main.o (autostart_start)
contiki-z1.a(ctimer.o)        obj_z1/contiki-z1-main.o (ctimer_init)
contiki-z1.a(energest.o)      obj_z1/contiki-z1-main.o (energest_init)
contiki-z1.a(etimer.o)        contiki-z1.a(clock.o) (etimer_request_poll)
contiki-z1.a(process.o)       udp-server-test.co (process_current)
contiki-z1.a(rtimer.o)        obj_z1/contiki-z1-main.o (rtimer_init)
contiki-z1.a(timer.o)         contiki-z1.a(button-sensor.o) (timer_set)
contiki-z1.a(list.o)          contiki-z1.a(ctimer.o) (list_init)
contiki-z1.a(random.o)        obj_z1/contiki-z1-main.o (random_init)
contiki-z1.a(sicslowpan.o)    obj_z1/contiki-z1-main.o (sicslowpan_driver)
contiki-z1.a(uip6.o)          udp-server-test.co (uip_aligned_buf)
contiki-z1.a(uip-ds6.o)       contiki-z1.a(uip6.o) (uip_ds6_is_addr_onlink)
contiki-z1.a(uip-ds6-nbr.o)   contiki-z1.a(uip-ds6.o) (uip_ds6_neighbors_init)
contiki-z1.a(uip-ds6-route.o)
                              contiki-z1.a(uip-ds6.o) (uip_ds6_route_init)
contiki-z1.a(uip-icmp6.o)     contiki-z1.a(uip6.o) (uip_icmp6_input)
contiki-z1.a(uip-nd6.o)       contiki-z1.a(uip6.o) (uip_nd6_init)
contiki-z1.a(tcpip.o)         contiki-z1.a(sicslowpan.o) (tcpip_set_outputfunc)
contiki-z1.a(uip-debug.o)     udp-server-test.co (uip_debug_ipaddr_print)
contiki-z1.a(rpl.o)           contiki-z1.a(uip-ds6-nbr.o) (rpl_link_neighbor_callback)
contiki-z1.a(rpl-dag.o)       contiki-z1.a(rpl.o) (rpl_dag_init)
contiki-z1.a(rpl-ext-header.)
                              contiki-z1.a(uip6.o) (rpl_verify_hbh_header)
contiki-z1.a(rpl-icmp6.o)     contiki-z1.a(rpl-dag.o) (rpl_icmp6_update_nbr_table)
contiki-z1.a(rpl-mrhof.o)     contiki-z1.a(rpl-dag.o) (rpl_mrhof)
contiki-z1.a(rpl-timers.o)    contiki-z1.a(rpl.o) (rpl_reset_periodic_timer)
contiki-z1.a(linkaddr.o)      obj_z1/contiki-z1-main.o (linkaddr_copy)
contiki-z1.a(link-stats.o)    contiki-z1.a(rpl-dag.o) (link_stats_from_lladdr)
contiki-z1.a(nbr-table.o)     contiki-z1.a(uip-ds6-nbr.o) (nbr_table_register)
contiki-z1.a(packetbuf.o)     contiki-z1.a(cc2420.o) (packetbuf_set_datalen)
contiki-z1.a(queuebuf.o)      obj_z1/contiki-z1-main.o (queuebuf_init)
contiki-z1.a(csma.o)          udp-server-test.co (csma_driver)
contiki-z1.a(framer-802154.o)
                              contiki-z1.a(sicslowpan.o) (framer_802154)
contiki-z1.a(mac.o)           contiki-z1.a(csma.o) (mac_call_sent_callback)
contiki-z1.a(contikimac.o)    obj_z1/contiki-z1-main.o (contikimac_driver)
contiki-z1.a(nullsec.o)       contiki-z1.a(sicslowpan.o) (nullsec_driver)
contiki-z1.a(i2cmaster.o)     contiki-z1.a(adxl345.o) (i2c_receiveinit)
contiki-z1.a(stimer.o)        contiki-z1.a(uip-ds6.o) (stimer_set)
contiki-z1.a(memb.o)          contiki-z1.a(uip-ds6-route.o) (memb_init)
contiki-z1.a(rpl-nbr-policy.)
                              contiki-z1.a(nbr-table.o) (rpl_nbr_policy_find_removable)
contiki-z1.a(frame802154.o)   contiki-z1.a(framer-802154.o) (frame802154_get_pan_id)
contiki-z1.a(mac-sequence.o)  contiki-z1.a(contikimac.o) (mac_sequence_is_duplicate)
/usr/lib/gcc/msp430/4.6.3/mcpu-430x/mmpy-16/libgcc.a(_mulsi3.o)
                              contiki-z1.a(rpl.o) (__mulsi3)
/usr/lib/gcc/msp430/4.6.3/mcpu-430x/mmpy-16/libgcc.a(_udivmod16.o)
                              contiki-z1.a(rpl-dag.o) (__udivhi3)
/usr/lib/gcc/msp430/4.6.3/mcpu-430x/mmpy-16/libgcc.a(_divmod16.o)
                              contiki-z1.a(tmp102.o) (__divhi3)
/usr/lib/gcc/msp430/4.6.3/mcpu-430x/mmpy-16/libgcc.a(_udivmod32.o)
[...]
Memory Configuration

Name             Origin             Length             Attributes
sfr              0x00000000         0x00000010
peripheral_8bit  0x00000010         0x000000f0
peripheral_16bit 0x00000100         0x00000100
ram_mirror       0x00000200         0x00000800         xw
infomem          0x00001000         0x00000100
infod            0x00001000         0x00000040
infoc            0x00001040         0x00000040
infob            0x00001080         0x00000040
infoa            0x000010c0         0x00000040
ram              0x00001100         0x00002000         xw
rom              0x00003100         0x0000cebe         xr
vectors          0x0000ffc0         0x00000040
far_rom          0x00010000         0x0000a000
bsl              0x00000000         0x00000000
ram2             0x00000000         0x00000000         xw
usbram           0x00000000         0x00000000         xw
*default*        0x00000000         0xffffffff

Linker script and memory map

LOAD /usr/lib/gcc/msp430/4.6.3/mcpu-430x/mmpy-16/crt0ivtbl32.o
                0x00000041                __P1SEL2 = 0x41
                0x00000045                __P5SEL2 = 0x45
LOAD udp-server-test.co
LOAD obj_z1/contiki-z1-main.o
LOAD contiki-z1.a
LOAD /usr/lib/gcc/msp430/4.6.3/mcpu-430x/mmpy-16/libgcc.a
LOAD /usr/lib/gcc/msp430/4.6.3/../../../../msp430/lib/mcpu-430x/mmpy-16/libc.a
LOAD /usr/lib/gcc/msp430/4.6.3/mcpu-430x/mmpy-16/libgcc.a
LOAD /usr/lib/gcc/msp430/4.6.3/mcpu-430x/mmpy-16/libcrt0.a
                0x00000040                PROVIDE (__info_segment_size, 0x40)
                0x00001000                PROVIDE (__infod, 0x1000)
                0x00001040                PROVIDE (__infoc, 0x1040)
                0x00001080                PROVIDE (__infob, 0x1080)
                0x000010c0                PROVIDE (__infoa, 0x10c0)
                0x00000000                __IE1 = 0x0
                0x00000002                __IFG1 = 0x2
                0x00000001                __IE2 = 0x1
                0x00000003                __IFG2 = 0x3
                0x00000006                __UC1IE = 0x6
                0x00000007                __UC1IFG = 0x7
                0x000001a0                __ADC12CTL0 = 0x1a0
                0x000001a2                __ADC12CTL1 = 0x1a2
                0x000001a4                __ADC12IFG = 0x1a4
                0x000001a6                __ADC12IE = 0x1a6
                0x000001a8                __ADC12IV = 0x1a8
                0x00000140                __ADC12MEM0 = 0x140
                0x00000142                __ADC12MEM1 = 0x142
                0x00000144                __ADC12MEM2 = 0x144
                0x00000146                __ADC12MEM3 = 0x146
                0x00000148                __ADC12MEM4 = 0x148
                0x0000014a                __ADC12MEM5 = 0x14a
                0x0000014c                __ADC12MEM6 = 0x14c
                0x0000014e                __ADC12MEM7 = 0x14e
                0x00000150                __ADC12MEM8 = 0x150
                0x00000152                __ADC12MEM9 = 0x152
                0x00000154                __ADC12MEM10 = 0x154
                0x00000156                __ADC12MEM11 = 0x156
                0x00000158                __ADC12MEM12 = 0x158
                0x0000015a                __ADC12MEM13 = 0x15a
                0x0000015c                __ADC12MEM14 = 0x15c
                0x0000015e                __ADC12MEM15 = 0x15e
                0x00000080                __ADC12MCTL0 = 0x80
                0x00000081                __ADC12MCTL1 = 0x81
                0x00000082                __ADC12MCTL2 = 0x82
                0x00000083                __ADC12MCTL3 = 0x83
                0x00000084                __ADC12MCTL4 = 0x84
                0x00000085                __ADC12MCTL5 = 0x85
                0x00000086                __ADC12MCTL6 = 0x86
                0x00000087                __ADC12MCTL7 = 0x87
                0x00000088                __ADC12MCTL8 = 0x88
                0x00000089                __ADC12MCTL9 = 0x89
                0x0000008a                __ADC12MCTL10 = 0x8a
                0x0000008b                __ADC12MCTL11 = 0x8b
                0x0000008c                __ADC12MCTL12 = 0x8c
                0x0000008d                __ADC12MCTL13 = 0x8d
                0x0000008e                __ADC12MCTL14 = 0x8e
                0x0000008f                __ADC12MCTL15 = 0x8f
                0x00000056                __DCOCTL = 0x56
                0x00000057                __BCSCTL1 = 0x57
                0x00000058                __BCSCTL2 = 0x58
                0x00000053                __BCSCTL3 = 0x53
                0x00000059                __CACTL1 = 0x59
                0x0000005a                __CACTL2 = 0x5a
                0x0000005b                __CAPD = 0x5b
                0x000001c0                __DAC12_0CTL = 0x1c0
                0x000001c2                __DAC12_1CTL = 0x1c2
                0x000001c8                __DAC12_0DAT = 0x1c8
                0x000001ca                __DAC12_1DAT = 0x1ca
                0x00000122                __DMACTL0 = 0x122
                0x00000124                __DMACTL1 = 0x124
                0x00000126                __DMAIV = 0x126
                0x000001d0                __DMA0CTL = 0x1d0
                0x000001dc                __DMA1CTL = 0x1dc
                0x000001e8                __DMA2CTL = 0x1e8
                0x000001d2                __DMA0SA = 0x1d2
                0x000001d2                __DMA0SAL = 0x1d2
                0x000001d6                __DMA0DA = 0x1d6
                0x000001d6                __DMA0DAL = 0x1d6
                0x000001da                __DMA0SZ = 0x1da
                0x000001de                __DMA1SA = 0x1de
                0x000001de                __DMA1SAL = 0x1de
                0x000001e2                __DMA1DA = 0x1e2
                0x000001e2                __DMA1DAL = 0x1e2
                0x000001e6                __DMA1SZ = 0x1e6
                0x000001ea                __DMA2SA = 0x1ea
                0x000001ea                __DMA2SAL = 0x1ea
                0x000001ee                __DMA2DA = 0x1ee
                0x000001ee                __DMA2DAL = 0x1ee
                0x000001f2                __DMA2SZ = 0x1f2
                0x00000128                __FCTL1 = 0x128
                0x0000012a                __FCTL2 = 0x12a
                0x0000012c                __FCTL3 = 0x12c
                0x000001be                __FCTL4 = 0x1be
                0x00000130                __MPY = 0x130
                0x00000132                __MPYS = 0x132
                0x00000134                __MAC = 0x134
                0x00000136                __MACS = 0x136
                0x00000138                __OP2 = 0x138
                0x0000013a                __RESLO = 0x13a
                0x0000013c                __RESHI = 0x13c
                0x0000013e                __SUMEXT = 0x13e
                0x00000020                __P1IN = 0x20
                0x00000021                __P1OUT = 0x21
                0x00000022                __P1DIR = 0x22
                0x00000023                __P1IFG = 0x23
                0x00000024                __P1IES = 0x24
                0x00000025                __P1IE = 0x25
                0x00000026                __P1SEL = 0x26
                0x00000027                __P1REN = 0x27
                0x00000028                __P2IN = 0x28
                0x00000029                __P2OUT = 0x29
                0x0000002a                __P2DIR = 0x2a
                0x0000002b                __P2IFG = 0x2b
                0x0000002c                __P2IES = 0x2c
                0x0000002d                __P2IE = 0x2d
                0x0000002e                __P2SEL = 0x2e
                0x0000002f                __P2REN = 0x2f
                0x00000018                __P3IN = 0x18
                0x00000019                __P3OUT = 0x19
                0x0000001a                __P3DIR = 0x1a
                0x0000001b                __P3SEL = 0x1b
                0x00000010                __P3REN = 0x10
                0x0000001c                __P4IN = 0x1c
                0x0000001d                __P4OUT = 0x1d
                0x0000001e                __P4DIR = 0x1e
                0x0000001f                __P4SEL = 0x1f
                0x00000011                __P4REN = 0x11
                0x00000030                __P5IN = 0x30
                0x00000031                __P5OUT = 0x31
                0x00000032                __P5DIR = 0x32
                0x00000033                __P5SEL = 0x33
                0x00000012                __P5REN = 0x12
                0x00000034                __P6IN = 0x34
                0x00000035                __P6OUT = 0x35
                0x00000036                __P6DIR = 0x36
                0x00000037                __P6SEL = 0x37
                0x00000013                __P6REN = 0x13
                0x00000038                __P7IN = 0x38
                0x0000003a                __P7OUT = 0x3a
                0x0000003c                __P7DIR = 0x3c
                0x0000003e                __P7SEL = 0x3e
                0x00000014                __P7REN = 0x14
                0x00000039                __P8IN = 0x39
                0x0000003b                __P8OUT = 0x3b
                0x0000003d                __P8DIR = 0x3d
                0x0000003f                __P8SEL = 0x3f
                0x00000015                __P8REN = 0x15
                0x00000038                __PAIN = 0x38
                0x0000003a                __PAOUT = 0x3a
                0x0000003c                __PADIR = 0x3c
                0x0000003e                __PASEL = 0x3e
                0x00000014                __PAREN = 0x14
                0x00000055                __SVSCTL = 0x55
                0x0000012e                __TAIV = 0x12e
                0x00000160                __TACTL = 0x160
                0x00000162                __TACCTL0 = 0x162
                0x00000164                __TACCTL1 = 0x164
                0x00000166                __TACCTL2 = 0x166
                0x00000170                __TAR = 0x170
                0x00000172                __TACCR0 = 0x172
                0x00000174                __TACCR1 = 0x174
                0x00000176                __TACCR2 = 0x176
                0x0000011e                __TBIV = 0x11e
                0x00000180                __TBCTL = 0x180
                0x00000182                __TBCCTL0 = 0x182
                0x00000184                __TBCCTL1 = 0x184
                0x00000186                __TBCCTL2 = 0x186
                0x00000188                __TBCCTL3 = 0x188
                0x0000018a                __TBCCTL4 = 0x18a
                0x0000018c                __TBCCTL5 = 0x18c
                0x0000018e                __TBCCTL6 = 0x18e
                0x00000190                __TBR = 0x190
                0x00000192                __TBCCR0 = 0x192
                0x00000194                __TBCCR1 = 0x194
                0x00000196                __TBCCR2 = 0x196
                0x00000198                __TBCCR3 = 0x198
                0x0000019a                __TBCCR4 = 0x19a
                0x0000019c                __TBCCR5 = 0x19c
                0x0000019e                __TBCCR6 = 0x19e
                0x00000060                __UCA0CTL0 = 0x60
                0x00000061                __UCA0CTL1 = 0x61
                0x00000062                __UCA0BR0 = 0x62
                0x00000063                __UCA0BR1 = 0x63
                0x00000064                __UCA0MCTL = 0x64
                0x00000065                __UCA0STAT = 0x65
                0x00000066                __UCA0RXBUF = 0x66
                0x00000067                __UCA0TXBUF = 0x67
                0x0000005d                __UCA0ABCTL = 0x5d
                0x0000005e                __UCA0IRTCTL = 0x5e
                0x0000005f                __UCA0IRRCTL = 0x5f
                0x00000068                __UCB0CTL0 = 0x68
                0x00000069                __UCB0CTL1 = 0x69
                0x0000006a                __UCB0BR0 = 0x6a
                0x0000006b                __UCB0BR1 = 0x6b
                0x0000006c                __UCB0I2CIE = 0x6c
                0x0000006d                __UCB0STAT = 0x6d
                0x0000006e                __UCB0RXBUF = 0x6e
                0x0000006f                __UCB0TXBUF = 0x6f
                0x00000118                __UCB0I2COA = 0x118
                0x0000011a                __UCB0I2CSA = 0x11a
                0x000000d0                __UCA1CTL0 = 0xd0
                0x000000d1                __UCA1CTL1 = 0xd1
                0x000000d2                __UCA1BR0 = 0xd2
                0x000000d3                __UCA1BR1 = 0xd3
                0x000000d4                __UCA1MCTL = 0xd4
                0x000000d5                __UCA1STAT = 0xd5
                0x000000d6                __UCA1RXBUF = 0xd6
                0x000000d7                __UCA1TXBUF = 0xd7
                0x000000cd                __UCA1ABCTL = 0xcd
                0x000000ce                __UCA1IRTCTL = 0xce
                0x000000cf                __UCA1IRRCTL = 0xcf
                0x000000d8                __UCB1CTL0 = 0xd8
                0x000000d9                __UCB1CTL1 = 0xd9
                0x000000da                __UCB1BR0 = 0xda
                0x000000db                __UCB1BR1 = 0xdb
                0x000000dc                __UCB1I2CIE = 0xdc
                0x000000dd                __UCB1STAT = 0xdd
                0x000000de                __UCB1RXBUF = 0xde
                0x000000df                __UCB1TXBUF = 0xdf
                0x0000017c                __UCB1I2COA = 0x17c
                0x0000017e                __UCB1I2CSA = 0x17e
                0x00000120                __WDTCTL = 0x120
                0x000010c0                __TLV_CHECKSUM = 0x10c0
                0x000010f6                __TLV_DCO_30_TAG = 0x10f6
                0x000010f7                __TLV_DCO_30_LEN = 0x10f7
                0x000010da                __TLV_ADC12_1_TAG = 0x10da
                0x000010db                __TLV_ADC12_1_LEN = 0x10db
                0x000010f8                __CALDCO_16MHZ = 0x10f8
                0x000010f9                __CALBC1_16MHZ = 0x10f9
                0x000010fa                __CALDCO_12MHZ = 0x10fa
                0x000010fb                __CALBC1_12MHZ = 0x10fb
                0x000010fc                __CALDCO_8MHZ = 0x10fc
                0x000010fd                __CALBC1_8MHZ = 0x10fd
                0x000010fe                __CALDCO_1MHZ = 0x10fe
                0x000010ff                __CALBC1_1MHZ = 0x10ff

.hash
 *(.hash)

.dynsym
 *(.dynsym)

.dynstr
 *(.dynstr)

.gnu.version
 *(.gnu.version)

.gnu.version_d
 *(.gnu.version_d)

.gnu.version_r
 *(.gnu.version_r)

.rel.init
 *(.rel.init)

.rela.init
 *(.rela.init)

.rel.fini
 *(.rel.fini)

.rela.fini
 *(.rela.fini)

.rel.text
 *(.rel.text .rel.text.* .rel.gnu.linkonce.t.*)

.rela.text
 *(.rela.text .rela.text.* .rela.gnu.linkonce.t.*)

.rel.rodata
 *(.rel.rodata .rel.rodata.* .rel.gnu.linkonce.r.*)

.rela.rodata
 *(.rela.rodata .rela.rodata.* .rela.gnu.linkonce.r.*)

.rel.data
 *(.rel.data .rel.data.* .rel.gnu.linkonce.d.*)

.rela.data
 *(.rela.data .rela.data.* .rela.gnu.linkonce.d.*)

.rel.bss
 *(.rel.bss .rel.bss.* .rel.gnu.linkonce.b.*)

.rela.bss
 *(.rela.bss .rela.bss.* .rela.gnu.linkonce.b.*)

.rel.ctors
 *(.rel.ctors)

.rela.ctors
 *(.rela.ctors)

.rel.dtors
 *(.rel.dtors)

.rela.dtors
 *(.rela.dtors)

.rel.got
 *(.rel.got)

.rela.got
 *(.rela.got)

.rel.plt
 *(.rel.plt)

.rela.plt
 *(.rela.plt)

.text           0x00003100     0xbde6
                0x00003100                . = ALIGN (0x2)
 *(.init .init.*)
 *(.init0)
 .init0         0x00003100        0x0 /usr/lib/gcc/msp430/4.6.3/mcpu-430x/mmpy-16/libcrt0.a(_reset_vector__.o)
                0x00003100                _reset_vector__
 *(.init1)
 .init1         0x00003100        0xc /usr/lib/gcc/msp430/4.6.3/mcpu-430x/mmpy-16/libcrt0.a(__watchdog_support.o)
                0x00003100                __watchdog_support
 *(.init2)
 .init2         0x0000310c        0x4 /usr/lib/gcc/msp430/4.6.3/mcpu-430x/mmpy-16/libcrt0.a(__init_stack.o)
                0x0000310c                __init_stack
 *(.init3)
 .init3         0x00003110        0x0 /usr/lib/gcc/msp430/4.6.3/mcpu-430x/mmpy-16/libcrt0.a(__low_level_init.o)
                0x00003110                __low_level_init
 *(.init4)
 .init4         0x00003110       0x18 /usr/lib/gcc/msp430/4.6.3/mcpu-430x/mmpy-16/libcrt0.a(_copy_data.o)
                0x00003110                __do_copy_data
 .init4         0x00003128       0x16 /usr/lib/gcc/msp430/4.6.3/mcpu-430x/mmpy-16/libcrt0.a(_clear_bss.o)
                0x00003128                __do_clear_bss
 *(.init5)
 *(.init6)
 *(.init7)
 *(.init8)
 *(.init9)
 .init9         0x0000313e      0x348 obj_z1/contiki-z1-main.o
                0x0000313e                main
 *(.fini9)
 .fini9         0x00003486        0x0 /usr/lib/gcc/msp430/4.6.3/mcpu-430x/mmpy-16/libcrt0.a(__stop_progExec__.o)
                0x00003486                __stop_progExec__
 *(.fini8)
 *(.fini7)
 *(.fini6)
 *(.fini5)
 *(.fini4)
 *(.fini3)
 *(.fini2)
 *(.fini1)
 *(.fini0)
 .fini0         0x00003486        0x6 /usr/lib/gcc/msp430/4.6.3/mcpu-430x/mmpy-16/libcrt0.a(_endless_loop__.o)
                0x00003486                _endless_loop__
 *(.fini .fini.*)
                0x0000348c                . = ALIGN (0x2)
                0x0000348c                __ctors_start = .
 *(.ctors)
                0x0000348c                __ctors_end = .
                0x0000348c                __dtors_start = .
 *(.dtors)
                0x0000348c                __dtors_end = .
                0x0000348c                . = ALIGN (0x2)
 *(.text .text.* .gnu.linkonce.t.*)
 .text          0x0000348c        0x4 /usr/lib/gcc/msp430/4.6.3/mcpu-430x/mmpy-16/crt0ivtbl32.o
                0x0000348c                __isr_14
                0x0000348c                __isr_4
                0x0000348c                __isr_29
                0x0000348c                __isr_11
                0x0000348c                __isr_5
                0x0000348c                __isr_2
                0x0000348c                __isr_10
                0x0000348c                __isr_7
                0x0000348c                __isr_0
                0x0000348c                __isr_28
                0x0000348c                __isr_8
                0x0000348c                __isr_20
                0x0000348c                __isr_3
                0x0000348c                __isr_12
                0x0000348c                __isr_13
                0x0000348c                __isr_27
                0x0000348c                __isr_9
                0x0000348c                __isr_30
                0x0000348c                __isr_6
                0x0000348c                __isr_22
                0x0000348c                __isr_1
                0x0000348c                __isr_15
                0x0000348c                __isr_21
 .text.crt0     0x00003490        0x0 /usr/lib/gcc/msp430/4.6.3/mcpu-430x/mmpy-16/crt0ivtbl32.o
 .text          0x00003490      0x2a4 udp-server-test.co
                0x000036ce                received_packet_attributes
 .text          0x00003734        0x6 obj_z1/contiki-z1-main.o
                0x00003734                uip_log
 .text          0x0000373a        0xc contiki-z1.a(contiki-z1-plat)
                0x0000373a                init_platform
 .text          0x00003746       0xe8 contiki-z1.a(msp430.o)
                0x00003746                msp430_init_dco
                0x0000376e                msp430_add_lpm_req
                0x0000377a                msp430_remove_lpm_req
                0x00003786                splhigh_
                0x0000378e                msp430_sync_dco
                0x00003800                msp430_cpu_init
 .text          0x0000382e      0x146 contiki-z1.a(leds.o)
                0x0000391c                leds_init
                0x00003926                leds_get
                0x0000392c                leds_set
                0x00003932                leds_on
                0x0000393c                leds_off
                0x0000394a                leds_toggle
                0x00003954                leds_blink
 .text          0x00003974       0x5c contiki-z1.a(watchdog.o)
                0x00003974                __isr_26
                0x00003974                watchdog_interrupt
                0x0000397a                watchdog_start
                0x0000398e                watchdog_periodic
                0x000039a0                watchdog_stop
                0x000039b6                watchdog_init
                0x000039ca                watchdog_reboot
 .text          0x000039d0      0x350 contiki-z1.a(xmem.o)
                0x00003a48                xmem_init
                0x00003a66                xmem_pread
                0x00003b36                xmem_pwrite
                0x00003c6a                xmem_erase
 .text          0x00003d20       0x38 contiki-z1.a(spi.o)
                0x00003d20                spi_init
 .text          0x00003d58      0xb74 contiki-z1.a(cc2420.o)
                0x0000418e                cc2420_on
                0x000041b0                cc2420_off
                0x000043da                cc2420_get_channel
                0x000043e0                cc2420_set_channel
                0x0000441a                cc2420_set_pan_addr
                0x00004466                cc2420_interrupt
                0x0000447e                cc2420_set_txpower
                0x0000448c                cc2420_get_txpower
                0x000045c8                cc2420_rssi
                0x00004712                cc2420_set_cca_threshold
                0x000047dc                cc2420_init
 .text          0x000048cc       0x1a contiki-z1.a(cc2420-arch.o)
                0x000048cc                cc2420_arch_init
 .text          0x000048e6       0x9a contiki-z1.a(node-id.o)
                0x000048e6                node_id_restore
                0x00004932                node_id_burn
 .text          0x00004980      0x158 contiki-z1.a(sensors.o)
                0x00004a3e                sensors_first
                0x00004a44                sensors_next
                0x00004a70                sensors_changed
                0x00004a9a                sensors_find
 .text          0x00004ad8      0x100 contiki-z1.a(button-sensor.o)
                0x00004b62                irq_p2
                0x00004b62                __isr_19
 .text          0x00004bd8       0xe6 contiki-z1.a(uart0.o)
                0x00004bd8                uart0_active
                0x00004be6                uart0_set_input
                0x00004bec                uart0_writeb
                0x00004c04                uart0_init
                0x00004c58                __isr_23
                0x00004c58                uart0_rx_interrupt
 .text          0x00004cbe       0x10 contiki-z1.a(uart0-putchar.o)
                0x00004cbe                putchar
 .text          0x00004cce        0x0 contiki-z1.a(z1-sensors.o)
 .text          0x00004cce      0x394 contiki-z1.a(adxl345.o)
                0x00004de2                accm_read_axis
                0x00004e68                accm_set_grange
                0x00004e98                accm_init
                0x00004f0e                accm_stop
                0x00004f66                accm_set_irq
                0x00004f9e                port1_isr
                0x00004f9e                __isr_18
 .text          0x00005062      0x172 contiki-z1.a(tmp102.o)
                0x00005074                tmp102_init
                0x00005098                tmp102_stop
                0x000050ca                tmp102_write_reg
                0x00005102                tmp102_read_reg
                0x00005162                tmp102_read_temp_raw
                0x0000516a                tmp102_read_temp_x100
                0x000051c6                tmp102_read_temp_simple
 .text          0x000051d4      0x1e8 contiki-z1.a(clock.o)
                0x000051d4                __isr_24
                0x000051d4                timera1
                0x000052de                clock_time
                0x000052f8                clock_set
                0x0000530e                clock_fine_max
                0x00005314                clock_fine
                0x00005320                clock_init
                0x00005348                clock_delay
                0x00005354                clock_wait
                0x0000537c                clock_set_seconds
                0x00005394                clock_seconds
                0x000053ae                clock_counter
 .text          0x000053bc       0x78 contiki-z1.a(leds-arch.o)
                0x000053bc                leds_arch_init
                0x000053ca                leds_arch_get
                0x000053fa                leds_arch_set
 .text          0x00005434       0x7e contiki-z1.a(rtimer-arch.o)
                0x00005434                rtimer_arch_init
                0x00005442                rtimer_arch_now
                0x00005450                __isr_25
                0x00005450                timera0
                0x000054ac                rtimer_arch_schedule
 .text          0x000054b2       0x2a contiki-z1.a(autostart.o)
                0x000054b2                autostart_start
                0x000054c8                autostart_exit
 .text          0x000054dc      0x1c4 contiki-z1.a(ctimer.o)
                0x00005578                ctimer_init
                0x00005590                ctimer_set_with_process
                0x000055de                ctimer_set
                0x000055ee                ctimer_reset
                0x0000561a                ctimer_restart
                0x00005646                ctimer_stop
                0x0000566e                ctimer_expired
 .text          0x000056a0       0xae contiki-z1.a(energest.o)
                0x000056a0                energest_init
                0x000056c8                energest_type_time
                0x00005704                energest_leveldevice_leveltime
                0x0000570a                energest_type_set
                0x00005716                energest_flush
 .text          0x0000574e      0x270 contiki-z1.a(etimer.o)
                0x000057be                etimer_request_poll
                0x000058c8                etimer_set
                0x000058da                etimer_reset_with_new_interval
                0x000058f8                etimer_reset
                0x0000590a                etimer_restart
                0x0000591c                etimer_adjust
                0x00005936                etimer_expired
                0x00005944                etimer_expiration_time
                0x00005958                etimer_start_time
                0x00005960                etimer_pending
                0x0000596c                etimer_next_expiration_time
                0x00005982                etimer_stop
 .text          0x000059be      0x282 contiki-z1.a(process.o)
                0x00005abe                process_alloc_event
                0x00005acc                process_exit
                0x00005ad6                process_init
                0x00005af2                process_run
                0x00005b7e                process_nevents
                0x00005b8c                process_post
                0x00005bd6                process_post_synch
                0x00005be8                process_start
                0x00005c1a                process_poll
                0x00005c32                process_is_running
 .text          0x00005c40       0x50 contiki-z1.a(rtimer.o)
                0x00005c40                rtimer_init
                0x00005c46                rtimer_set
                0x00005c6a                rtimer_run_next
 .text          0x00005c90       0x8c contiki-z1.a(timer.o)
                0x00005c90                timer_set
                0x00005cac                timer_reset
                0x00005cba                timer_restart
                0x00005cce                timer_expired
                0x00005cf8                timer_remaining
 .text          0x00005d1c       0xf6 contiki-z1.a(list.o)
                0x00005d1c                list_init
                0x00005d22                list_head
                0x00005d26                list_copy
                0x00005d2c                list_tail
                0x00005d3e                list_chop
                0x00005d62                list_pop
                0x00005d70                list_remove
                0x00005da4                list_push
                0x00005dba                list_add
                0x00005de0                list_length
                0x00005df0                list_insert
                0x00005e06                list_item_next
 .text          0x00005e12        0xc contiki-z1.a(random.o)
                0x00005e12                random_init
                0x00005e18                random_rand
 .text          0x00005e1e     0x1126 contiki-z1.a(sicslowpan.o)
                0x000067fa                sicslowpan_init
                0x00006f32                rime_sniffer_add
                0x00006f38                rime_sniffer_remove
                0x00006f3e                sicslowpan_get_last_rssi
 .text          0x00006f44     0x12b4 contiki-z1.a(uip6.o)
                0x00007098                uip_add32
                0x000070fc                uip_chksum
                0x00007114                uip_icmp6chksum
                0x0000711e                uip_tcpchksum
                0x00007128                uip_udpchksum
                0x00007132                uip_init
                0x00007188                uip_connect
                0x0000728e                remove_ext_hdr
                0x000072e0                uip_udp_new
                0x00007380                uip_unlisten
                0x0000739c                uip_listen
                0x000073ba                uip_process
                0x0000815a                uip_htons
                0x00008166                uip_htonl
                0x00008190                uip_send
 .text.unlikely
                0x000081f8       0x2e contiki-z1.a(uip6.o)
 .text          0x00008226      0x688 contiki-z1.a(uip-ds6.o)
                0x00008226                uip_ds6_list_loop
                0x0000828c                uip_ds6_prefix_add
                0x000082fc                uip_ds6_prefix_rm
                0x00008306                uip_ds6_prefix_lookup
                0x0000832e                uip_ds6_is_addr_onlink
                0x00008370                uip_ds6_addr_lookup
                0x0000839a                uip_ds6_get_link_local
                0x000083d8                uip_ds6_get_global
                0x00008416                uip_ds6_maddr_add
                0x0000845e                uip_ds6_addr_add
                0x00008512                uip_ds6_maddr_rm
                0x0000851c                uip_ds6_maddr_lookup
                0x00008546                uip_ds6_addr_rm
                0x0000859a                uip_ds6_periodic
                0x000085e0                uip_ds6_aaddr_add
                0x00008626                uip_ds6_aaddr_rm
                0x00008630                uip_ds6_aaddr_lookup
                0x00008658                uip_ds6_set_addr_iid
                0x0000866c                get_match_length
                0x000086a6                uip_ds6_select_src
                0x00008740                uip_ds6_compute_reachable_time
                0x00008776                uip_ds6_init
 .text          0x000088ae      0x12c contiki-z1.a(uip-ds6-nbr.o)
                0x000088ae                uip_ds6_nbr_rm
                0x000088cc                uip_ds6_neighbors_init
                0x000088de                uip_ds6_nbr_add
                0x00008914                uip_ds6_nbr_get_ipaddr
                0x00008916                uip_ds6_nbr_get_ll
                0x00008922                uip_ds6_nbr_num
                0x00008946                uip_ds6_nbr_lookup
                0x00008984                uip_ds6_nbr_ll_lookup
                0x00008990                uip_ds6_nbr_ipaddr_from_lladdr
                0x00008996                uip_ds6_nbr_lladdr_from_ipaddr
                0x000089a8                uip_ds6_link_neighbor_callback
 .text          0x000089da      0x494 contiki-z1.a(uip-ds6-route.o)
                0x00008a1a                uip_ds6_notification_add
                0x00008a32                uip_ds6_notification_rm
                0x00008a3e                uip_ds6_route_init
                0x00008a74                uip_ds6_route_nexthop
                0x00008a8e                uip_ds6_route_head
                0x00008a98                uip_ds6_route_next
                0x00008aa6                uip_ds6_route_is_nexthop
                0x00008ac4                uip_ds6_route_num_routes
                0x00008aca                uip_ds6_route_lookup
                0x00008b38                uip_ds6_route_rm
                0x00008c12                uip_ds6_route_add
                0x00008d0e                uip_ds6_route_rm_by_nexthop
                0x00008d22                uip_ds6_defrt_rm
                0x00008d66                uip_ds6_defrt_lookup
                0x00008d98                uip_ds6_defrt_add
                0x00008e00                uip_ds6_defrt_choose
                0x00008e36                uip_ds6_defrt_periodic
 .text          0x00008e6e      0x3e4 contiki-z1.a(uip-icmp6.o)
                0x00008fe2                uip_icmp6_input
                0x00009022                uip_icmp6_register_input_handler
                0x0000902e                uip_icmp6_error_output
                0x00009196                uip_icmp6_send
                0x0000921c                uip_icmp6_echo_reply_callback_add
                0x00009234                uip_icmp6_echo_reply_callback_rm
                0x00009240                uip_icmp6_init
 .text          0x00009252      0x17c contiki-z1.a(uip-nd6.o)
                0x00009252                uip_nd6_ns_output
                0x000093cc                uip_nd6_init
 .text          0x000093ce      0x408 contiki-z1.a(tcpip.o)
                0x000093e4                tcpip_output
                0x000093f4                tcpip_set_outputfunc
                0x000093fa                tcp_unlisten
                0x00009420                tcp_listen
                0x00009444                tcp_attach
                0x00009450                udp_attach
                0x0000945c                udp_new
                0x00009476                udp_broadcast_new
                0x000094bc                tcpip_input
                0x000094d2                tcpip_ipv6_output
                0x00009734                tcpip_poll_udp
                0x00009742                tcpip_poll_tcp
                0x00009750                tcp_connect
                0x00009772                tcpip_uipcall
 .text          0x000097d6       0xba contiki-z1.a(uip-debug.o)
                0x000097d6                uip_debug_ipaddr_print
 .text          0x00009890      0x29c contiki-z1.a(rpl.o)
                0x00009890                rpl_get_mode
                0x00009896                rpl_set_mode
                0x000098e8                rpl_purge_routes
                0x0000997e                rpl_remove_routes
                0x000099a0                rpl_remove_routes_by_nexthop
                0x000099de                rpl_add_route
                0x00009a20                rpl_link_neighbor_callback
                0x00009a6c                rpl_ipv6_neighbor_callback
                0x00009a8a                rpl_purge_dags
                0x00009ae8                rpl_init
 .text          0x00009b2c     0x11fe contiki-z1.a(rpl-dag.o)
                0x00009c94                rpl_dag_init
                0x00009ca2                rpl_get_parent
                0x00009cae                rpl_get_parent_rank
                0x00009cc6                rpl_get_parent_link_metric
                0x00009cf4                rpl_rank_via_parent
                0x00009d22                rpl_get_parent_lladdr
                0x00009d2e                rpl_get_nbr
                0x00009d46                rpl_get_parent_ipaddr
                0x00009d50                rpl_get_parent_link_stats
                0x00009d5a                rpl_print_neighbor_list
                0x00009e68                rpl_parent_is_fresh
                0x00009ed6                rpl_parent_is_reachable
                0x00009f1c                rpl_set_prefix
                0x00009f90                rpl_set_default_route
                0x00009fca                rpl_alloc_instance
                0x00009ffe                rpl_set_default_instance
                0x0000a004                rpl_get_default_instance
                0x0000a00a                rpl_add_parent
                0x0000a044                rpl_find_parent
                0x0000a05c                rpl_find_parent_any_dag
                0x0000a07c                rpl_select_parent
                0x0000a0de                rpl_select_dag
                0x0000a24c                rpl_nullify_parent
                0x0000a2a8                rpl_remove_parent
                0x0000a2f0                rpl_free_dag
                0x0000a334                rpl_free_instance
                0x0000a39c                rpl_move_parent
                0x0000a3fc                rpl_has_downward_route
                0x0000a412                rpl_get_dag
                0x0000a46e                rpl_get_any_dag
                0x0000a486                rpl_get_instance
                0x0000a4a0                rpl_alloc_dag
                0x0000a4fc                rpl_repair_root
                0x0000a54c                rpl_find_of
                0x0000a55c                rpl_set_root
                0x0000a68a                rpl_join_instance
                0x0000a7ce                rpl_local_repair
                0x0000a846                rpl_process_parent_event
                0x0000a8c8                rpl_recalculate_ranks
                0x0000a90e                rpl_add_dag
                0x0000aa12                rpl_process_dio
 .text          0x0000ad2a      0x326 contiki-z1.a(rpl-ext-header.)
                0x0000ae8a                rpl_verify_hbh_header
                0x0000af82                rpl_remove_header
                0x0000aff8                rpl_update_header
 .text          0x0000b050      0xa5a contiki-z1.a(rpl-icmp6.o)
                0x0000b38a                rpl_icmp6_update_nbr_table
                0x0000b614                dis_output
                0x0000b664                dio_output
                0x0000b8ee                dao_output_target
                0x0000b9e6                dao_output
                0x0000ba86                dao_ack_output
                0x0000ba88                rpl_icmp6_register_handlers
 .text          0x0000baaa      0x190 contiki-z1.a(rpl-mrhof.o)
 .text          0x0000bc3a      0x4fa contiki-z1.a(rpl-timers.o)
                0x0000befe                rpl_reset_periodic_timer
                0x0000bf5a                rpl_reset_dio_timer
                0x0000bf72                rpl_schedule_dao
                0x0000bf7e                rpl_schedule_dao_immediately
                0x0000bf88                rpl_cancel_dao
                0x0000bfa2                rpl_schedule_unicast_dio_immediately
                0x0000bfb8                get_probing_delay
                0x0000bff8                get_probing_target
                0x0000c0da                rpl_schedule_probing
 .text          0x0000c134       0x26 contiki-z1.a(linkaddr.o)
                0x0000c134                linkaddr_copy
                0x0000c13c                linkaddr_cmp
                0x0000c14e                linkaddr_set_node_addr
 .text          0x0000c15a      0x238 contiki-z1.a(link-stats.o)
                0x0000c186                link_stats_from_lladdr
                0x0000c192                link_stats_is_fresh
                0x0000c1c2                guess_etx_from_rssi
                0x0000c204                link_stats_packet_sent
                0x0000c2c4                link_stats_input_callback
                0x0000c370                link_stats_init
 .text          0x0000c392      0x4fc contiki-z1.a(nbr-table.o)
                0x0000c568                nbr_table_register
                0x0000c58e                nbr_table_next
                0x0000c606                nbr_table_head
                0x0000c638                nbr_table_add_lladdr
                0x0000c758                nbr_table_get_from_lladdr
                0x0000c79c                nbr_table_remove
                0x0000c7c6                nbr_table_lock
                0x0000c7d6                nbr_table_unlock
                0x0000c7e6                nbr_table_get_lladdr
                0x0000c83a                nbr_table_update_lladdr
 .text          0x0000c88e      0x1b0 contiki-z1.a(packetbuf.o)
                0x0000c88e                packetbuf_hdrreduce
                0x0000c8a8                packetbuf_set_datalen
                0x0000c8ae                packetbuf_hdrptr
                0x0000c8b4                packetbuf_datalen
                0x0000c8ba                packetbuf_hdrlen
                0x0000c8c4                packetbuf_dataptr
                0x0000c8d0                packetbuf_copyto
                0x0000c90a                packetbuf_compact
                0x0000c940                packetbuf_totlen
                0x0000c94c                packetbuf_hdralloc
                0x0000c986                packetbuf_attr_clear
                0x0000c9ae                packetbuf_clear
                0x0000c9c0                packetbuf_copyfrom
                0x0000c9ea                packetbuf_attr_copyto
                0x0000ca0c                packetbuf_attr_copyfrom
                0x0000ca30                packetbuf_holds_broadcast
 .text          0x0000ca3e      0x13c contiki-z1.a(queuebuf.o)
                0x0000ca3e                queuebuf_init
                0x0000ca50                queuebuf_numfree
                0x0000ca5a                queuebuf_new_from_packetbuf
                0x0000caa8                queuebuf_update_attr_from_packetbuf
                0x0000caba                queuebuf_update_from_packetbuf
                0x0000cadc                queuebuf_free
                0x0000cb06                queuebuf_to_packetbuf
                0x0000cb38                queuebuf_dataptr
                0x0000cb54                queuebuf_datalen
                0x0000cb5c                queuebuf_addr
                0x0000cb6a                queuebuf_attr
                0x0000cb78                queuebuf_debug_print
 .text          0x0000cb7a      0x388 contiki-z1.a(csma.o)
 .text          0x0000cf02      0x1c6 contiki-z1.a(framer-802154.o)
 .text          0x0000d0c8       0x14 contiki-z1.a(mac.o)
                0x0000d0c8                mac_call_sent_callback
 .text          0x0000d0dc      0x5f0 contiki-z1.a(contikimac.o)
                0x0000d6c8                contikimac_debug_print
 .text          0x0000d6cc       0x12 contiki-z1.a(nullsec.o)
 .text          0x0000d6de      0x1b2 contiki-z1.a(i2cmaster.o)
                0x0000d6de                i2c_setrate
                0x0000d6e4                i2c_receiveinit
                0x0000d71c                i2c_transmitinit
                0x0000d74e                i2c_receive_n
                0x0000d792                i2c_busy
                0x0000d79c                i2c_enable
                0x0000d7c0                i2c_disable
                0x0000d7da                i2c_transmit_n
                0x0000d7ee                __isr_16
                0x0000d7ee                i2c_tx_interrupt
                0x0000d878                i2c_rx_interrupt
                0x0000d878                __isr_17
 .text          0x0000d890       0xa4 contiki-z1.a(stimer.o)
                0x0000d890                stimer_set
                0x0000d8ac                stimer_reset
                0x0000d8ba                stimer_restart
                0x0000d8ce                stimer_expired
                0x0000d8fe                stimer_remaining
                0x0000d922                stimer_elapsed
 .text          0x0000d934      0x102 contiki-z1.a(memb.o)
                0x0000d934                memb_init
                0x0000d96a                memb_alloc
                0x0000d9a8                memb_free
                0x0000d9e2                memb_inmemb
                0x0000da10                memb_numfree
 .text          0x0000da36      0x19e contiki-z1.a(rpl-nbr-policy.)
                0x0000db22                find_removable_dis
                0x0000db36                find_removable_dio
                0x0000db72                find_removable_dao
                0x0000dba4                rpl_nbr_policy_find_removable
 .text          0x0000dbd4      0x558 contiki-z1.a(frame802154.o)
                0x0000dbd4                frame802154_get_pan_id
                0x0000dbda                frame802154_set_pan_id
                0x0000dbe0                frame802154_has_panid
                0x0000dd08                frame802154_check_dest_panid
                0x0000dd40                frame802154_is_broadcast_addr
                0x0000dd64                frame802154_extract_linkaddr
                0x0000ddf0                frame802154_hdrlen
                0x0000de22                frame802154_create
                0x0000df58                frame802154_parse
 .text          0x0000e12c       0xd0 contiki-z1.a(mac-sequence.o)
                0x0000e12c                mac_sequence_is_duplicate
                0x0000e184                mac_sequence_register_seqno
 .text          0x0000e1fc        0x0 /usr/lib/gcc/msp430/4.6.3/mcpu-430x/mmpy-16/libgcc.a(_mulsi3.o)
 .text.libgcc   0x0000e1fc       0x2a /usr/lib/gcc/msp430/4.6.3/mcpu-430x/mmpy-16/libgcc.a(_mulsi3.o)
                0x0000e1fc                __mulsi3
 .text          0x0000e226        0x0 /usr/lib/gcc/msp430/4.6.3/mcpu-430x/mmpy-16/libgcc.a(_udivmod16.o)
 .text.libgcc   0x0000e226       0x22 /usr/lib/gcc/msp430/4.6.3/mcpu-430x/mmpy-16/libgcc.a(_udivmod16.o)
                0x0000e226                __udivhi3
                0x0000e226                __ext_udivmod16
                0x0000e240                __umodhi3
 .text          0x0000e248        0x0 /usr/lib/gcc/msp430/4.6.3/mcpu-430x/mmpy-16/libgcc.a(_divmod16.o)
 .text.libgcc   0x0000e248       0x3a /usr/lib/gcc/msp430/4.6.3/mcpu-430x/mmpy-16/libgcc.a(_divmod16.o)
                0x0000e248                __ext_divmod16
                0x0000e248                __divhi3
                0x0000e27a                __modhi3
 .text          0x0000e282        0x0 /usr/lib/gcc/msp430/4.6.3/mcpu-430x/mmpy-16/libgcc.a(_udivmod32.o)
 .text.libgcc   0x0000e282       0x38 /usr/lib/gcc/msp430/4.6.3/mcpu-430x/mmpy-16/libgcc.a(_udivmod32.o)
                0x0000e282                __udivsi3
                0x0000e282                __ext_udivmod32
                0x0000e2b0                __umodsi3
 .text          0x0000e2ba        0x0 /usr/lib/gcc/msp430/4.6.3/mcpu-430x/mmpy-16/libgcc.a(_divmod32.o)
 .text.libgcc   0x0000e2ba       0x4c /usr/lib/gcc/msp430/4.6.3/mcpu-430x/mmpy-16/libgcc.a(_divmod32.o)
                0x0000e2ba                __ext_divmod32
                0x0000e2ba                __divsi3
                0x0000e2fc                __modsi3
 .text          0x0000e306       0x28 /usr/lib/gcc/msp430/4.6.3/../../../../msp430/lib/mcpu-430x/mmpy-16/libc.a(strncmp.o)
                0x0000e306                strncmp
 .text          0x0000e32e       0x20 /usr/lib/gcc/msp430/4.6.3/../../../../msp430/lib/mcpu-430x/mmpy-16/libc.a(memcmp.o)
                0x0000e32e                memcmp
 .text          0x0000e34e       0xe4 /usr/lib/gcc/msp430/4.6.3/../../../../msp430/lib/mcpu-430x/mmpy-16/libc.a(memcpy.o)
                0x0000e34e                memcpy
 .text          0x0000e432       0xe4 /usr/lib/gcc/msp430/4.6.3/../../../../msp430/lib/mcpu-430x/mmpy-16/libc.a(memmove.o)
                0x0000e432                memmove
 .text          0x0000e516       0x5c /usr/lib/gcc/msp430/4.6.3/../../../../msp430/lib/mcpu-430x/mmpy-16/libc.a(memset.o)
                0x0000e516                memset
 .text          0x0000e572       0x1e /usr/lib/gcc/msp430/4.6.3/../../../../msp430/lib/mcpu-430x/mmpy-16/libc.a(printf.o)
                0x0000e572                printf
                0x0000e582                vprintf
 .text          0x0000e590      0x818 /usr/lib/gcc/msp430/4.6.3/../../../../msp430/lib/mcpu-430x/mmpy-16/libc.a(vuprintf.o)
                0x0000e70c                vuprintf
 .text          0x0000eda8       0x2c /usr/lib/gcc/msp430/4.6.3/../../../../msp430/lib/mcpu-430x/mmpy-16/libc.a(puts.o)
                0x0000eda8                puts
 .text          0x0000edd4       0x54 /usr/lib/gcc/msp430/4.6.3/../../../../msp430/lib/mcpu-430x/mmpy-16/libc.a(rand.o)
                0x0000edd4                rand_r
                0x0000edf8                rand
                0x0000ee1e                srand
 .text          0x0000ee28        0x0 /usr/lib/gcc/msp430/4.6.3/mcpu-430x/mmpy-16/libgcc.a(_udivmod64.o)
 .text.libgcc   0x0000ee28       0xbc /usr/lib/gcc/msp430/4.6.3/mcpu-430x/mmpy-16/libgcc.a(_udivmod64.o)
                0x0000ee28                __xabi_udivmod64
                0x0000ee7a                __udivdi3
                0x0000ee94                __umoddi3
                0x0000eeb6                __udivmoddi4
 .text          0x0000eee4        0x0 /usr/lib/gcc/msp430/4.6.3/mcpu-430x/mmpy-16/libcrt0.a(_reset_vector__.o)
 .text          0x0000eee4        0x0 /usr/lib/gcc/msp430/4.6.3/mcpu-430x/mmpy-16/libcrt0.a(__watchdog_support.o)
 .text          0x0000eee4        0x0 /usr/lib/gcc/msp430/4.6.3/mcpu-430x/mmpy-16/libcrt0.a(__init_stack.o)
 .text          0x0000eee4        0x0 /usr/lib/gcc/msp430/4.6.3/mcpu-430x/mmpy-16/libcrt0.a(__low_level_init.o)
 .text          0x0000eee4        0x0 /usr/lib/gcc/msp430/4.6.3/mcpu-430x/mmpy-16/libcrt0.a(_copy_data.o)
 .text          0x0000eee4        0x0 /usr/lib/gcc/msp430/4.6.3/mcpu-430x/mmpy-16/libcrt0.a(_clear_bss.o)
 .text          0x0000eee4        0x0 /usr/lib/gcc/msp430/4.6.3/mcpu-430x/mmpy-16/libcrt0.a(__stop_progExec__.o)
 .text          0x0000eee4        0x0 /usr/lib/gcc/msp430/4.6.3/mcpu-430x/mmpy-16/libcrt0.a(_endless_loop__.o)
 .text          0x0000eee4        0x0 /usr/lib/gcc/msp430/4.6.3/mcpu-430x/mmpy-16/libcrt0.a(_unexpected_.o)
 .text.crt0     0x0000eee4        0x2 /usr/lib/gcc/msp430/4.6.3/mcpu-430x/mmpy-16/libcrt0.a(_unexpected_.o)
                0x0000eee4                _unexpected_
                0x0000eee6                . = ALIGN (0x2)

.rodata         0x0000eee6      0x570
                0x0000eee6                . = ALIGN (0x2)
 *(.rodata .rodata.* .gnu.linkonce.r.*)
 .rodata        0x0000eee6      0x1f0 udp-server-test.co
                0x0000f0be                autostart_processes
 .rodata        0x0000f0d6      0x115 obj_z1/contiki-z1-main.o
 .rodata        0x0000f1eb       0x2c contiki-z1.a(xmem.o)
 *fill*         0x0000f217        0x1 00
 .rodata        0x0000f218       0x70 contiki-z1.a(cc2420.o)
                0x0000f24a                cc2420_aes_128_driver
                0x0000f24e                cc2420_driver
 .rodata        0x0000f288        0x8 contiki-z1.a(sensors.o)
 .rodata        0x0000f290       0x10 contiki-z1.a(button-sensor.o)
                0x0000f298                button_sensor
 .rodata        0x0000f2a0       0x2e contiki-z1.a(adxl345.o)
                0x0000f2b0                adxl345
 .rodata        0x0000f2ce       0x16 contiki-z1.a(tmp102.o)
                0x0000f2dc                tmp102
 .rodata        0x0000f2e4        0xf contiki-z1.a(ctimer.o)
 .rodata        0x0000f2f3        0xc contiki-z1.a(etimer.o)
 *fill*         0x0000f2ff        0x1 00
 .rodata        0x0000f300       0x24 contiki-z1.a(sicslowpan.o)
                0x0000f30c                sicslowpan_driver
                0x0000f312                llprefix
                0x0000f314                unc_mxconf
                0x0000f318                unc_ctxconf
                0x0000f31c                unc_llconf
 .rodata        0x0000f324       0x20 contiki-z1.a(uip6.o)
 .rodata        0x0000f344        0xd contiki-z1.a(tcpip.o)
 .rodata        0x0000f351       0x28 contiki-z1.a(uip-debug.o)
 .rodata        0x0000f379       0x84 contiki-z1.a(rpl-dag.o)
 *fill*         0x0000f3fd        0x1 00
 .rodata        0x0000f3fe        0x8 contiki-z1.a(linkaddr.o)
                0x0000f3fe                linkaddr_null
 .rodata        0x0000f406       0x14 contiki-z1.a(csma.o)
                0x0000f40c                csma_driver
 .rodata        0x0000f41a        0x6 contiki-z1.a(framer-802154.o)
                0x0000f41a                framer_802154
 .rodata        0x0000f420       0x1c contiki-z1.a(contikimac.o)
                0x0000f42c                contikimac_driver
 .rodata        0x0000f43c       0x10 contiki-z1.a(nullsec.o)
                0x0000f444                nullsec_driver
 .rodata        0x0000f44c        0x2 contiki-z1.a(frame802154.o)
 .rodata        0x0000f44e        0x7 /usr/lib/gcc/msp430/4.6.3/../../../../msp430/lib/mcpu-430x/mmpy-16/libc.a(vuprintf.o)
                0x0000f456                . = ALIGN (0x2)
 *fill*         0x0000f455        0x1 00
                0x0000f456                _etext = .

.data           0x00001100      0x116 load address 0x0000f456
                0x00001100                . = ALIGN (0x2)
                0x00001100                PROVIDE (__data_start, .)
 *(.data .data.* .gnu.linkonce.d.*)
 .data          0x00001100        0x0 /usr/lib/gcc/msp430/4.6.3/mcpu-430x/mmpy-16/crt0ivtbl32.o
 .data          0x00001100        0xa udp-server-test.co
                0x00001100                udp_server_process
 .data          0x0000110a        0x0 obj_z1/contiki-z1-main.o
 .data          0x0000110a        0x0 contiki-z1.a(contiki-z1-plat)
 .data          0x0000110a        0x2 contiki-z1.a(msp430.o)
 .data          0x0000110c        0x0 contiki-z1.a(leds.o)
 .data          0x0000110c        0x0 contiki-z1.a(watchdog.o)
 .data          0x0000110c        0x0 contiki-z1.a(xmem.o)
 .data          0x0000110c        0x0 contiki-z1.a(spi.o)
 .data          0x0000110c        0xc contiki-z1.a(cc2420.o)
                0x0000110c                cc2420_process
 .data          0x00001118        0x0 contiki-z1.a(cc2420-arch.o)
 .data          0x00001118        0x0 contiki-z1.a(node-id.o)
 .data          0x00001118        0xa contiki-z1.a(sensors.o)
                0x00001118                sensors_process
 .data          0x00001122        0x0 contiki-z1.a(button-sensor.o)
 .data          0x00001122        0x0 contiki-z1.a(uart0.o)
 .data          0x00001122        0x0 contiki-z1.a(uart0-putchar.o)
 .data          0x00001122        0x8 contiki-z1.a(z1-sensors.o)
                0x00001122                sensors
 .data          0x0000112a       0x20 contiki-z1.a(adxl345.o)
                0x0000112a                accmeter_process
 .data          0x0000114a        0x0 contiki-z1.a(tmp102.o)
 .data          0x0000114a        0x0 contiki-z1.a(clock.o)
 .data          0x0000114a        0x0 contiki-z1.a(leds-arch.o)
 .data          0x0000114a        0x0 contiki-z1.a(rtimer-arch.o)
 .data          0x0000114a        0x0 contiki-z1.a(autostart.o)
 .data          0x0000114a        0xa contiki-z1.a(ctimer.o)
                0x0000114a                ctimer_process
 .data          0x00001154        0x0 contiki-z1.a(energest.o)
 .data          0x00001154        0xa contiki-z1.a(etimer.o)
                0x00001154                etimer_process
 .data          0x0000115e        0x0 contiki-z1.a(process.o)
 .data          0x0000115e        0x0 contiki-z1.a(rtimer.o)
 .data          0x0000115e        0x0 contiki-z1.a(timer.o)
 .data          0x0000115e        0x0 contiki-z1.a(list.o)
 .data          0x0000115e        0x0 contiki-z1.a(random.o)
 .data          0x0000115e        0x0 contiki-z1.a(sicslowpan.o)
 .data          0x0000115e        0x0 contiki-z1.a(uip6.o)
 .data          0x0000115e        0x0 contiki-z1.a(uip-ds6.o)
 .data          0x0000115e        0xa contiki-z1.a(uip-ds6-nbr.o)
                0x0000115e                ds6_neighbors
 .data          0x00001168       0x22 contiki-z1.a(uip-ds6-route.o)
                0x00001168                nbr_routes
 .data          0x0000118a        0xc contiki-z1.a(uip-icmp6.o)
 .data          0x00001196        0x0 contiki-z1.a(uip-nd6.o)
 .data          0x00001196        0xa contiki-z1.a(tcpip.o)
                0x00001196                tcpip_process
 .data          0x000011a0        0x0 contiki-z1.a(uip-debug.o)
 .data          0x000011a0        0x0 contiki-z1.a(rpl.o)
 .data          0x000011a0        0xa contiki-z1.a(rpl-dag.o)
                0x000011a0                rpl_parents
 .data          0x000011aa        0x0 contiki-z1.a(rpl-ext-header.)
 .data          0x000011aa       0x1a contiki-z1.a(rpl-icmp6.o)
 .data          0x000011c4       0x12 contiki-z1.a(rpl-mrhof.o)
                0x000011c4                rpl_mrhof
 .data          0x000011d6        0x0 contiki-z1.a(rpl-timers.o)
 .data          0x000011d6        0x0 contiki-z1.a(linkaddr.o)
 .data          0x000011d6        0x8 contiki-z1.a(link-stats.o)
 .data          0x000011de        0x8 contiki-z1.a(nbr-table.o)
 .data          0x000011e6        0x0 contiki-z1.a(packetbuf.o)
 .data          0x000011e6       0x10 contiki-z1.a(queuebuf.o)
 .data          0x000011f6       0x18 contiki-z1.a(csma.o)
 .data          0x0000120e        0x0 contiki-z1.a(framer-802154.o)
 .data          0x0000120e        0x0 contiki-z1.a(mac.o)
 .data          0x0000120e        0x0 contiki-z1.a(contikimac.o)
 .data          0x0000120e        0x0 contiki-z1.a(nullsec.o)
 .data          0x0000120e        0x1 contiki-z1.a(i2cmaster.o)
                0x0000120e                prescale_lsb
 .data          0x0000120f        0x0 contiki-z1.a(stimer.o)
 .data          0x0000120f        0x0 contiki-z1.a(memb.o)
 .data          0x0000120f        0x0 contiki-z1.a(rpl-nbr-policy.)
 *fill*         0x0000120f        0x1 00
 .data          0x00001210        0x2 contiki-z1.a(frame802154.o)
 .data          0x00001212        0x0 contiki-z1.a(mac-sequence.o)
 .data          0x00001212        0x0 /usr/lib/gcc/msp430/4.6.3/mcpu-430x/mmpy-16/libgcc.a(_mulsi3.o)
 .data          0x00001212        0x0 /usr/lib/gcc/msp430/4.6.3/mcpu-430x/mmpy-16/libgcc.a(_udivmod16.o)
 .data          0x00001212        0x0 /usr/lib/gcc/msp430/4.6.3/mcpu-430x/mmpy-16/libgcc.a(_divmod16.o)
 .data          0x00001212        0x0 /usr/lib/gcc/msp430/4.6.3/mcpu-430x/mmpy-16/libgcc.a(_udivmod32.o)
 .data          0x00001212        0x0 /usr/lib/gcc/msp430/4.6.3/mcpu-430x/mmpy-16/libgcc.a(_divmod32.o)
 .data          0x00001212        0x0 /usr/lib/gcc/msp430/4.6.3/../../../../msp430/lib/mcpu-430x/mmpy-16/libc.a(strncmp.o)
 .data          0x00001212        0x0 /usr/lib/gcc/msp430/4.6.3/../../../../msp430/lib/mcpu-430x/mmpy-16/libc.a(memcmp.o)
 .data          0x00001212        0x0 /usr/lib/gcc/msp430/4.6.3/../../../../msp430/lib/mcpu-430x/mmpy-16/libc.a(memcpy.o)
 .data          0x00001212        0x0 /usr/lib/gcc/msp430/4.6.3/../../../../msp430/lib/mcpu-430x/mmpy-16/libc.a(memmove.o)
 .data          0x00001212        0x0 /usr/lib/gcc/msp430/4.6.3/../../../../msp430/lib/mcpu-430x/mmpy-16/libc.a(memset.o)
 .data          0x00001212        0x0 /usr/lib/gcc/msp430/4.6.3/../../../../msp430/lib/mcpu-430x/mmpy-16/libc.a(printf.o)
 .data          0x00001212        0x0 /usr/lib/gcc/msp430/4.6.3/../../../../msp430/lib/mcpu-430x/mmpy-16/libc.a(vuprintf.o)
 .data          0x00001212        0x0 /usr/lib/gcc/msp430/4.6.3/../../../../msp430/lib/mcpu-430x/mmpy-16/libc.a(puts.o)
 .data          0x00001212        0x4 /usr/lib/gcc/msp430/4.6.3/../../../../msp430/lib/mcpu-430x/mmpy-16/libc.a(rand.o)
 .data          0x00001216        0x0 /usr/lib/gcc/msp430/4.6.3/mcpu-430x/mmpy-16/libgcc.a(_udivmod64.o)
 .data          0x00001216        0x0 /usr/lib/gcc/msp430/4.6.3/mcpu-430x/mmpy-16/libcrt0.a(_reset_vector__.o)
 .data          0x00001216        0x0 /usr/lib/gcc/msp430/4.6.3/mcpu-430x/mmpy-16/libcrt0.a(__watchdog_support.o)
 .data          0x00001216        0x0 /usr/lib/gcc/msp430/4.6.3/mcpu-430x/mmpy-16/libcrt0.a(__init_stack.o)
 .data          0x00001216        0x0 /usr/lib/gcc/msp430/4.6.3/mcpu-430x/mmpy-16/libcrt0.a(__low_level_init.o)
 .data          0x00001216        0x0 /usr/lib/gcc/msp430/4.6.3/mcpu-430x/mmpy-16/libcrt0.a(_copy_data.o)
 .data          0x00001216        0x0 /usr/lib/gcc/msp430/4.6.3/mcpu-430x/mmpy-16/libcrt0.a(_clear_bss.o)
 .data          0x00001216        0x0 /usr/lib/gcc/msp430/4.6.3/mcpu-430x/mmpy-16/libcrt0.a(__stop_progExec__.o)
 .data          0x00001216        0x0 /usr/lib/gcc/msp430/4.6.3/mcpu-430x/mmpy-16/libcrt0.a(_endless_loop__.o)
 .data          0x00001216        0x0 /usr/lib/gcc/msp430/4.6.3/mcpu-430x/mmpy-16/libcrt0.a(_unexpected_.o)
                0x00001216                . = ALIGN (0x2)
                0x00001216                _edata = .
                0x0000f456                PROVIDE (__data_load_start, LOADADDR (.data))
                0x00000116                PROVIDE (__data_size, SIZEOF (.data))

.bss            0x00001216     0x171e load address 0x0000f56c
                0x00001216                PROVIDE (__bss_start, .)
 *(.bss .bss.*)
 .bss           0x00001216        0x0 /usr/lib/gcc/msp430/4.6.3/mcpu-430x/mmpy-16/crt0ivtbl32.o
 .bss           0x00001216        0x2 udp-server-test.co
 .bss           0x00001218        0x4 obj_z1/contiki-z1-main.o
 .bss           0x0000121c        0x0 contiki-z1.a(contiki-z1-plat)
 .bss           0x0000121c        0x0 contiki-z1.a(msp430.o)
 .bss           0x0000121c        0x1 contiki-z1.a(leds.o)
 *fill*         0x0000121d        0x1 00
 .bss           0x0000121e        0x2 contiki-z1.a(watchdog.o)
 .bss           0x00001220        0x0 contiki-z1.a(xmem.o)
 .bss           0x00001220        0x2 contiki-z1.a(spi.o)
                0x00001220                spi_busy
 .bss           0x00001222        0xa contiki-z1.a(cc2420.o)
 .bss           0x0000122c        0x0 contiki-z1.a(cc2420-arch.o)
 .bss           0x0000122c        0x2 contiki-z1.a(node-id.o)
                0x0000122c                node_id
 .bss           0x0000122e        0x6 contiki-z1.a(sensors.o)
 .bss           0x00001234        0x8 contiki-z1.a(button-sensor.o)
 .bss           0x0000123c        0x4 contiki-z1.a(uart0.o)
 .bss           0x00001240        0x0 contiki-z1.a(uart0-putchar.o)
 .bss           0x00001240        0x0 contiki-z1.a(z1-sensors.o)
 .bss           0x00001240       0x16 contiki-z1.a(adxl345.o)
 .bss           0x00001256        0x1 contiki-z1.a(tmp102.o)
 *fill*         0x00001257        0x1 00
 .bss           0x00001258        0xa contiki-z1.a(clock.o)
 .bss           0x00001262        0x0 contiki-z1.a(leds-arch.o)
 .bss           0x00001262        0x0 contiki-z1.a(rtimer-arch.o)
 .bss           0x00001262        0x0 contiki-z1.a(autostart.o)
 .bss           0x00001262        0x4 contiki-z1.a(ctimer.o)
 .bss           0x00001266        0x0 contiki-z1.a(energest.o)
 .bss           0x00001266        0x6 contiki-z1.a(etimer.o)
 .bss           0x0000126c       0x38 contiki-z1.a(process.o)
                0x0000126c                process_current
                0x0000126e                process_list
 .bss           0x000012a4        0x2 contiki-z1.a(rtimer.o)
 .bss           0x000012a6        0x0 contiki-z1.a(timer.o)
 .bss           0x000012a6        0x0 contiki-z1.a(list.o)
 .bss           0x000012a6        0x0 contiki-z1.a(random.o)
 .bss           0x000012a6      0x6e6 contiki-z1.a(sicslowpan.o)
 .bss           0x0000198c        0xc contiki-z1.a(uip6.o)
                0x0000198c                uip_ext_opt_offset
                0x0000198e                uip_ext_len
                0x00001990                uip_ext_bitmap
 .bss           0x00001998       0x18 contiki-z1.a(uip-ds6.o)
 .bss           0x000019b0       0xb4 contiki-z1.a(uip-ds6-nbr.o)
 .bss           0x00001a64      0x1e6 contiki-z1.a(uip-ds6-route.o)
 .bss           0x00001c4a       0x14 contiki-z1.a(uip-icmp6.o)
 .bss           0x00001c5e        0x0 contiki-z1.a(uip-nd6.o)
 .bss           0x00001c5e       0x30 contiki-z1.a(tcpip.o)
 .bss           0x00001c8e        0x0 contiki-z1.a(uip-debug.o)
 .bss           0x00001c8e        0x2 contiki-z1.a(rpl.o)
 .bss           0x00001c90       0x3c contiki-z1.a(rpl-dag.o)
 .bss           0x00001ccc        0x0 contiki-z1.a(rpl-ext-header.)
 .bss           0x00001ccc        0x0 contiki-z1.a(rpl-icmp6.o)
 .bss           0x00001ccc        0x0 contiki-z1.a(rpl-mrhof.o)
 .bss           0x00001ccc       0x18 contiki-z1.a(rpl-timers.o)
 .bss           0x00001ce4        0x0 contiki-z1.a(linkaddr.o)
 .bss           0x00001ce4       0x64 contiki-z1.a(link-stats.o)
 .bss           0x00001d48       0x96 contiki-z1.a(nbr-table.o)
 .bss           0x00001dde       0x86 contiki-z1.a(packetbuf.o)
 .bss           0x00001e64      0x2d0 contiki-z1.a(queuebuf.o)
 .bss           0x00002134       0x88 contiki-z1.a(csma.o)
 .bss           0x000021bc        0x2 contiki-z1.a(framer-802154.o)
 .bss           0x000021be        0x0 contiki-z1.a(mac.o)
 .bss           0x000021be       0x2a contiki-z1.a(contikimac.o)
 .bss           0x000021e8        0x0 contiki-z1.a(nullsec.o)
 .bss           0x000021e8        0x4 contiki-z1.a(i2cmaster.o)
                0x000021e8                prescale_msb
 .bss           0x000021ec        0x0 contiki-z1.a(stimer.o)
 .bss           0x000021ec        0x0 contiki-z1.a(memb.o)
 .bss           0x000021ec       0x20 contiki-z1.a(rpl-nbr-policy.)
 .bss           0x0000220c        0x0 contiki-z1.a(frame802154.o)
 .bss           0x0000220c       0xe0 contiki-z1.a(mac-sequence.o)
 .bss           0x000022ec        0x0 /usr/lib/gcc/msp430/4.6.3/mcpu-430x/mmpy-16/libgcc.a(_mulsi3.o)
 .bss           0x000022ec        0x0 /usr/lib/gcc/msp430/4.6.3/mcpu-430x/mmpy-16/libgcc.a(_udivmod16.o)
 .bss           0x000022ec        0x0 /usr/lib/gcc/msp430/4.6.3/mcpu-430x/mmpy-16/libgcc.a(_divmod16.o)
 .bss           0x000022ec        0x0 /usr/lib/gcc/msp430/4.6.3/mcpu-430x/mmpy-16/libgcc.a(_udivmod32.o)
 .bss           0x000022ec        0x0 /usr/lib/gcc/msp430/4.6.3/mcpu-430x/mmpy-16/libgcc.a(_divmod32.o)
 .bss           0x000022ec        0x0 /usr/lib/gcc/msp430/4.6.3/../../../../msp430/lib/mcpu-430x/mmpy-16/libc.a(strncmp.o)
 .bss           0x000022ec        0x0 /usr/lib/gcc/msp430/4.6.3/../../../../msp430/lib/mcpu-430x/mmpy-16/libc.a(memcmp.o)
 .bss           0x000022ec        0x0 /usr/lib/gcc/msp430/4.6.3/../../../../msp430/lib/mcpu-430x/mmpy-16/libc.a(memcpy.o)
 .bss           0x000022ec        0x0 /usr/lib/gcc/msp430/4.6.3/../../../../msp430/lib/mcpu-430x/mmpy-16/libc.a(memmove.o)
 .bss           0x000022ec        0x0 /usr/lib/gcc/msp430/4.6.3/../../../../msp430/lib/mcpu-430x/mmpy-16/libc.a(memset.o)
 .bss           0x000022ec        0x0 /usr/lib/gcc/msp430/4.6.3/../../../../msp430/lib/mcpu-430x/mmpy-16/libc.a(printf.o)
 .bss           0x000022ec        0x0 /usr/lib/gcc/msp430/4.6.3/../../../../msp430/lib/mcpu-430x/mmpy-16/libc.a(vuprintf.o)
 .bss           0x000022ec        0x0 /usr/lib/gcc/msp430/4.6.3/../../../../msp430/lib/mcpu-430x/mmpy-16/libc.a(puts.o)
 .bss           0x000022ec        0x0 /usr/lib/gcc/msp430/4.6.3/../../../../msp430/lib/mcpu-430x/mmpy-16/libc.a(rand.o)
 .bss           0x000022ec        0x0 /usr/lib/gcc/msp430/4.6.3/mcpu-430x/mmpy-16/libgcc.a(_udivmod64.o)
 .bss           0x000022ec        0x0 /usr/lib/gcc/msp430/4.6.3/mcpu-430x/mmpy-16/libcrt0.a(_reset_vector__.o)
 .bss           0x000022ec        0x0 /usr/lib/gcc/msp430/4.6.3/mcpu-430x/mmpy-16/libcrt0.a(__watchdog_support.o)
 .bss           0x000022ec        0x0 /usr/lib/gcc/msp430/4.6.3/mcpu-430x/mmpy-16/libcrt0.a(__init_stack.o)
 .bss           0x000022ec        0x0 /usr/lib/gcc/msp430/4.6.3/mcpu-430x/mmpy-16/libcrt0.a(__low_level_init.o)
 .bss           0x000022ec        0x0 /usr/lib/gcc/msp430/4.6.3/mcpu-430x/mmpy-16/libcrt0.a(_copy_data.o)
 .bss           0x000022ec        0x0 /usr/lib/gcc/msp430/4.6.3/mcpu-430x/mmpy-16/libcrt0.a(_clear_bss.o)
 .bss           0x000022ec        0x0 /usr/lib/gcc/msp430/4.6.3/mcpu-430x/mmpy-16/libcrt0.a(__stop_progExec__.o)
 .bss           0x000022ec        0x0 /usr/lib/gcc/msp430/4.6.3/mcpu-430x/mmpy-16/libcrt0.a(_endless_loop__.o)
 .bss           0x000022ec        0x0 /usr/lib/gcc/msp430/4.6.3/mcpu-430x/mmpy-16/libcrt0.a(_unexpected_.o)
 *(COMMON)
 COMMON         0x000022ec        0x2 contiki-z1.a(msp430.o)
                0x000022ec                msp430_dco_required
 COMMON         0x000022ee       0x10 contiki-z1.a(cc2420.o)
                0x000022ee                cc2420_last_rssi
                0x000022f0                cc2420_sfd_start_time
                0x000022f2                cc2420_time_of_departure
                0x000022f4                cc2420_time_of_arrival
                0x000022f6                cc2420_last_correlation
                0x000022f8                cc2420_authority_level_of_sender
                0x000022fa                cc2420_sfd_counter
                0x000022fc                cc2420_sfd_end_time
 COMMON         0x000022fe        0x8 contiki-z1.a(node-id.o)
                0x000022fe                node_mac
 COMMON         0x00002306        0x1 contiki-z1.a(sensors.o)
                0x00002306                sensors_event
 *fill*         0x00002307        0x1 00
 COMMON         0x00002308        0x4 contiki-z1.a(z1-sensors.o)
                0x00002308                sensors_flags
 COMMON         0x0000230c        0x4 contiki-z1.a(adxl345.o)
                0x0000230c                accm_int2_cb
                0x0000230e                accm_int1_cb
 COMMON         0x00002310       0x56 contiki-z1.a(energest.o)
                0x00002310                energest_total_time
                0x00002340                energest_total_count
                0x00002342                energest_current_mode
                0x0000234e                energest_current_time
 COMMON         0x00002366        0x1 contiki-z1.a(process.o)
                0x00002366                process_maxevents
 *fill*         0x00002367        0x1 00
 COMMON         0x00002368      0x314 contiki-z1.a(uip6.o)
                0x00002368                uip_len
                0x0000236a                uip_sappdata
                0x0000236c                uip_acc32
                0x00002370                uip_lladdr
                0x00002378                uip_aligned_buf
                0x00002478                uip_flags
                0x0000247a                uip_next_hdr
                0x0000247c                uip_udp_conn
                0x0000247e                uip_appdata
                0x00002480                uip_conn
                0x00002482                uip_conns
                0x00002532                uip_listenports
                0x00002542                uip_slen
                0x00002544                uip_udp_conns
 COMMON         0x0000267c      0x15c contiki-z1.a(uip-ds6.o)
                0x0000267c                uip_ds6_timer_ra
                0x00002684                uip_ds6_if
                0x00002770                uip_ds6_netif_addr_list_offset
                0x00002771                uip_ds6_addr_size
                0x00002772                uip_ds6_prefix_list
                0x000027cc                uip_ds6_timer_periodic
 COMMON         0x000027d8        0x1 contiki-z1.a(tcpip.o)
                0x000027d8                tcpip_event
 *fill*         0x000027d9        0x1 00
 COMMON         0x000027da      0x100 contiki-z1.a(rpl-dag.o)
                0x000027da                default_instance
                0x000027dc                instance_table
 COMMON         0x000028da        0x8 contiki-z1.a(linkaddr.o)
                0x000028da                linkaddr_node_addr
 COMMON         0x000028e2       0x14 contiki-z1.a(link-stats.o)
                0x000028e2                periodic_timer
 COMMON         0x000028f6       0x2e contiki-z1.a(packetbuf.o)
                0x000028f6                packetbuf_addrs
                0x00002906                packetbuf_attrs
 COMMON         0x00002924       0x10 contiki-z1.a(i2cmaster.o)
                0x00002924                transmit_data1
                0x00002925                rx_byte_ctr
                0x00002926                tx_buf_ptr
                0x00002928                tx_byte_ctr
                0x0000292a                i
                0x0000292c                receive_data
                0x0000292e                rx_buf
                0x00002930                transmit_data2
                0x00002932                rx_buf_ptr
                0x00002934                . = ALIGN (0x2)
                0x00002934                PROVIDE (__bss_end, .)
                0x0000171e                PROVIDE (__bss_size, SIZEOF (.bss))

.noinit         0x00002934        0x2 load address 0x0000f56c
                0x00002934                PROVIDE (__noinit_start, .)
 *(.noinit .noinit.*)
 .noinit.crt0   0x00002934        0x2 /usr/lib/gcc/msp430/4.6.3/mcpu-430x/mmpy-16/libcrt0.a(__watchdog_support.o)
                0x00002934                __wdt_clear_value
                0x00002936                . = ALIGN (0x2)
                0x00002936                PROVIDE (__noinit_end, .)
                0x00002936                . = ALIGN (0x2)
                0x00002936                _end = .

.infomem        0x00001000        0x0
 *(.infomem)
                0x00001000                . = ALIGN (0x2)
 *(.infomem.*)

.infomemnobits  0x00001000        0x0
 *(.infomemnobits)
                0x00001000                . = ALIGN (0x2)
 *(.infomemnobits.*)

.infoa
 *(.infoa .infoa.*)

.infob
 *(.infob .infob.*)

.infoc
 *(.infoc .infoc.*)

.infod
 *(.infod .infod.*)

.vectors        0x0000ffc0       0x40
                0x0000ffc0                PROVIDE (__vectors_start, .)
 *(.vectors*)
 .vectors       0x0000ffc0       0x40 /usr/lib/gcc/msp430/4.6.3/mcpu-430x/mmpy-16/crt0ivtbl32.o
                0x0000ffc0                __ivtbl_32
                0x00010000                _vectors_end = .

.fartext        0x00010000        0x0
                0x00010000                . = ALIGN (0x2)
 *(.fartext)
                0x00010000                . = ALIGN (0x2)
 *(.fartext.*)
                0x00010000                _efartext = .

.profiler
 *(.profiler)

.stab           0x00000000    0x2bc8c
 *(.stab)
 .stab          0x00000000     0x1bb4 udp-server-test.co
 .stab          0x00001bb4     0x138c obj_z1/contiki-z1-main.o
                               0x1b6c (size before relaxing)
 .stab          0x00002f40      0x240 contiki-z1.a(contiki-z1-plat)
                                0x5a0 (size before relaxing)
 .stab          0x00003180      0x588 contiki-z1.a(msp430.o)
                                0x8dc (size before relaxing)
 .stab          0x00003708      0x5dc contiki-z1.a(leds.o)
                                0x828 (size before relaxing)
 .stab          0x00003ce4      0x3fc contiki-z1.a(watchdog.o)
                                0x750 (size before relaxing)
 .stab          0x000040e0      0x9fc contiki-z1.a(xmem.o)
                                0xf3c (size before relaxing)
 .stab          0x00004adc      0x288 contiki-z1.a(spi.o)
                                0x5dc (size before relaxing)
 .stab          0x00004d64     0x28bc contiki-z1.a(cc2420.o)
                               0x2fe8 (size before relaxing)
 .stab          0x00007620      0x720 contiki-z1.a(cc2420-arch.o)
                               0x16b0 (size before relaxing)
 .stab          0x00007d40      0x300 contiki-z1.a(node-id.o)
                                0x6d8 (size before relaxing)
 .stab          0x00008040      0x654 contiki-z1.a(sensors.o)
                                0xb70 (size before relaxing)
 .stab          0x00008694      0x468 contiki-z1.a(button-sensor.o)
                                0x7d4 (size before relaxing)
 .stab          0x00008afc      0x504 contiki-z1.a(uart0.o)
                                0xa38 (size before relaxing)
 .stab          0x00009000      0x234 contiki-z1.a(uart0-putchar.o)
                                0x588 (size before relaxing)
 .stab          0x00009234      0x234 contiki-z1.a(z1-sensors.o)
                                0x78c (size before relaxing)
 .stab          0x00009468      0xd2c contiki-z1.a(adxl345.o)
                               0x135c (size before relaxing)
 .stab          0x0000a194      0x81c contiki-z1.a(tmp102.o)
                                0xd74 (size before relaxing)
 .stab          0x0000a9b0      0x948 contiki-z1.a(clock.o)
                                0xc9c (size before relaxing)
 .stab          0x0000b2f8      0x3a8 contiki-z1.a(leds-arch.o)
                                0x6fc (size before relaxing)
 .stab          0x0000b6a0      0x3cc contiki-z1.a(rtimer-arch.o)
                                0x720 (size before relaxing)
 .stab          0x0000ba6c      0x294 contiki-z1.a(autostart.o)
                                0x534 (size before relaxing)
 .stab          0x0000bd00      0x858 contiki-z1.a(ctimer.o)
                                0xbc4 (size before relaxing)
 .stab          0x0000c558      0x474 contiki-z1.a(energest.o)
                                0x6fc (size before relaxing)
 .stab          0x0000c9cc      0xabc contiki-z1.a(etimer.o)
                                0xd8c (size before relaxing)
 .stab          0x0000d488      0xba0 contiki-z1.a(process.o)
                               0x1038 (size before relaxing)
 .stab          0x0000e028      0x3d8 contiki-z1.a(rtimer.o)
                                0x6c0 (size before relaxing)
 .stab          0x0000e400      0x354 contiki-z1.a(timer.o)
                                0x594 (size before relaxing)
 .stab          0x0000e754      0x7f8 contiki-z1.a(list.o)
                                0x804 (size before relaxing)
 .stab          0x0000ef4c      0x228 contiki-z1.a(random.o)
                                0x624 (size before relaxing)
 .stab          0x0000f174     0x294c contiki-z1.a(sicslowpan.o)
                               0x3318 (size before relaxing)
 .stab          0x00011ac0     0x2b14 contiki-z1.a(uip6.o)
                               0x3750 (size before relaxing)
 .stab          0x000145d4     0x1434 contiki-z1.a(uip-ds6.o)
                               0x210c (size before relaxing)
 .stab          0x00015a08      0xc9c contiki-z1.a(uip-ds6-nbr.o)
                               0x15a8 (size before relaxing)
 .stab          0x000166a4     0x132c contiki-z1.a(uip-ds6-route.o)
                               0x1f44 (size before relaxing)
 .stab          0x000179d0      0xbdc contiki-z1.a(uip-icmp6.o)
                               0x18d8 (size before relaxing)
 .stab          0x000185ac      0x5a0 contiki-z1.a(uip-nd6.o)
                               0x120c (size before relaxing)
 .stab          0x00018b4c     0x13ec contiki-z1.a(tcpip.o)
                               0x2700 (size before relaxing)
 .stab          0x00019f38      0x3d8 contiki-z1.a(uip-debug.o)
                                0xbac (size before relaxing)
 .stab          0x0001a310      0xb4c contiki-z1.a(rpl.o)
                               0x1968 (size before relaxing)
 .stab          0x0001ae5c     0x36c0 contiki-z1.a(rpl-dag.o)
                               0x4374 (size before relaxing)
 .stab          0x0001e51c      0xa38 contiki-z1.a(rpl-ext-header.)
                               0x1848 (size before relaxing)
 .stab          0x0001ef54     0x1a40 contiki-z1.a(rpl-icmp6.o)
                               0x2898 (size before relaxing)
 .stab          0x00020994      0x9d8 contiki-z1.a(rpl-mrhof.o)
                               0x17ac (size before relaxing)
 .stab          0x0002136c      0xfc0 contiki-z1.a(rpl-timers.o)
                               0x1d94 (size before relaxing)
 .stab          0x0002232c      0x2c4 contiki-z1.a(linkaddr.o)
                                0x6c0 (size before relaxing)
 .stab          0x000225f0      0x7d4 contiki-z1.a(link-stats.o)
                               0x11a0 (size before relaxing)
 .stab          0x00022dc4      0xfd8 contiki-z1.a(nbr-table.o)
                               0x1944 (size before relaxing)
 .stab          0x00023d9c      0xc18 contiki-z1.a(packetbuf.o)
                               0x1d4c (size before relaxing)
 .stab          0x000249b4      0xaa4 contiki-z1.a(queuebuf.o)
                               0x1bc0 (size before relaxing)
 .stab          0x00025458     0x111c contiki-z1.a(csma.o)
                               0x1644 (size before relaxing)
 .stab          0x00026574      0x90c contiki-z1.a(framer-802154.o)
                                0xf18 (size before relaxing)
 .stab          0x00026e80      0x1f8 contiki-z1.a(mac.o)
                                0x4ec (size before relaxing)
 .stab          0x00027078     0x1644 contiki-z1.a(contikimac.o)
                               0x21e4 (size before relaxing)
 .stab          0x000286bc      0x3c0 contiki-z1.a(nullsec.o)
                                0xcf0 (size before relaxing)
 .stab          0x00028a7c      0x894 contiki-z1.a(i2cmaster.o)
                                0xbe8 (size before relaxing)
 .stab          0x00029310      0x3c0 contiki-z1.a(stimer.o)
                                0x600 (size before relaxing)
 .stab          0x000296d0      0x5c4 contiki-z1.a(memb.o)
                                0xaf8 (size before relaxing)
 .stab          0x00029c94      0x96c contiki-z1.a(rpl-nbr-policy.)
                               0x1734 (size before relaxing)
 .stab          0x0002a600      0xffc contiki-z1.a(frame802154.o)
                               0x17e8 (size before relaxing)
 .stab          0x0002b5fc      0x690 contiki-z1.a(mac-sequence.o)
                               0x17c4 (size before relaxing)

.stabstr        0x00000000    0x1fcf1
 *(.stabstr)
 .stabstr       0x00000000    0x1fcf1 udp-server-test.co

.stab.excl
 *(.stab.excl)

.stab.exclstr
 *(.stab.exclstr)

.stab.index
 *(.stab.index)

.stab.indexstr
 *(.stab.indexstr)

.comment
 *(.comment)

.debug
 *(.debug)

.line
 *(.line)

.debug_srcinfo
 *(.debug_srcinfo)

.debug_sfnames
 *(.debug_sfnames)

.debug_aranges  0x00000000      0x1a4
 *(.debug_aranges)
 .debug_aranges
                0x00000000       0x14 /usr/lib/gcc/msp430/4.6.3/mcpu-430x/mmpy-16/libgcc.a(_mulsi3.o)
 .debug_aranges
                0x00000014       0x14 /usr/lib/gcc/msp430/4.6.3/mcpu-430x/mmpy-16/libgcc.a(_udivmod16.o)
 .debug_aranges
                0x00000028       0x14 /usr/lib/gcc/msp430/4.6.3/mcpu-430x/mmpy-16/libgcc.a(_divmod16.o)
 .debug_aranges
                0x0000003c       0x14 /usr/lib/gcc/msp430/4.6.3/mcpu-430x/mmpy-16/libgcc.a(_udivmod32.o)
 .debug_aranges
                0x00000050       0x14 /usr/lib/gcc/msp430/4.6.3/mcpu-430x/mmpy-16/libgcc.a(_divmod32.o)
 .debug_aranges
                0x00000064       0x14 /usr/lib/gcc/msp430/4.6.3/../../../../msp430/lib/mcpu-430x/mmpy-16/libc.a(strncmp.o)
 .debug_aranges
                0x00000078       0x14 /usr/lib/gcc/msp430/4.6.3/../../../../msp430/lib/mcpu-430x/mmpy-16/libc.a(memcmp.o)
 .debug_aranges
                0x0000008c       0x14 /usr/lib/gcc/msp430/4.6.3/../../../../msp430/lib/mcpu-430x/mmpy-16/libc.a(memcpy.o)
 .debug_aranges
                0x000000a0       0x14 /usr/lib/gcc/msp430/4.6.3/../../../../msp430/lib/mcpu-430x/mmpy-16/libc.a(memmove.o)
 .debug_aranges
                0x000000b4       0x14 /usr/lib/gcc/msp430/4.6.3/../../../../msp430/lib/mcpu-430x/mmpy-16/libc.a(memset.o)
 .debug_aranges
                0x000000c8       0x14 /usr/lib/gcc/msp430/4.6.3/../../../../msp430/lib/mcpu-430x/mmpy-16/libc.a(printf.o)
 .debug_aranges
                0x000000dc       0x14 /usr/lib/gcc/msp430/4.6.3/../../../../msp430/lib/mcpu-430x/mmpy-16/libc.a(vuprintf.o)
 .debug_aranges
                0x000000f0       0x14 /usr/lib/gcc/msp430/4.6.3/../../../../msp430/lib/mcpu-430x/mmpy-16/libc.a(puts.o)
 .debug_aranges
                0x00000104       0x14 /usr/lib/gcc/msp430/4.6.3/../../../../msp430/lib/mcpu-430x/mmpy-16/libc.a(rand.o)
 .debug_aranges
                0x00000118       0x14 /usr/lib/gcc/msp430/4.6.3/mcpu-430x/mmpy-16/libgcc.a(_udivmod64.o)
 .debug_aranges
                0x0000012c       0x14 /usr/lib/gcc/msp430/4.6.3/mcpu-430x/mmpy-16/libcrt0.a(__watchdog_support.o)
 .debug_aranges
                0x00000140       0x14 /usr/lib/gcc/msp430/4.6.3/mcpu-430x/mmpy-16/libcrt0.a(__init_stack.o)
 .debug_aranges
                0x00000154       0x14 /usr/lib/gcc/msp430/4.6.3/mcpu-430x/mmpy-16/libcrt0.a(_copy_data.o)
 .debug_aranges
                0x00000168       0x14 /usr/lib/gcc/msp430/4.6.3/mcpu-430x/mmpy-16/libcrt0.a(_clear_bss.o)
 .debug_aranges
                0x0000017c       0x14 /usr/lib/gcc/msp430/4.6.3/mcpu-430x/mmpy-16/libcrt0.a(_endless_loop__.o)
 .debug_aranges
                0x00000190       0x14 /usr/lib/gcc/msp430/4.6.3/mcpu-430x/mmpy-16/libcrt0.a(_unexpected_.o)

.debug_pubnames
 *(.debug_pubnames)

.debug_info     0x00000000     0x1696
 *(.debug_info)
 .debug_info    0x00000000       0xe0 /usr/lib/gcc/msp430/4.6.3/mcpu-430x/mmpy-16/libgcc.a(_mulsi3.o)
 .debug_info    0x000000e0       0xe0 /usr/lib/gcc/msp430/4.6.3/mcpu-430x/mmpy-16/libgcc.a(_udivmod16.o)
 .debug_info    0x000001c0       0xe0 /usr/lib/gcc/msp430/4.6.3/mcpu-430x/mmpy-16/libgcc.a(_divmod16.o)
 .debug_info    0x000002a0       0xe0 /usr/lib/gcc/msp430/4.6.3/mcpu-430x/mmpy-16/libgcc.a(_udivmod32.o)
 .debug_info    0x00000380       0xe0 /usr/lib/gcc/msp430/4.6.3/mcpu-430x/mmpy-16/libgcc.a(_divmod32.o)
 .debug_info    0x00000460       0xbb /usr/lib/gcc/msp430/4.6.3/../../../../msp430/lib/mcpu-430x/mmpy-16/libc.a(strncmp.o)
 .debug_info    0x0000051b       0xe8 /usr/lib/gcc/msp430/4.6.3/../../../../msp430/lib/mcpu-430x/mmpy-16/libc.a(memcmp.o)
 .debug_info    0x00000603      0x113 /usr/lib/gcc/msp430/4.6.3/../../../../msp430/lib/mcpu-430x/mmpy-16/libc.a(memcpy.o)
 .debug_info    0x00000716      0x113 /usr/lib/gcc/msp430/4.6.3/../../../../msp430/lib/mcpu-430x/mmpy-16/libc.a(memmove.o)
 .debug_info    0x00000829       0xfe /usr/lib/gcc/msp430/4.6.3/../../../../msp430/lib/mcpu-430x/mmpy-16/libc.a(memset.o)
 .debug_info    0x00000927      0x105 /usr/lib/gcc/msp430/4.6.3/../../../../msp430/lib/mcpu-430x/mmpy-16/libc.a(printf.o)
 .debug_info    0x00000a2c      0x565 /usr/lib/gcc/msp430/4.6.3/../../../../msp430/lib/mcpu-430x/mmpy-16/libc.a(vuprintf.o)
 .debug_info    0x00000f91       0x96 /usr/lib/gcc/msp430/4.6.3/../../../../msp430/lib/mcpu-430x/mmpy-16/libc.a(puts.o)
 .debug_info    0x00001027      0x13f /usr/lib/gcc/msp430/4.6.3/../../../../msp430/lib/mcpu-430x/mmpy-16/libc.a(rand.o)
 .debug_info    0x00001166       0xe0 /usr/lib/gcc/msp430/4.6.3/mcpu-430x/mmpy-16/libgcc.a(_udivmod64.o)
 .debug_info    0x00001246       0xb8 /usr/lib/gcc/msp430/4.6.3/mcpu-430x/mmpy-16/libcrt0.a(__watchdog_support.o)
 .debug_info    0x000012fe       0xb8 /usr/lib/gcc/msp430/4.6.3/mcpu-430x/mmpy-16/libcrt0.a(__init_stack.o)
 .debug_info    0x000013b6       0xb8 /usr/lib/gcc/msp430/4.6.3/mcpu-430x/mmpy-16/libcrt0.a(_copy_data.o)
 .debug_info    0x0000146e       0xb8 /usr/lib/gcc/msp430/4.6.3/mcpu-430x/mmpy-16/libcrt0.a(_clear_bss.o)
 .debug_info    0x00001526       0xb8 /usr/lib/gcc/msp430/4.6.3/mcpu-430x/mmpy-16/libcrt0.a(_endless_loop__.o)
 .debug_info    0x000015de       0xb8 /usr/lib/gcc/msp430/4.6.3/mcpu-430x/mmpy-16/libcrt0.a(_unexpected_.o)
 *(.gnu.linkonce.wi.*)

.debug_abbrev   0x00000000      0x7e0
 *(.debug_abbrev)
 .debug_abbrev  0x00000000       0x14 /usr/lib/gcc/msp430/4.6.3/mcpu-430x/mmpy-16/libgcc.a(_mulsi3.o)
 .debug_abbrev  0x00000014       0x14 /usr/lib/gcc/msp430/4.6.3/mcpu-430x/mmpy-16/libgcc.a(_udivmod16.o)
 .debug_abbrev  0x00000028       0x14 /usr/lib/gcc/msp430/4.6.3/mcpu-430x/mmpy-16/libgcc.a(_divmod16.o)
 .debug_abbrev  0x0000003c       0x14 /usr/lib/gcc/msp430/4.6.3/mcpu-430x/mmpy-16/libgcc.a(_udivmod32.o)
 .debug_abbrev  0x00000050       0x14 /usr/lib/gcc/msp430/4.6.3/mcpu-430x/mmpy-16/libgcc.a(_divmod32.o)
 .debug_abbrev  0x00000064       0x7c /usr/lib/gcc/msp430/4.6.3/../../../../msp430/lib/mcpu-430x/mmpy-16/libc.a(strncmp.o)
 .debug_abbrev  0x000000e0       0x9b /usr/lib/gcc/msp430/4.6.3/../../../../msp430/lib/mcpu-430x/mmpy-16/libc.a(memcmp.o)
 .debug_abbrev  0x0000017b       0x97 /usr/lib/gcc/msp430/4.6.3/../../../../msp430/lib/mcpu-430x/mmpy-16/libc.a(memcpy.o)
 .debug_abbrev  0x00000212       0x97 /usr/lib/gcc/msp430/4.6.3/../../../../msp430/lib/mcpu-430x/mmpy-16/libc.a(memmove.o)
 .debug_abbrev  0x000002a9       0x9c /usr/lib/gcc/msp430/4.6.3/../../../../msp430/lib/mcpu-430x/mmpy-16/libc.a(memset.o)
 .debug_abbrev  0x00000345       0xd0 /usr/lib/gcc/msp430/4.6.3/../../../../msp430/lib/mcpu-430x/mmpy-16/libc.a(printf.o)
 .debug_abbrev  0x00000415      0x1ef /usr/lib/gcc/msp430/4.6.3/../../../../msp430/lib/mcpu-430x/mmpy-16/libc.a(vuprintf.o)
 .debug_abbrev  0x00000604       0x60 /usr/lib/gcc/msp430/4.6.3/../../../../msp430/lib/mcpu-430x/mmpy-16/libc.a(puts.o)
 .debug_abbrev  0x00000664       0xf0 /usr/lib/gcc/msp430/4.6.3/../../../../msp430/lib/mcpu-430x/mmpy-16/libc.a(rand.o)
 .debug_abbrev  0x00000754       0x14 /usr/lib/gcc/msp430/4.6.3/mcpu-430x/mmpy-16/libgcc.a(_udivmod64.o)
 .debug_abbrev  0x00000768       0x14 /usr/lib/gcc/msp430/4.6.3/mcpu-430x/mmpy-16/libcrt0.a(__watchdog_support.o)
 .debug_abbrev  0x0000077c       0x14 /usr/lib/gcc/msp430/4.6.3/mcpu-430x/mmpy-16/libcrt0.a(__init_stack.o)
 .debug_abbrev  0x00000790       0x14 /usr/lib/gcc/msp430/4.6.3/mcpu-430x/mmpy-16/libcrt0.a(_copy_data.o)
 .debug_abbrev  0x000007a4       0x14 /usr/lib/gcc/msp430/4.6.3/mcpu-430x/mmpy-16/libcrt0.a(_clear_bss.o)
 .debug_abbrev  0x000007b8       0x14 /usr/lib/gcc/msp430/4.6.3/mcpu-430x/mmpy-16/libcrt0.a(_endless_loop__.o)
 .debug_abbrev  0x000007cc       0x14 /usr/lib/gcc/msp430/4.6.3/mcpu-430x/mmpy-16/libcrt0.a(_unexpected_.o)

.debug_line     0x00000000      0xe8a
 *(.debug_line)
 .debug_line    0x00000000       0xa2 /usr/lib/gcc/msp430/4.6.3/mcpu-430x/mmpy-16/libgcc.a(_mulsi3.o)
 .debug_line    0x000000a2       0x9c /usr/lib/gcc/msp430/4.6.3/mcpu-430x/mmpy-16/libgcc.a(_udivmod16.o)
 .debug_line    0x0000013e       0xa7 /usr/lib/gcc/msp430/4.6.3/mcpu-430x/mmpy-16/libgcc.a(_divmod16.o)
 .debug_line    0x000001e5       0xa7 /usr/lib/gcc/msp430/4.6.3/mcpu-430x/mmpy-16/libgcc.a(_udivmod32.o)
 .debug_line    0x0000028c       0xb0 /usr/lib/gcc/msp430/4.6.3/mcpu-430x/mmpy-16/libgcc.a(_divmod32.o)
 .debug_line    0x0000033c       0x75 /usr/lib/gcc/msp430/4.6.3/../../../../msp430/lib/mcpu-430x/mmpy-16/libc.a(strncmp.o)
 .debug_line    0x000003b1       0x73 /usr/lib/gcc/msp430/4.6.3/../../../../msp430/lib/mcpu-430x/mmpy-16/libc.a(memcmp.o)
 .debug_line    0x00000424       0xe9 /usr/lib/gcc/msp430/4.6.3/../../../../msp430/lib/mcpu-430x/mmpy-16/libc.a(memcpy.o)
 .debug_line    0x0000050d       0xe9 /usr/lib/gcc/msp430/4.6.3/../../../../msp430/lib/mcpu-430x/mmpy-16/libc.a(memmove.o)
 .debug_line    0x000005f6       0xc8 /usr/lib/gcc/msp430/4.6.3/../../../../msp430/lib/mcpu-430x/mmpy-16/libc.a(memset.o)
 .debug_line    0x000006be       0x72 /usr/lib/gcc/msp430/4.6.3/../../../../msp430/lib/mcpu-430x/mmpy-16/libc.a(printf.o)
 .debug_line    0x00000730      0x2ce /usr/lib/gcc/msp430/4.6.3/../../../../msp430/lib/mcpu-430x/mmpy-16/libc.a(vuprintf.o)
 .debug_line    0x000009fe       0x4d /usr/lib/gcc/msp430/4.6.3/../../../../msp430/lib/mcpu-430x/mmpy-16/libc.a(puts.o)
 .debug_line    0x00000a4b       0x4f /usr/lib/gcc/msp430/4.6.3/../../../../msp430/lib/mcpu-430x/mmpy-16/libc.a(rand.o)
 .debug_line    0x00000a9a       0xd5 /usr/lib/gcc/msp430/4.6.3/mcpu-430x/mmpy-16/libgcc.a(_udivmod64.o)
 .debug_line    0x00000b6f       0x84 /usr/lib/gcc/msp430/4.6.3/mcpu-430x/mmpy-16/libcrt0.a(__watchdog_support.o)
 .debug_line    0x00000bf3       0x82 /usr/lib/gcc/msp430/4.6.3/mcpu-430x/mmpy-16/libcrt0.a(__init_stack.o)
 .debug_line    0x00000c75       0x88 /usr/lib/gcc/msp430/4.6.3/mcpu-430x/mmpy-16/libcrt0.a(_copy_data.o)
 .debug_line    0x00000cfd       0x88 /usr/lib/gcc/msp430/4.6.3/mcpu-430x/mmpy-16/libcrt0.a(_clear_bss.o)
 .debug_line    0x00000d85       0x83 /usr/lib/gcc/msp430/4.6.3/mcpu-430x/mmpy-16/libcrt0.a(_endless_loop__.o)
 .debug_line    0x00000e08       0x82 /usr/lib/gcc/msp430/4.6.3/mcpu-430x/mmpy-16/libcrt0.a(_unexpected_.o)

.debug_frame    0x00000000      0x1d8
 *(.debug_frame)
 .debug_frame   0x00000000       0x24 /usr/lib/gcc/msp430/4.6.3/../../../../msp430/lib/mcpu-430x/mmpy-16/libc.a(strncmp.o)
 .debug_frame   0x00000024       0x24 /usr/lib/gcc/msp430/4.6.3/../../../../msp430/lib/mcpu-430x/mmpy-16/libc.a(memcmp.o)
 .debug_frame   0x00000048       0x2c /usr/lib/gcc/msp430/4.6.3/../../../../msp430/lib/mcpu-430x/mmpy-16/libc.a(memcpy.o)
 .debug_frame   0x00000074       0x2c /usr/lib/gcc/msp430/4.6.3/../../../../msp430/lib/mcpu-430x/mmpy-16/libc.a(memmove.o)
 .debug_frame   0x000000a0       0x2a /usr/lib/gcc/msp430/4.6.3/../../../../msp430/lib/mcpu-430x/mmpy-16/libc.a(memset.o)
 .debug_frame   0x000000ca       0x2a /usr/lib/gcc/msp430/4.6.3/../../../../msp430/lib/mcpu-430x/mmpy-16/libc.a(printf.o)
 .debug_frame   0x000000f4       0x84 /usr/lib/gcc/msp430/4.6.3/../../../../msp430/lib/mcpu-430x/mmpy-16/libc.a(vuprintf.o)
 .debug_frame   0x00000178       0x24 /usr/lib/gcc/msp430/4.6.3/../../../../msp430/lib/mcpu-430x/mmpy-16/libc.a(puts.o)